[    4547ms] [INFO] %cDownload the React DevTools for a better development experience: https://react.dev/link/react-devtools font-weight:bold @ http://localhost:5477/node_modules/.vite/deps/react-dom_client.js?v=ef40c7eb:14335
[    5139ms] [WARNING] [Twilight] Could not hydrate twilight context: no root match in router state @ http://localhost:5477/@vite/client:532
[    5909ms] Error: Hydration failed because the server rendered HTML didn't match the client. As a result this tree will be regenerated on the client. This can happen if a SSR-ed Client Component used:

- A server/client branch `if (typeof window !== 'undefined')`.
- Variable input such as `Date.now()` or `Math.random()` which changes each time it's called.
- Date formatting in a user's locale which doesn't match the server.
- External changing data without sending a snapshot of it along with the HTML.
- Invalid HTML tag nesting.

It can also happen if the client has a browser extension installed which messes with the HTML before React loaded.

https://react.dev/link/hydration-mismatch

  ...
    <QueryClientProvider client={{}}>
      <Matches>
        <Transitioner>
        <SafeFragment fallback={<Context>}>
          <MatchesInner>
            <CatchBoundary getResetKey={function getResetKey} onCatch={function}>
              <MatchImpl routeId="__root__">
                <MatchView router={{...}} match={{id:"__root__/", ...}}>
                  <RootComponent>
                    <html lang="ar" dir="rtl" suppressHydrationWarning={true}>
                      <head>
                        <meta>
                        <meta>
                        <meta>
                        <HeadContent>
                          <Asset>
                          <Asset>
                          <Asset>
                          <Asset>
                          <Asset>
                          <Asset>
                          <Asset>
                          <Asset>
                          <Asset>
                          <Asset>
                          <Asset>
                          <Asset>
                          <Asset>
                          <Asset>
                          <Asset>
                          <Asset>
                          <Asset>
                          <Asset>
                          <Asset>
                          <Asset>
                          <Asset>
                          <Asset>
                          <Asset>
                          <Asset>
                          <Asset>
                          <Asset>
                          <Asset>
                          <Asset>
                          <Asset>
                          <Asset>
                          <Asset>
                          <Asset>
                          <Asset>
                          <Asset>
                          <Asset>
                          <Asset tag="style" attrs={{id:"twilig...", ...}} nonce={undefined}>
                            <style
+                             id="twilight-loading"
-                             id={null}
                              nonce={undefined}
                              dangerouslySetInnerHTML={{
+                               __html: ".loading-overlay{position:fixed;inset:0;display:flex;align-items:center;justi..."
-                               __html: "salla-mini-checkout-modal,salla-mini-checkout-widget{visibility:hidden}.hydra..."
                              }}
-                             data-styles=""
                            >
                          ...
                      ...
                        <NavigationProvider navigate={function}>
                          <LinkProvider adapter={{...}}>
                            <WidgetHead>
                            <AppsSnippets>
                              <script
+                               src="https://cdn.portal.files.salla.network/snippets/prod/691365818/634884746.js"
-                               src={null}
+                               defer={true}
-                               defer={null}
+                               data-scope-id="1496036480"
-                               data-scope-id={null}
+                               data-snippet-id="13609"
-                               data-snippet-id={null}
-                               type="application/ld+json"
                              >
-                               {"{\"@context\":\"https://schema.org\",\"@graph\":[{\"@type\":\"Organization\",\"@id..."}
                            ...

    at throwOnHydrationMismatch (http://localhost:5477/node_modules/.vite/deps/react-dom_client.js?v=ef40c7eb:2968:51)
    at popHydrationState (http://localhost:5477/node_modules/.vite/deps/react-dom_client.js?v=ef40c7eb:3051:5)
    at completeWork (http://localhost:5477/node_modules/.vite/deps/react-dom_client.js?v=ef40c7eb:6332:11)
    at runWithFiberInDEV (http://localhost:5477/node_modules/.vite/deps/react-dom_client.js?v=ef40c7eb:851:66)
    at completeUnitOfWork (http://localhost:5477/node_modules/.vite/deps/react-dom_client.js?v=ef40c7eb:8492:15)
    at performUnitOfWork (http://localhost:5477/node_modules/.vite/deps/react-dom_client.js?v=ef40c7eb:8431:23)
    at workLoopConcurrentByScheduler (http://localhost:5477/node_modules/.vite/deps/react-dom_client.js?v=ef40c7eb:8425:55)
    at renderRootConcurrent (http://localhost:5477/node_modules/.vite/deps/react-dom_client.js?v=ef40c7eb:8408:64)
    at performWorkOnRoot (http://localhost:5477/node_modules/.vite/deps/react-dom_client.js?v=ef40c7eb:7957:145)
    at performWorkOnRootViaSchedulerTask (http://localhost:5477/node_modules/.vite/deps/react-dom_client.js?v=ef40c7eb:9059:4)
[    5636ms] [LOG] allowed_pages: [thank-you] @ :10
[    5637ms] [LOG] title: شاهدتها مؤخرا @ :11
[    5637ms] [LOG] limit: 32 @ :12
[    5987ms] [ERROR] Access to fetch at 'https://api.salla.dev/store/v1/menus/footer?lang=ar' from origin 'http://localhost:5477' has been blocked by CORS policy: Response to preflight request doesn't pass access control check: It does not have HTTP ok status. @ http://localhost:5477/optimal-x/ar/p1996831868:0
[    5987ms] [ERROR] Failed to load resource: net::ERR_FAILED @ https://api.salla.dev/store/v1/menus/footer?lang=ar:0
[    6437ms] [ERROR] Access to fetch at 'https://api.salla.dev/store/v1/menus/footer?lang=ar' from origin 'http://localhost:5477' has been blocked by CORS policy: Response to preflight request doesn't pass access control check: It does not have HTTP ok status. @ http://localhost:5477/optimal-x/ar/p1996831868:0
[    6437ms] [ERROR] Failed to load resource: net::ERR_FAILED @ https://api.salla.dev/store/v1/menus/footer?lang=ar:0
[    7338ms] [ERROR] Access to fetch at 'https://api.salla.dev/store/v1/menus/footer?lang=ar' from origin 'http://localhost:5477' has been blocked by CORS policy: Response to preflight request doesn't pass access control check: It does not have HTTP ok status. @ http://localhost:5477/optimal-x/ar/p1996831868:0
[    7338ms] [ERROR] Failed to load resource: net::ERR_FAILED @ https://api.salla.dev/store/v1/menus/footer?lang=ar:0
[    8445ms] [ERROR] Access to fetch at 'https://api.salla.dev/store/v1/menus/footer?lang=ar' from origin 'http://localhost:5477' has been blocked by CORS policy: Response to preflight request doesn't pass access control check: It does not have HTTP ok status. @ http://localhost:5477/optimal-x/ar/p1996831868:0
[    8445ms] [ERROR] Failed to load resource: net::ERR_FAILED @ https://api.salla.dev/store/v1/menus/footer?lang=ar:0
[    8864ms] [ERROR] Access to fetch at 'https://api.salla.dev/store/v1/menus/footer?lang=ar' from origin 'http://localhost:5477' has been blocked by CORS policy: Response to preflight request doesn't pass access control check: It does not have HTTP ok status. @ http://localhost:5477/optimal-x/ar/p1996831868:0
[    8864ms] [ERROR] Failed to load resource: net::ERR_FAILED @ https://api.salla.dev/store/v1/menus/footer?lang=ar:0
[    9583ms] [ERROR] Access to fetch at 'https://api.salla.dev/store/v1/menus/footer?lang=ar' from origin 'http://localhost:5477' has been blocked by CORS policy: Response to preflight request doesn't pass access control check: It does not have HTTP ok status. @ http://localhost:5477/optimal-x/ar/p1996831868:0
[    9583ms] [ERROR] Failed to load resource: net::ERR_FAILED @ https://api.salla.dev/store/v1/menus/footer?lang=ar:0
[   12590ms] [WARNING] The resource https://cdn.assets.salla.network/themes/customization/1888890798/1298199463/499745075.js?v=17898351681 was preloaded using link preload but not used within a few seconds from the window's load event. Please make sure it has an appropriate `as` value and it is preloaded intentionally. @ http://localhost:5477/optimal-x/ar/p1996831868:0
[  343076ms] [WARNING] The resource https://cdn.assets.salla.network/themes/customization/1888890798/1298199463/499745075.js?v=17898351681 was preloaded using link preload but not used within a few seconds from the window's load event. Please make sure it has an appropriate `as` value and it is preloaded intentionally. @ http://localhost:5477/optimal-x/ar/p1996831868:0
[  365323ms] [WARNING] The resource https://cdn.assets.salla.network/themes/customization/1888890798/1298199463/499745075.js?v=17898351681 was preloaded using link preload but not used within a few seconds from the window's load event. Please make sure it has an appropriate `as` value and it is preloaded intentionally. @ http://localhost:5477/optimal-x/ar/p1996831868:0
[  437966ms] [WARNING] The resource https://cdn.assets.salla.network/themes/customization/1888890798/1298199463/499745075.js?v=17898351681 was preloaded using link preload but not used within a few seconds from the window's load event. Please make sure it has an appropriate `as` value and it is preloaded intentionally. @ http://localhost:5477/optimal-x/ar/p1996831868:0
[  451010ms] [WARNING] The resource https://cdn.assets.salla.network/themes/customization/1888890798/1298199463/499745075.js?v=17898351681 was preloaded using link preload but not used within a few seconds from the window's load event. Please make sure it has an appropriate `as` value and it is preloaded intentionally. @ http://localhost:5477/optimal-x/ar/p1996831868:0
[  463386ms] [WARNING] The resource https://cdn.assets.salla.network/themes/customization/1888890798/1298199463/499745075.js?v=17898351681 was preloaded using link preload but not used within a few seconds from the window's load event. Please make sure it has an appropriate `as` value and it is preloaded intentionally. @ http://localhost:5477/optimal-x/ar/p1996831868:0
