[    2495ms] [LOG] allowed_pages: [thank-you] @ :10
[    2497ms] [LOG] title: شاهدتها مؤخرا @ :11
[    2497ms] [LOG] limit: 32 @ :12
[    2882ms] [LOG] [HomeComponentRenderer] MOUNT: path=ox-hero, index=0, renderCount=1 @ http://localhost:5482/assets/chunk-WITIL2MK-CmviYLdO.js:1
[    2882ms] [LOG] [HomeComponentRenderer] MOUNT: path=ox-trust-strip, index=1, renderCount=1 @ http://localhost:5482/assets/chunk-WITIL2MK-CmviYLdO.js:1
[    2882ms] [LOG] [HomeComponentRenderer] MOUNT: path=ox-goals, index=2, renderCount=1 @ http://localhost:5482/assets/chunk-WITIL2MK-CmviYLdO.js:1
[    2883ms] [LOG] [HomeComponentRenderer] MOUNT: path=ox-categories, index=3, renderCount=1 @ http://localhost:5482/assets/chunk-WITIL2MK-CmviYLdO.js:1
[    2883ms] [LOG] [HomeComponentRenderer] MOUNT: path=ox-products, index=4, renderCount=1 @ http://localhost:5482/assets/chunk-WITIL2MK-CmviYLdO.js:1
[    2883ms] [LOG] [HomeComponentRenderer] MOUNT: path=ox-brands, index=5, renderCount=1 @ http://localhost:5482/assets/chunk-WITIL2MK-CmviYLdO.js:1
[    2883ms] [LOG] [HomeComponentRenderer] MOUNT: path=ox-services, index=6, renderCount=1 @ http://localhost:5482/assets/chunk-WITIL2MK-CmviYLdO.js:1
[    2884ms] [LOG] [HomeComponentRenderer] MOUNT: path=ox-guides, index=7, renderCount=1 @ http://localhost:5482/assets/chunk-WITIL2MK-CmviYLdO.js:1
[    2884ms] [LOG] [HomeComponentRenderer] MOUNT: path=ox-branch, index=8, renderCount=1 @ http://localhost:5482/assets/chunk-WITIL2MK-CmviYLdO.js:1
[    2884ms] [LOG] [HomeComponentRenderer] MOUNT: path=ox-faq, index=9, renderCount=1 @ http://localhost:5482/assets/chunk-WITIL2MK-CmviYLdO.js:1
[    2885ms] [LOG] [HomeComponentRenderer] MOUNT: path=ox-newsletter, index=10, renderCount=1 @ http://localhost:5482/assets/chunk-WITIL2MK-CmviYLdO.js:1
[    2885ms] [LOG] [HomeComponentRenderer] MOUNT: path=ox-banner, index=11, renderCount=1 @ http://localhost:5482/assets/chunk-WITIL2MK-CmviYLdO.js:1
[   72796ms] [ERROR] Failed to load resource: the server responded with a status of 403 () @ https://api.salla.dev/store/v1/blog:0
[   72801ms] [ERROR] Failed to load resource: the server responded with a status of 410 () @ https://api.salla.dev/store/v1/products/487045117/details?with[]=images&with[]=category&with[]=rating&with[]=notify_availability&with[]=tags&with[]=brand&with[]=options&with[]=skus&with[]=skus_availability&with[]=included_products&with[]=bundle&with[]=sold_quantity:0
[   72808ms] [ERROR] Failed to load resource: the server responded with a status of 410 () @ https://api.salla.dev/store/v1/products/1051830221/details?with[]=images&with[]=category&with[]=rating&with[]=notify_availability&with[]=tags&with[]=brand&with[]=options&with[]=skus&with[]=skus_availability&with[]=included_products&with[]=bundle&with[]=sold_quantity:0
[   72827ms] [ERROR] Failed to load resource: the server responded with a status of 410 () @ https://api.salla.dev/store/v1/products/2000960449/details?with[]=images&with[]=category&with[]=rating&with[]=notify_availability&with[]=tags&with[]=brand&with[]=options&with[]=skus&with[]=skus_availability&with[]=included_products&with[]=bundle&with[]=sold_quantity:0
[   73937ms] [ERROR] Failed to load resource: the server responded with a status of 410 () @ https://api.salla.dev/store/v1/products/487045117/details?with[]=images&with[]=category&with[]=rating&with[]=notify_availability&with[]=tags&with[]=brand&with[]=options&with[]=skus&with[]=skus_availability&with[]=included_products&with[]=bundle&with[]=sold_quantity:0
[   73938ms] [ERROR] Failed to load resource: the server responded with a status of 410 () @ https://api.salla.dev/store/v1/products/1051830221/details?with[]=images&with[]=category&with[]=rating&with[]=notify_availability&with[]=tags&with[]=brand&with[]=options&with[]=skus&with[]=skus_availability&with[]=included_products&with[]=bundle&with[]=sold_quantity:0
[   73942ms] [ERROR] Failed to load resource: the server responded with a status of 410 () @ https://api.salla.dev/store/v1/products/2000960449/details?with[]=images&with[]=category&with[]=rating&with[]=notify_availability&with[]=tags&with[]=brand&with[]=options&with[]=skus&with[]=skus_availability&with[]=included_products&with[]=bundle&with[]=sold_quantity:0
[  109436ms] [LOG] allowed_pages: [thank-you] @ :10
[  109437ms] [LOG] title: شاهدتها مؤخرا @ :11
[  109437ms] [LOG] limit: 32 @ :12
[  109834ms] [LOG] [HomeComponentRenderer] MOUNT: path=ox-hero, index=0, renderCount=1 @ http://localhost:5482/assets/chunk-WITIL2MK-CmviYLdO.js:1
[  109835ms] [LOG] [HomeComponentRenderer] MOUNT: path=ox-trust-strip, index=1, renderCount=1 @ http://localhost:5482/assets/chunk-WITIL2MK-CmviYLdO.js:1
[  109835ms] [LOG] [HomeComponentRenderer] MOUNT: path=ox-goals, index=2, renderCount=1 @ http://localhost:5482/assets/chunk-WITIL2MK-CmviYLdO.js:1
[  109836ms] [LOG] [HomeComponentRenderer] MOUNT: path=ox-categories, index=3, renderCount=1 @ http://localhost:5482/assets/chunk-WITIL2MK-CmviYLdO.js:1
[  109836ms] [LOG] [HomeComponentRenderer] MOUNT: path=ox-products, index=4, renderCount=1 @ http://localhost:5482/assets/chunk-WITIL2MK-CmviYLdO.js:1
[  109837ms] [LOG] [HomeComponentRenderer] MOUNT: path=ox-brands, index=5, renderCount=1 @ http://localhost:5482/assets/chunk-WITIL2MK-CmviYLdO.js:1
[  109837ms] [LOG] [HomeComponentRenderer] MOUNT: path=ox-services, index=6, renderCount=1 @ http://localhost:5482/assets/chunk-WITIL2MK-CmviYLdO.js:1
[  109837ms] [LOG] [HomeComponentRenderer] MOUNT: path=ox-guides, index=7, renderCount=1 @ http://localhost:5482/assets/chunk-WITIL2MK-CmviYLdO.js:1
[  109838ms] [LOG] [HomeComponentRenderer] MOUNT: path=ox-branch, index=8, renderCount=1 @ http://localhost:5482/assets/chunk-WITIL2MK-CmviYLdO.js:1
[  109838ms] [LOG] [HomeComponentRenderer] MOUNT: path=ox-faq, index=9, renderCount=1 @ http://localhost:5482/assets/chunk-WITIL2MK-CmviYLdO.js:1
[  109839ms] [LOG] [HomeComponentRenderer] MOUNT: path=ox-newsletter, index=10, renderCount=1 @ http://localhost:5482/assets/chunk-WITIL2MK-CmviYLdO.js:1
[  109839ms] [LOG] [HomeComponentRenderer] MOUNT: path=ox-banner, index=11, renderCount=1 @ http://localhost:5482/assets/chunk-WITIL2MK-CmviYLdO.js:1
[  113171ms] [ERROR] Failed to load resource: the server responded with a status of 410 () @ https://api.salla.dev/store/v1/products/487045117/details?with[]=images&with[]=category&with[]=rating&with[]=notify_availability&with[]=tags&with[]=brand&with[]=options&with[]=skus&with[]=skus_availability&with[]=included_products&with[]=bundle&with[]=sold_quantity:0
[  113176ms] [ERROR] Failed to load resource: the server responded with a status of 410 () @ https://api.salla.dev/store/v1/products/2000960449/details?with[]=images&with[]=category&with[]=rating&with[]=notify_availability&with[]=tags&with[]=brand&with[]=options&with[]=skus&with[]=skus_availability&with[]=included_products&with[]=bundle&with[]=sold_quantity:0
[  113187ms] [ERROR] Failed to load resource: the server responded with a status of 410 () @ https://api.salla.dev/store/v1/products/1051830221/details?with[]=images&with[]=category&with[]=rating&with[]=notify_availability&with[]=tags&with[]=brand&with[]=options&with[]=skus&with[]=skus_availability&with[]=included_products&with[]=bundle&with[]=sold_quantity:0
[  113464ms] [ERROR] Failed to load resource: the server responded with a status of 403 () @ https://api.salla.dev/store/v1/blog:0
[  114338ms] [ERROR] Failed to load resource: the server responded with a status of 410 () @ https://api.salla.dev/store/v1/products/487045117/details?with[]=images&with[]=category&with[]=rating&with[]=notify_availability&with[]=tags&with[]=brand&with[]=options&with[]=skus&with[]=skus_availability&with[]=included_products&with[]=bundle&with[]=sold_quantity:0
[  114351ms] [ERROR] Failed to load resource: the server responded with a status of 410 () @ https://api.salla.dev/store/v1/products/2000960449/details?with[]=images&with[]=category&with[]=rating&with[]=notify_availability&with[]=tags&with[]=brand&with[]=options&with[]=skus&with[]=skus_availability&with[]=included_products&with[]=bundle&with[]=sold_quantity:0
[  114354ms] [ERROR] Failed to load resource: the server responded with a status of 410 () @ https://api.salla.dev/store/v1/products/1051830221/details?with[]=images&with[]=category&with[]=rating&with[]=notify_availability&with[]=tags&with[]=brand&with[]=options&with[]=skus&with[]=skus_availability&with[]=included_products&with[]=bundle&with[]=sold_quantity:0
[  115052ms] [LOG] allowed_pages: [thank-you] @ :10
[  115052ms] [LOG] title: شاهدتها مؤخرا @ :11
[  115052ms] [LOG] limit: 32 @ :12
[  117935ms] [LOG] allowed_pages: [thank-you] @ :10
[  117936ms] [LOG] title: شاهدتها مؤخرا @ :11
[  117936ms] [LOG] limit: 32 @ :12
[  118328ms] [LOG] [HomeComponentRenderer] MOUNT: path=ox-hero, index=0, renderCount=1 @ http://localhost:5482/assets/chunk-WITIL2MK-CmviYLdO.js:1
[  118329ms] [LOG] [HomeComponentRenderer] MOUNT: path=ox-trust-strip, index=1, renderCount=1 @ http://localhost:5482/assets/chunk-WITIL2MK-CmviYLdO.js:1
[  118329ms] [LOG] [HomeComponentRenderer] MOUNT: path=ox-goals, index=2, renderCount=1 @ http://localhost:5482/assets/chunk-WITIL2MK-CmviYLdO.js:1
[  118330ms] [LOG] [HomeComponentRenderer] MOUNT: path=ox-categories, index=3, renderCount=1 @ http://localhost:5482/assets/chunk-WITIL2MK-CmviYLdO.js:1
[  118330ms] [LOG] [HomeComponentRenderer] MOUNT: path=ox-products, index=4, renderCount=1 @ http://localhost:5482/assets/chunk-WITIL2MK-CmviYLdO.js:1
[  118331ms] [LOG] [HomeComponentRenderer] MOUNT: path=ox-brands, index=5, renderCount=1 @ http://localhost:5482/assets/chunk-WITIL2MK-CmviYLdO.js:1
[  118332ms] [LOG] [HomeComponentRenderer] MOUNT: path=ox-services, index=6, renderCount=1 @ http://localhost:5482/assets/chunk-WITIL2MK-CmviYLdO.js:1
[  118332ms] [LOG] [HomeComponentRenderer] MOUNT: path=ox-guides, index=7, renderCount=1 @ http://localhost:5482/assets/chunk-WITIL2MK-CmviYLdO.js:1
[  118333ms] [LOG] [HomeComponentRenderer] MOUNT: path=ox-branch, index=8, renderCount=1 @ http://localhost:5482/assets/chunk-WITIL2MK-CmviYLdO.js:1
[  118333ms] [LOG] [HomeComponentRenderer] MOUNT: path=ox-faq, index=9, renderCount=1 @ http://localhost:5482/assets/chunk-WITIL2MK-CmviYLdO.js:1
[  118333ms] [LOG] [HomeComponentRenderer] MOUNT: path=ox-newsletter, index=10, renderCount=1 @ http://localhost:5482/assets/chunk-WITIL2MK-CmviYLdO.js:1
[  118334ms] [LOG] [HomeComponentRenderer] MOUNT: path=ox-banner, index=11, renderCount=1 @ http://localhost:5482/assets/chunk-WITIL2MK-CmviYLdO.js:1
[  121715ms] [ERROR] Failed to load resource: the server responded with a status of 410 () @ https://api.salla.dev/store/v1/products/487045117/details?with[]=images&with[]=category&with[]=rating&with[]=notify_availability&with[]=tags&with[]=brand&with[]=options&with[]=skus&with[]=skus_availability&with[]=included_products&with[]=bundle&with[]=sold_quantity:0
[  121720ms] [ERROR] Failed to load resource: the server responded with a status of 410 () @ https://api.salla.dev/store/v1/products/2000960449/details?with[]=images&with[]=category&with[]=rating&with[]=notify_availability&with[]=tags&with[]=brand&with[]=options&with[]=skus&with[]=skus_availability&with[]=included_products&with[]=bundle&with[]=sold_quantity:0
[  121730ms] [ERROR] Failed to load resource: the server responded with a status of 410 () @ https://api.salla.dev/store/v1/products/1051830221/details?with[]=images&with[]=category&with[]=rating&with[]=notify_availability&with[]=tags&with[]=brand&with[]=options&with[]=skus&with[]=skus_availability&with[]=included_products&with[]=bundle&with[]=sold_quantity:0
[  122237ms] [ERROR] Failed to load resource: the server responded with a status of 403 () @ https://api.salla.dev/store/v1/blog:0
[  123604ms] [ERROR] Failed to load resource: the server responded with a status of 410 () @ https://api.salla.dev/store/v1/products/487045117/details?with[]=images&with[]=category&with[]=rating&with[]=notify_availability&with[]=tags&with[]=brand&with[]=options&with[]=skus&with[]=skus_availability&with[]=included_products&with[]=bundle&with[]=sold_quantity:0
[  123604ms] [ERROR] Failed to load resource: the server responded with a status of 410 () @ https://api.salla.dev/store/v1/products/2000960449/details?with[]=images&with[]=category&with[]=rating&with[]=notify_availability&with[]=tags&with[]=brand&with[]=options&with[]=skus&with[]=skus_availability&with[]=included_products&with[]=bundle&with[]=sold_quantity:0
[  123604ms] [ERROR] Failed to load resource: the server responded with a status of 410 () @ https://api.salla.dev/store/v1/products/1051830221/details?with[]=images&with[]=category&with[]=rating&with[]=notify_availability&with[]=tags&with[]=brand&with[]=options&with[]=skus&with[]=skus_availability&with[]=included_products&with[]=bundle&with[]=sold_quantity:0
[  125343ms] [LOG] allowed_pages: [thank-you] @ :10
[  125343ms] [LOG] title: شاهدتها مؤخرا @ :11
[  125343ms] [LOG] limit: 32 @ :12
[  125469ms] [ERROR] Failed to load resource: the server responded with a status of 429 () @ https://api.salla.dev/store/v1/menus/footer?lang=ar:0
[  125698ms] [LOG] [HomeComponentRenderer] MOUNT: path=ox-hero, index=0, renderCount=1 @ http://localhost:5482/assets/chunk-WITIL2MK-CmviYLdO.js:1
[  125699ms] [LOG] [HomeComponentRenderer] MOUNT: path=ox-trust-strip, index=1, renderCount=1 @ http://localhost:5482/assets/chunk-WITIL2MK-CmviYLdO.js:1
[  125699ms] [LOG] [HomeComponentRenderer] MOUNT: path=ox-goals, index=2, renderCount=1 @ http://localhost:5482/assets/chunk-WITIL2MK-CmviYLdO.js:1
[  125700ms] [LOG] [HomeComponentRenderer] MOUNT: path=ox-categories, index=3, renderCount=1 @ http://localhost:5482/assets/chunk-WITIL2MK-CmviYLdO.js:1
[  125700ms] [LOG] [HomeComponentRenderer] MOUNT: path=ox-products, index=4, renderCount=1 @ http://localhost:5482/assets/chunk-WITIL2MK-CmviYLdO.js:1
[  125700ms] [LOG] [HomeComponentRenderer] MOUNT: path=ox-brands, index=5, renderCount=1 @ http://localhost:5482/assets/chunk-WITIL2MK-CmviYLdO.js:1
[  125701ms] [LOG] [HomeComponentRenderer] MOUNT: path=ox-services, index=6, renderCount=1 @ http://localhost:5482/assets/chunk-WITIL2MK-CmviYLdO.js:1
[  125701ms] [LOG] [HomeComponentRenderer] MOUNT: path=ox-guides, index=7, renderCount=1 @ http://localhost:5482/assets/chunk-WITIL2MK-CmviYLdO.js:1
[  125701ms] [LOG] [HomeComponentRenderer] MOUNT: path=ox-branch, index=8, renderCount=1 @ http://localhost:5482/assets/chunk-WITIL2MK-CmviYLdO.js:1
[  125702ms] [LOG] [HomeComponentRenderer] MOUNT: path=ox-faq, index=9, renderCount=1 @ http://localhost:5482/assets/chunk-WITIL2MK-CmviYLdO.js:1
[  125702ms] [LOG] [HomeComponentRenderer] MOUNT: path=ox-newsletter, index=10, renderCount=1 @ http://localhost:5482/assets/chunk-WITIL2MK-CmviYLdO.js:1
[  125703ms] [LOG] [HomeComponentRenderer] MOUNT: path=ox-banner, index=11, renderCount=1 @ http://localhost:5482/assets/chunk-WITIL2MK-CmviYLdO.js:1
[  125884ms] [ERROR] Failed to load resource: the server responded with a status of 429 () @ https://api.salla.dev/store/v1/menus/footer?lang=ar:0
[  126609ms] [ERROR] Failed to load resource: the server responded with a status of 429 () @ https://api.salla.dev/store/v1/menus/footer?lang=ar:0
[  127751ms] [ERROR] Failed to load resource: the server responded with a status of 429 () @ https://api.salla.dev/store/v1/menus/footer?lang=ar:0
[  128202ms] [ERROR] Failed to load resource: the server responded with a status of 429 () @ https://api.salla.dev/store/v1/menus/footer?lang=ar:0
[  128952ms] [ERROR] Failed to load resource: the server responded with a status of 429 () @ https://api.salla.dev/store/v1/menus/footer?lang=ar:0
[  129536ms] [ERROR] Failed to load resource: the server responded with a status of 410 () @ https://api.salla.dev/store/v1/products/487045117/details?with[]=images&with[]=category&with[]=rating&with[]=notify_availability&with[]=tags&with[]=brand&with[]=options&with[]=skus&with[]=skus_availability&with[]=included_products&with[]=bundle&with[]=sold_quantity:0
[  129538ms] [ERROR] Failed to load resource: the server responded with a status of 410 () @ https://api.salla.dev/store/v1/products/2000960449/details?with[]=images&with[]=category&with[]=rating&with[]=notify_availability&with[]=tags&with[]=brand&with[]=options&with[]=skus&with[]=skus_availability&with[]=included_products&with[]=bundle&with[]=sold_quantity:0
[  129538ms] [ERROR] Failed to load resource: the server responded with a status of 410 () @ https://api.salla.dev/store/v1/products/1051830221/details?with[]=images&with[]=category&with[]=rating&with[]=notify_availability&with[]=tags&with[]=brand&with[]=options&with[]=skus&with[]=skus_availability&with[]=included_products&with[]=bundle&with[]=sold_quantity:0
[  129864ms] [ERROR] Failed to load resource: the server responded with a status of 500 (Internal Server Error) @ http://localhost:5482/dev-ubq7yzb0tnbuirvv/account/profile:0
[  130055ms] [LOG] allowed_pages: [thank-you] @ :10
[  130056ms] [LOG] title: شاهدتها مؤخرا @ :11
[  130056ms] [LOG] limit: 32 @ :12
[  130168ms] [ERROR] Failed to load resource: the server responded with a status of 429 () @ https://api.salla.dev/store/v1/menus/footer?lang=ar:0
[  130505ms] [ERROR] Error: Unauthorized
    at http://localhost:5482/dev-ubq7yzb0tnbuirvv/account/profile:165:29987
    at http://localhost:5482/dev-ubq7yzb0tnbuirvv/account/profile:249:10 @ http://localhost:5482/assets/vendor-react-wbUKKZou.js:7
[  130594ms] [ERROR] Failed to load resource: the server responded with a status of 429 () @ https://api.salla.dev/store/v1/menus/footer?lang=ar:0
[  131301ms] [ERROR] Failed to load resource: the server responded with a status of 429 () @ https://api.salla.dev/store/v1/menus/footer?lang=ar:0
[  132426ms] [ERROR] Failed to load resource: the server responded with a status of 429 () @ https://api.salla.dev/store/v1/menus/footer?lang=ar:0
[  132853ms] [ERROR] Failed to load resource: the server responded with a status of 429 () @ https://api.salla.dev/store/v1/menus/footer?lang=ar:0
[  133584ms] [ERROR] Failed to load resource: the server responded with a status of 429 () @ https://api.salla.dev/store/v1/menus/footer?lang=ar:0
[  138305ms] [ERROR] Failed to load resource: the server responded with a status of 429 () @ https://api.salla.dev/store/v1/menus/footer?lang=ar:0
[  138576ms] [LOG] allowed_pages: [thank-you] @ :10
[  138576ms] [LOG] title: شاهدتها مؤخرا @ :11
[  138576ms] [LOG] limit: 32 @ :12
[  138722ms] [ERROR] Failed to load resource: the server responded with a status of 410 () @ https://api.salla.dev/store/v1/products/2000960449/details?with[]=images&with[]=category&with[]=rating&with[]=notify_availability&with[]=tags&with[]=brand&with[]=options&with[]=skus&with[]=skus_availability&with[]=included_products&with[]=bundle&with[]=sold_quantity:0
[  138723ms] [ERROR] Failed to load resource: the server responded with a status of 410 () @ https://api.salla.dev/store/v1/products/487045117/details?with[]=images&with[]=category&with[]=rating&with[]=notify_availability&with[]=tags&with[]=brand&with[]=options&with[]=skus&with[]=skus_availability&with[]=included_products&with[]=bundle&with[]=sold_quantity:0
[  138723ms] [ERROR] Failed to load resource: the server responded with a status of 429 () @ https://api.salla.dev/store/v1/menus/footer?lang=ar:0
[  138725ms] [ERROR] Failed to load resource: the server responded with a status of 410 () @ https://api.salla.dev/store/v1/products/1051830221/details?with[]=images&with[]=category&with[]=rating&with[]=notify_availability&with[]=tags&with[]=brand&with[]=options&with[]=skus&with[]=skus_availability&with[]=included_products&with[]=bundle&with[]=sold_quantity:0
[  138937ms] [ERROR] Failed to load resource: the server responded with a status of 410 () @ https://api.salla.dev/store/v1/products/103621577/details?with[]=images&with[]=category&with[]=rating&with[]=notify_availability&with[]=tags&with[]=brand&with[]=options&with[]=skus&with[]=skus_availability&with[]=included_products&with[]=bundle&with[]=sold_quantity:0
[  139637ms] [ERROR] Failed to load resource: the server responded with a status of 429 () @ https://api.salla.dev/store/v1/menus/footer?lang=ar:0
[  139993ms] [ERROR] Failed to load resource: the server responded with a status of 410 () @ https://api.salla.dev/store/v1/products/487045117/details?with[]=images&with[]=category&with[]=rating&with[]=notify_availability&with[]=tags&with[]=brand&with[]=options&with[]=skus&with[]=skus_availability&with[]=included_products&with[]=bundle&with[]=sold_quantity:0
[  139993ms] [ERROR] Failed to load resource: the server responded with a status of 410 () @ https://api.salla.dev/store/v1/products/1051830221/details?with[]=images&with[]=category&with[]=rating&with[]=notify_availability&with[]=tags&with[]=brand&with[]=options&with[]=skus&with[]=skus_availability&with[]=included_products&with[]=bundle&with[]=sold_quantity:0
[  139994ms] [ERROR] Failed to load resource: the server responded with a status of 410 () @ https://api.salla.dev/store/v1/products/2000960449/details?with[]=images&with[]=category&with[]=rating&with[]=notify_availability&with[]=tags&with[]=brand&with[]=options&with[]=skus&with[]=skus_availability&with[]=included_products&with[]=bundle&with[]=sold_quantity:0
[  140167ms] [ERROR] Failed to load resource: the server responded with a status of 410 () @ https://api.salla.dev/store/v1/products/103621577/details?with[]=images&with[]=category&with[]=rating&with[]=notify_availability&with[]=tags&with[]=brand&with[]=options&with[]=skus&with[]=skus_availability&with[]=included_products&with[]=bundle&with[]=sold_quantity:0
[  140869ms] [ERROR] Failed to load resource: the server responded with a status of 429 () @ https://api.salla.dev/store/v1/menus/footer?lang=ar:0
[  141311ms] [ERROR] Failed to load resource: the server responded with a status of 429 () @ https://api.salla.dev/store/v1/menus/footer?lang=ar:0
[  142017ms] [ERROR] Failed to load resource: the server responded with a status of 429 () @ https://api.salla.dev/store/v1/menus/footer?lang=ar:0
[  143509ms] [ERROR] Failed to load resource: the server responded with a status of 500 (Internal Server Error) @ http://localhost:5482/dev-ubq7yzb0tnbuirvv/account/profile:0
[  143690ms] [LOG] allowed_pages: [thank-you] @ :10
[  143691ms] [LOG] title: شاهدتها مؤخرا @ :11
[  143691ms] [LOG] limit: 32 @ :12
[  143813ms] [ERROR] Failed to load resource: the server responded with a status of 429 () @ https://api.salla.dev/store/v1/menus/footer?lang=ar:0
[  144082ms] [ERROR] Error: Unauthorized
    at http://localhost:5482/dev-ubq7yzb0tnbuirvv/account/profile:165:29987
    at http://localhost:5482/dev-ubq7yzb0tnbuirvv/account/profile:249:10 @ http://localhost:5482/assets/vendor-react-wbUKKZou.js:7
[  144280ms] [ERROR] Failed to load resource: the server responded with a status of 429 () @ https://api.salla.dev/store/v1/menus/footer?lang=ar:0
[  145015ms] [ERROR] Failed to load resource: the server responded with a status of 429 () @ https://api.salla.dev/store/v1/menus/footer?lang=ar:0
[  146134ms] [ERROR] Failed to load resource: the server responded with a status of 429 () @ https://api.salla.dev/store/v1/menus/footer?lang=ar:0
[  146561ms] [ERROR] Failed to load resource: the server responded with a status of 429 () @ https://api.salla.dev/store/v1/menus/footer?lang=ar:0
[  147303ms] [ERROR] Failed to load resource: the server responded with a status of 429 () @ https://api.salla.dev/store/v1/menus/footer?lang=ar:0
