[     823ms] [WARNING] [webmcp-interceptor] document.modelContext is not available.
To enable WebMCP, use Chrome M146+ and enable:
chrome://flags/#enable-experimental-web-platform-features @ https://optimalx.com.sa/.webmcp/bridge.js:1343
[    1101ms] [LOG] allowed_pages: [thank-you] @ :10
[    1101ms] [LOG] title: شاهدتها مؤخرا @ :11
[    1101ms] [LOG] limit: 32 @ :12
[    1531ms] [LOG] > Salla: Snapchat pixel id is not available, we'll ignore the snapchat events @ :4
[    8340ms] [WARNING] The resource https://fonts.googleapis.com/css2?family=Cairo&display=swap was preloaded using link preload but not used within a few seconds from the window's load event. Please make sure it has an appropriate `as` value and it is preloaded intentionally. @ https://optimalx.com.sa/:0
[   27291ms] [WARNING] [webmcp-interceptor] document.modelContext is not available.
To enable WebMCP, use Chrome M146+ and enable:
chrome://flags/#enable-experimental-web-platform-features @ https://optimalx.com.sa/.webmcp/bridge.js:1343
[   27497ms] [LOG] allowed_pages: [thank-you] @ :10
[   27497ms] [LOG] title: شاهدتها مؤخرا @ :11
[   27497ms] [LOG] limit: 32 @ :12
[   27955ms] [LOG] > Salla: Snapchat pixel id is not available, we'll ignore the snapchat events @ :4
[   31189ms] [WARNING] The resource https://fonts.googleapis.com/css2?family=Cairo&display=swap was preloaded using link preload but not used within a few seconds from the window's load event. Please make sure it has an appropriate `as` value and it is preloaded intentionally. @ https://optimalx.com.sa/:0
[   58459ms] [WARNING] [webmcp-interceptor] document.modelContext is not available.
To enable WebMCP, use Chrome M146+ and enable:
chrome://flags/#enable-experimental-web-platform-features @ https://optimalx.com.sa/.webmcp/bridge.js:1343
[   58575ms] [LOG] > Salla: Snapchat pixel id is not available, we'll ignore the snapchat events @ :4
[   58734ms] [LOG] allowed_pages: [thank-you] @ :10
[   58734ms] [LOG] title: شاهدتها مؤخرا @ :11
[   58734ms] [LOG] limit: 32 @ :12
[   61831ms] [WARNING] [webmcp-interceptor] document.modelContext is not available.
To enable WebMCP, use Chrome M146+ and enable:
chrome://flags/#enable-experimental-web-platform-features @ https://optimalx.com.sa/.webmcp/bridge.js:1343
[   62102ms] [LOG] pageId: 2052367464 is product.single? true @ :8
[   62102ms] [LOG] before get: [1746003438, 1996831868, 2052367464] type: object @ :15
[   62103ms] [LOG] after set: [2052367464, 1746003438, 1996831868] @ :28
[   62104ms] [LOG] allowed_pages: [thank-you] @ :10
[   62104ms] [LOG] title: شاهدتها مؤخرا @ :11
[   62104ms] [LOG] limit: 32 @ :12
[   62758ms] [LOG] 🍏 Pay: Quick Buy Component Loaded @ https://cdn.salla.network/js/twilight/2.14.583/p-c3ad3c3d.entry.js:3
[   63624ms] [ERROR] No "Link: rel=payment-method-manifest" HTTP header found at "https://www.apple.com/apple-pay/". @ https://optimalx.com.sa/%D8%AC%D9%88%D8%B3%D8%AA-%D8%A8%D8%B1%D9%88%D8%AA%D9%8A%D9%86-%D9%86%D8%A8%D8%A7%D8%AA%D9%8A-%D8%AC%D9%88%D8%B3%D8%AA/p2052367464:0
[   63624ms] [ERROR] No "Link: rel=payment-method-manifest" HTTP header found at "https://www.apple.com/apple-pay/". @ https://optimalx.com.sa/%D8%AC%D9%88%D8%B3%D8%AA-%D8%A8%D8%B1%D9%88%D8%AA%D9%8A%D9%86-%D9%86%D8%A8%D8%A7%D8%AA%D9%8A-%D8%AC%D9%88%D8%B3%D8%AA/p2052367464:0
[   86399ms] [WARNING] [webmcp-interceptor] document.modelContext is not available.
To enable WebMCP, use Chrome M146+ and enable:
chrome://flags/#enable-experimental-web-platform-features @ https://optimalx.com.sa/.webmcp/bridge.js:1343
[   86695ms] [LOG] pageId: 2052367464 is product.single? true @ :8
[   86695ms] [LOG] before get: [2052367464, 1746003438, 1996831868] type: object @ :15
[   86696ms] [LOG] after set: [2052367464, 1746003438, 1996831868] @ :28
[   86696ms] [LOG] allowed_pages: [thank-you] @ :10
[   86696ms] [LOG] title: شاهدتها مؤخرا @ :11
[   86696ms] [LOG] limit: 32 @ :12
[   87100ms] [LOG] 🍏 Pay: Quick Buy Component Loaded @ https://cdn.salla.network/js/twilight/2.14.583/p-c3ad3c3d.entry.js:3
[   87559ms] [ERROR] No "Link: rel=payment-method-manifest" HTTP header found at "https://www.apple.com/apple-pay/". @ https://optimalx.com.sa/%D8%AC%D9%88%D8%B3%D8%AA-%D8%A8%D8%B1%D9%88%D8%AA%D9%8A%D9%86-%D9%86%D8%A8%D8%A7%D8%AA%D9%8A-%D8%AC%D9%88%D8%B3%D8%AA/p2052367464:0
[   87560ms] [ERROR] No "Link: rel=payment-method-manifest" HTTP header found at "https://www.apple.com/apple-pay/". @ https://optimalx.com.sa/%D8%AC%D9%88%D8%B3%D8%AA-%D8%A8%D8%B1%D9%88%D8%AA%D9%8A%D9%86-%D9%86%D8%A8%D8%A7%D8%AA%D9%8A-%D8%AC%D9%88%D8%B3%D8%AA/p2052367464:0
[  118201ms] [WARNING] [webmcp-interceptor] document.modelContext is not available.
To enable WebMCP, use Chrome M146+ and enable:
chrome://flags/#enable-experimental-web-platform-features @ https://optimalx.com.sa/.webmcp/bridge.js:1343
[  118463ms] [LOG] pageId: 2052367464 is product.single? true @ :8
[  118463ms] [LOG] before get: [2052367464, 1746003438, 1996831868] type: object @ :15
[  118464ms] [LOG] after set: [2052367464, 1746003438, 1996831868] @ :28
[  118464ms] [LOG] allowed_pages: [thank-you] @ :10
[  118464ms] [LOG] title: شاهدتها مؤخرا @ :11
[  118464ms] [LOG] limit: 32 @ :12
[  118906ms] [LOG] 🍏 Pay: Quick Buy Component Loaded @ https://cdn.salla.network/js/twilight/2.14.583/p-c3ad3c3d.entry.js:3
[  119366ms] [ERROR] No "Link: rel=payment-method-manifest" HTTP header found at "https://www.apple.com/apple-pay/". @ https://optimalx.com.sa/%D8%AC%D9%88%D8%B3%D8%AA-%D8%A8%D8%B1%D9%88%D8%AA%D9%8A%D9%86-%D9%86%D8%A8%D8%A7%D8%AA%D9%8A-%D8%AC%D9%88%D8%B3%D8%AA/p2052367464:0
[  119366ms] [ERROR] No "Link: rel=payment-method-manifest" HTTP header found at "https://www.apple.com/apple-pay/". @ https://optimalx.com.sa/%D8%AC%D9%88%D8%B3%D8%AA-%D8%A8%D8%B1%D9%88%D8%AA%D9%8A%D9%86-%D9%86%D8%A8%D8%A7%D8%AA%D9%8A-%D8%AC%D9%88%D8%B3%D8%AA/p2052367464:0
[  121594ms] [WARNING] [webmcp-interceptor] document.modelContext is not available.
To enable WebMCP, use Chrome M146+ and enable:
chrome://flags/#enable-experimental-web-platform-features @ https://optimalx.com.sa/.webmcp/bridge.js:1343
[  121739ms] [LOG] allowed_pages: [thank-you] @ :10
[  121739ms] [LOG] title: شاهدتها مؤخرا @ :11
[  121740ms] [LOG] limit: 32 @ :12
[  122177ms] [LOG] > Salla: Snapchat pixel id is not available, we'll ignore the snapchat events @ :4
[  124874ms] [WARNING] [webmcp-interceptor] document.modelContext is not available.
To enable WebMCP, use Chrome M146+ and enable:
chrome://flags/#enable-experimental-web-platform-features @ https://optimalx.com.sa/.webmcp/bridge.js:1343
[  124919ms] [LOG] > Salla: Snapchat pixel id is not available, we'll ignore the snapchat events @ :4
[  125083ms] [LOG] allowed_pages: [thank-you] @ :10
[  125083ms] [LOG] title: شاهدتها مؤخرا @ :11
[  125083ms] [LOG] limit: 32 @ :12
[  127968ms] [WARNING] [webmcp-interceptor] document.modelContext is not available.
To enable WebMCP, use Chrome M146+ and enable:
chrome://flags/#enable-experimental-web-platform-features @ https://optimalx.com.sa/.webmcp/bridge.js:1343
[  128070ms] [LOG] allowed_pages: [thank-you] @ https://optimalx.com.sa/cart:615
[  128070ms] [LOG] title: شاهدتها مؤخرا @ https://optimalx.com.sa/cart:616
[  128070ms] [LOG] limit: 32 @ https://optimalx.com.sa/cart:617
[  686505ms] [WARNING] [webmcp-interceptor] document.modelContext is not available.
To enable WebMCP, use Chrome M146+ and enable:
chrome://flags/#enable-experimental-web-platform-features @ https://optimalx.com.sa/.webmcp/bridge.js:1343
[  686881ms] [LOG] allowed_pages: [thank-you] @ :10
[  686882ms] [LOG] title: شاهدتها مؤخرا @ :11
[  686882ms] [LOG] limit: 32 @ :12
[  689210ms] [LOG] > Salla: Snapchat pixel id is not available, we'll ignore the snapchat events @ :4
[  695603ms] [WARNING] [webmcp-interceptor] document.modelContext is not available.
To enable WebMCP, use Chrome M146+ and enable:
chrome://flags/#enable-experimental-web-platform-features @ https://optimalx.com.sa/.webmcp/bridge.js:1343
[  695945ms] [WARNING] A preload for 'https://cdn.assets.salla.network/prod/@salla.sa/fast-checkout-widget/v0.0.47/widget.esm.js' is found, but is not used because the request credentials mode does not match. Consider taking a look at crossorigin attribute. @ https://optimalx.com.sa/cdn-cgi/scripts/7d0fa10a/cloudflare-static/rocket-loader.min.js:0
[  696082ms] [LOG] pageId: 1673105563 is product.single? true @ :8
[  696082ms] [LOG] before get: [2052367464, 1746003438, 1996831868] type: object @ :15
[  696082ms] [LOG] after set: [1673105563, 2052367464, 1746003438, 1996831868] @ :28
[  696082ms] [LOG] allowed_pages: [thank-you] @ :10
[  696082ms] [LOG] title: شاهدتها مؤخرا @ :11
[  696082ms] [LOG] limit: 32 @ :12
[  697062ms] [LOG] 🍏 Pay: Quick Buy Component Loaded @ https://cdn.salla.network/js/twilight/2.14.583/p-c3ad3c3d.entry.js:3
[  697376ms] [ERROR] Unable to download payment manifest "https://www.apple.com/apple-pay". @ https://optimalx.com.sa/%D8%B4%D9%8A%D9%83%D8%B1-%D8%A7%D9%88%D8%A8%D8%AA%D9%8A%D9%85%D8%A7%D9%84-%D8%A7%D9%83%D8%B3-v2-%D8%B3%D8%B9%D8%A9-820-%D9%85%D9%84-%D8%A8%D9%84%D9%86%D8%AF%D8%B1-%D8%A8%D9%88%D8%AA%D9%84/p1673105563:0
[  697377ms] [ERROR] Unable to download payment manifest "https://www.apple.com/apple-pay". @ https://optimalx.com.sa/%D8%B4%D9%8A%D9%83%D8%B1-%D8%A7%D9%88%D8%A8%D8%AA%D9%8A%D9%85%D8%A7%D9%84-%D8%A7%D9%83%D8%B3-v2-%D8%B3%D8%B9%D8%A9-820-%D9%85%D9%84-%D8%A8%D9%84%D9%86%D8%AF%D8%B1-%D8%A8%D9%88%D8%AA%D9%84/p1673105563:0
[  700561ms] [WARNING] The resource https://cdn.assets.salla.network/prod/@salla.sa/fast-checkout-widget/v0.0.47/widget.esm.js was preloaded using link preload but not used within a few seconds from the window's load event. Please make sure it has an appropriate `as` value and it is preloaded intentionally. @ https://optimalx.com.sa/%D8%B4%D9%8A%D9%83%D8%B1-%D8%A7%D9%88%D8%A8%D8%AA%D9%8A%D9%85%D8%A7%D9%84-%D8%A7%D9%83%D8%B3-v2-%D8%B3%D8%B9%D8%A9-820-%D9%85%D9%84-%D8%A8%D9%84%D9%86%D8%AF%D8%B1-%D8%A8%D9%88%D8%AA%D9%84/p1673105563:0
[ 1083045ms] [WARNING] [webmcp-interceptor] document.modelContext is not available.
To enable WebMCP, use Chrome M146+ and enable:
chrome://flags/#enable-experimental-web-platform-features @ https://optimalx.com.sa/.webmcp/bridge.js:1343
[ 1083430ms] [LOG] pageId: 2052367464 is product.single? true @ :8
[ 1083430ms] [LOG] before get: [1673105563, 2052367464, 1746003438, 1996831868] type: object @ :15
[ 1083431ms] [LOG] after set: [2052367464, 1673105563, 1746003438, 1996831868] @ :28
[ 1083431ms] [LOG] allowed_pages: [thank-you] @ :10
[ 1083432ms] [LOG] title: شاهدتها مؤخرا @ :11
[ 1083432ms] [LOG] limit: 32 @ :12
[ 1083489ms] Unexpected token '.'
[ 1084416ms] [LOG] 🍏 Pay: Quick Buy Component Loaded @ https://cdn.salla.network/js/twilight/2.14.583/p-c3ad3c3d.entry.js:3
[ 1084775ms] [ERROR] Unable to download payment manifest "https://www.apple.com/apple-pay". @ https://optimalx.com.sa/%D8%AC%D9%88%D8%B3%D8%AA-%D8%A8%D8%B1%D9%88%D8%AA%D9%8A%D9%86-%D9%86%D8%A8%D8%A7%D8%AA%D9%8A-%D8%AC%D9%88%D8%B3%D8%AA/p2052367464:0
[ 1084776ms] [ERROR] Unable to download payment manifest "https://www.apple.com/apple-pay". @ https://optimalx.com.sa/%D8%AC%D9%88%D8%B3%D8%AA-%D8%A8%D8%B1%D9%88%D8%AA%D9%8A%D9%86-%D9%86%D8%A8%D8%A7%D8%AA%D9%8A-%D8%AC%D9%88%D8%B3%D8%AA/p2052367464:0
[ 1110812ms] [WARNING] [webmcp-interceptor] document.modelContext is not available.
To enable WebMCP, use Chrome M146+ and enable:
chrome://flags/#enable-experimental-web-platform-features @ https://optimalx.com.sa/.webmcp/bridge.js:1343
[ 1111099ms] [LOG] pageId: 2052367464 is product.single? true @ :8
[ 1111101ms] [LOG] before get: [2052367464, 1673105563, 1746003438, 1996831868] type: object @ :15
[ 1111105ms] [LOG] after set: [2052367464, 1673105563, 1746003438, 1996831868] @ :28
[ 1111106ms] [LOG] allowed_pages: [thank-you] @ :10
[ 1111106ms] [LOG] title: شاهدتها مؤخرا @ :11
[ 1111106ms] [LOG] limit: 32 @ :12
[ 1111176ms] Unexpected token '.'
[ 1111975ms] [LOG] 🍏 Pay: Quick Buy Component Loaded @ https://cdn.salla.network/js/twilight/2.14.583/p-c3ad3c3d.entry.js:3
[ 1113019ms] [ERROR] Unable to download payment manifest "https://www.apple.com/apple-pay/". @ https://optimalx.com.sa/%D8%AC%D9%88%D8%B3%D8%AA-%D8%A8%D8%B1%D9%88%D8%AA%D9%8A%D9%86-%D9%86%D8%A8%D8%A7%D8%AA%D9%8A-%D8%AC%D9%88%D8%B3%D8%AA/p2052367464:0
[ 1113020ms] [ERROR] Unable to download payment manifest "https://www.apple.com/apple-pay/". @ https://optimalx.com.sa/%D8%AC%D9%88%D8%B3%D8%AA-%D8%A8%D8%B1%D9%88%D8%AA%D9%8A%D9%86-%D9%86%D8%A8%D8%A7%D8%AA%D9%8A-%D8%AC%D9%88%D8%B3%D8%AA/p2052367464:0
[ 1720140ms] [WARNING] [webmcp-interceptor] document.modelContext is not available.
To enable WebMCP, use Chrome M146+ and enable:
chrome://flags/#enable-experimental-web-platform-features @ https://optimalx.com.sa/.webmcp/bridge.js:1343
[ 1720319ms] [LOG] allowed_pages: [thank-you] @ :10
[ 1720323ms] [LOG] title: شاهدتها مؤخرا @ :11
[ 1720323ms] [LOG] limit: 32 @ :12
[ 1721393ms] [LOG] > Salla: Snapchat pixel id is not available, we'll ignore the snapchat events @ :4
[ 1727306ms] [WARNING] The resource https://fonts.googleapis.com/css2?family=Cairo&display=swap was preloaded using link preload but not used within a few seconds from the window's load event. Please make sure it has an appropriate `as` value and it is preloaded intentionally. @ https://optimalx.com.sa/?fresh=1789829694362:0
[ 1733535ms] [WARNING] [webmcp-interceptor] document.modelContext is not available.
To enable WebMCP, use Chrome M146+ and enable:
chrome://flags/#enable-experimental-web-platform-features @ https://optimalx.com.sa/.webmcp/bridge.js:1343
[ 1733675ms] [LOG] allowed_pages: [thank-you] @ :10
[ 1733675ms] [LOG] title: شاهدتها مؤخرا @ :11
[ 1733675ms] [LOG] limit: 32 @ :12
[ 1734792ms] [LOG] > Salla: Snapchat pixel id is not available, we'll ignore the snapchat events @ :4
[ 1739682ms] [WARNING] The resource https://fonts.googleapis.com/css2?family=Cairo&display=swap was preloaded using link preload but not used within a few seconds from the window's load event. Please make sure it has an appropriate `as` value and it is preloaded intentionally. @ https://optimalx.com.sa/?v=1789829707906:0
[ 1744191ms] [WARNING] [webmcp-interceptor] document.modelContext is not available.
To enable WebMCP, use Chrome M146+ and enable:
chrome://flags/#enable-experimental-web-platform-features @ https://optimalx.com.sa/.webmcp/bridge.js:1343
[ 1744504ms] [LOG] pageId: 2052367464 is product.single? true @ :8
[ 1744504ms] [LOG] before get: [2052367464, 1673105563, 1746003438, 1996831868] type: object @ :15
[ 1744505ms] [LOG] after set: [2052367464, 1673105563, 1746003438, 1996831868] @ :28
[ 1744505ms] [LOG] allowed_pages: [thank-you] @ :10
[ 1744506ms] [LOG] title: شاهدتها مؤخرا @ :11
[ 1744506ms] [LOG] limit: 32 @ :12
[ 1746262ms] [LOG] 🍏 Pay: Quick Buy Component Loaded @ https://cdn.salla.network/js/twilight/2.14.583/p-c3ad3c3d.entry.js:3
[ 1746461ms] [ERROR] No "Link: rel=payment-method-manifest" HTTP header found at "https://www.apple.com/apple-pay/". @ https://optimalx.com.sa/%D8%AC%D9%88%D8%B3%D8%AA-%D8%A8%D8%B1%D9%88%D8%AA%D9%8A%D9%86-%D9%86%D8%A8%D8%A7%D8%AA%D9%8A-%D8%AC%D9%88%D8%B3%D8%AA/p2052367464?v=1789829718152:0
[ 1746461ms] [ERROR] No "Link: rel=payment-method-manifest" HTTP header found at "https://www.apple.com/apple-pay/". @ https://optimalx.com.sa/%D8%AC%D9%88%D8%B3%D8%AA-%D8%A8%D8%B1%D9%88%D8%AA%D9%8A%D9%86-%D9%86%D8%A8%D8%A7%D8%AA%D9%8A-%D8%AC%D9%88%D8%B3%D8%AA/p2052367464?v=1789829718152:0
[ 1752315ms] [WARNING] [webmcp-interceptor] document.modelContext is not available.
To enable WebMCP, use Chrome M146+ and enable:
chrome://flags/#enable-experimental-web-platform-features @ https://optimalx.com.sa/.webmcp/bridge.js:1343
[ 1752373ms] [LOG] > Salla: Snapchat pixel id is not available, we'll ignore the snapchat events @ :4
[ 1752533ms] [LOG] allowed_pages: [thank-you] @ :10
[ 1752533ms] [LOG] title: شاهدتها مؤخرا @ :11
[ 1752533ms] [LOG] limit: 32 @ :12
[ 1760521ms] [WARNING] [webmcp-interceptor] document.modelContext is not available.
To enable WebMCP, use Chrome M146+ and enable:
chrome://flags/#enable-experimental-web-platform-features @ https://optimalx.com.sa/.webmcp/bridge.js:1343
[ 1760592ms] [LOG] allowed_pages: [thank-you] @ https://optimalx.com.sa/cart?v=1789829734928:615
[ 1760592ms] [LOG] title: شاهدتها مؤخرا @ https://optimalx.com.sa/cart?v=1789829734928:616
[ 1760592ms] [LOG] limit: 32 @ https://optimalx.com.sa/cart?v=1789829734928:617
[ 1768296ms] [WARNING] [webmcp-interceptor] document.modelContext is not available.
To enable WebMCP, use Chrome M146+ and enable:
chrome://flags/#enable-experimental-web-platform-features @ https://optimalx.com.sa/.webmcp/bridge.js:1343
[ 1768430ms] [LOG] allowed_pages: [thank-you] @ :10
[ 1768430ms] [LOG] title: شاهدتها مؤخرا @ :11
[ 1768431ms] [LOG] limit: 32 @ :12
[ 1769941ms] [LOG] > Salla: Snapchat pixel id is not available, we'll ignore the snapchat events @ :4
[ 1775568ms] [WARNING] The resource https://fonts.googleapis.com/css2?family=Cairo&display=swap was preloaded using link preload but not used within a few seconds from the window's load event. Please make sure it has an appropriate `as` value and it is preloaded intentionally. @ https://optimalx.com.sa/?v=1789829742780:0
[ 1777695ms] [WARNING] [webmcp-interceptor] document.modelContext is not available.
To enable WebMCP, use Chrome M146+ and enable:
chrome://flags/#enable-experimental-web-platform-features @ https://optimalx.com.sa/.webmcp/bridge.js:1343
[ 1777951ms] [LOG] pageId: 2052367464 is product.single? true @ :8
[ 1777952ms] [LOG] before get: [2052367464, 1673105563, 1746003438, 1996831868] type: object @ :15
[ 1777954ms] [LOG] after set: [2052367464, 1673105563, 1746003438, 1996831868] @ :28
[ 1777955ms] [LOG] allowed_pages: [thank-you] @ :10
[ 1777955ms] [LOG] title: شاهدتها مؤخرا @ :11
[ 1777955ms] [LOG] limit: 32 @ :12
[ 1779672ms] [ERROR] No "Link: rel=payment-method-manifest" HTTP header found at "https://www.apple.com/apple-pay/". @ https://optimalx.com.sa/%D8%AC%D9%88%D8%B3%D8%AA-%D8%A8%D8%B1%D9%88%D8%AA%D9%8A%D9%86-%D9%86%D8%A8%D8%A7%D8%AA%D9%8A-%D8%AC%D9%88%D8%B3%D8%AA/p2052367464?v=1789829752086:0
[ 1779672ms] [ERROR] No "Link: rel=payment-method-manifest" HTTP header found at "https://www.apple.com/apple-pay/". @ https://optimalx.com.sa/%D8%AC%D9%88%D8%B3%D8%AA-%D8%A8%D8%B1%D9%88%D8%AA%D9%8A%D9%86-%D9%86%D8%A8%D8%A7%D8%AA%D9%8A-%D8%AC%D9%88%D8%B3%D8%AA/p2052367464?v=1789829752086:0
[ 1780047ms] [LOG] 🍏 Pay: Quick Buy Component Loaded @ https://cdn.salla.network/js/twilight/2.14.583/p-c3ad3c3d.entry.js:3
[ 1786832ms] [WARNING] [webmcp-interceptor] document.modelContext is not available.
To enable WebMCP, use Chrome M146+ and enable:
chrome://flags/#enable-experimental-web-platform-features @ https://optimalx.com.sa/.webmcp/bridge.js:1343
[ 1786889ms] [LOG] > Salla: Snapchat pixel id is not available, we'll ignore the snapchat events @ :4
[ 1787110ms] [LOG] allowed_pages: [thank-you] @ :10
[ 1787111ms] [LOG] title: شاهدتها مؤخرا @ :11
[ 1787111ms] [LOG] limit: 32 @ :12
[ 1793910ms] [WARNING] [webmcp-interceptor] document.modelContext is not available.
To enable WebMCP, use Chrome M146+ and enable:
chrome://flags/#enable-experimental-web-platform-features @ https://optimalx.com.sa/.webmcp/bridge.js:1343
[ 1794045ms] [LOG] allowed_pages: [thank-you] @ https://optimalx.com.sa/cart?v=1789829768411:615
[ 1794045ms] [LOG] title: شاهدتها مؤخرا @ https://optimalx.com.sa/cart?v=1789829768411:616
[ 1794045ms] [LOG] limit: 32 @ https://optimalx.com.sa/cart?v=1789829768411:617
[ 2306103ms] [WARNING] [webmcp-interceptor] document.modelContext is not available.
To enable WebMCP, use Chrome M146+ and enable:
chrome://flags/#enable-experimental-web-platform-features @ https://optimalx.com.sa/.webmcp/bridge.js:1343
[ 2306339ms] [LOG] allowed_pages: [thank-you] @ :10
[ 2306339ms] [LOG] title: شاهدتها مؤخرا @ :11
[ 2306339ms] [LOG] limit: 32 @ :12
[ 2306844ms] [LOG] > Salla: Snapchat pixel id is not available, we'll ignore the snapchat events @ :4
[ 2311083ms] [WARNING] The resource https://fonts.googleapis.com/css2?family=Cairo&display=swap was preloaded using link preload but not used within a few seconds from the window's load event. Please make sure it has an appropriate `as` value and it is preloaded intentionally. @ https://optimalx.com.sa/:0
[ 2447179ms] [WARNING] [webmcp-interceptor] document.modelContext is not available.
To enable WebMCP, use Chrome M146+ and enable:
chrome://flags/#enable-experimental-web-platform-features @ https://optimalx.com.sa/.webmcp/bridge.js:1343
[ 2447321ms] [LOG] allowed_pages: [thank-you] @ :10
[ 2447321ms] [LOG] title: شاهدتها مؤخرا @ :11
[ 2447321ms] [LOG] limit: 32 @ :12
[ 2447764ms] [LOG] > Salla: Snapchat pixel id is not available, we'll ignore the snapchat events @ :4
[ 2451098ms] [WARNING] The resource https://fonts.googleapis.com/css2?family=Cairo&display=swap was preloaded using link preload but not used within a few seconds from the window's load event. Please make sure it has an appropriate `as` value and it is preloaded intentionally. @ https://optimalx.com.sa/?v=1789830421521:0
[ 2819860ms] [WARNING] [webmcp-interceptor] document.modelContext is not available.
To enable WebMCP, use Chrome M146+ and enable:
chrome://flags/#enable-experimental-web-platform-features @ https://optimalx.com.sa/.webmcp/bridge.js:1343
[ 2820047ms] [LOG] allowed_pages: [thank-you] @ :10
[ 2820050ms] [LOG] title: شاهدتها مؤخرا @ :11
[ 2820050ms] [LOG] limit: 32 @ :12
[ 2820773ms] [LOG] > Salla: Snapchat pixel id is not available, we'll ignore the snapchat events @ :4
[ 2824111ms] [WARNING] The resource https://fonts.googleapis.com/css2?family=Cairo&display=swap was preloaded using link preload but not used within a few seconds from the window's load event. Please make sure it has an appropriate `as` value and it is preloaded intentionally. @ https://optimalx.com.sa/?v=1789830793913:0
