[   11779ms] [INFO] %cDownload the React DevTools for a better development experience: https://react.dev/link/react-devtools font-weight:bold @ http://localhost:5477/node_modules/.vite/deps/react-dom_client.js?v=ef40c7eb:14335
[   11949ms] [WARNING] [Twilight] Could not hydrate twilight context: no root match in router state @ http://localhost:5477/@vite/client:532
[   12134ms] [ERROR] The result of getServerSnapshot should be cached to avoid an infinite loop @ http://localhost:5477/@vite/client:532
[   12211ms] [ERROR] A tree hydrated but some attributes of the server rendered HTML didn't match the client properties. This won't be patched up. This can happen if a SSR-ed Client Component used:

- A server/client branch `if (typeof window !== 'undefined')`.
- Variable input such as `Date.now()` or `Math.random()` which changes each time it's called.
- Date formatting in a user's locale which doesn't match the server.
- External changing data without sending a snapshot of it along with the HTML.
- Invalid HTML tag nesting.

It can also happen if the client has a browser extension installed which messes with the HTML before React loaded.

%s%s https://react.dev/link/hydration-mismatch 

  ...
    <QueryClientProvider client={{}}>
      <Matches>
        <Transitioner>
        <SafeFragment fallback={<Context>}>
          <MatchesInner>
            <CatchBoundary getResetKey={function getResetKey} onCatch={function}>
              <MatchImpl routeId="__root__">
                <MatchView router={{...}} match={{id:"__root__/", ...}}>
                  <RootComponent>
                    <html lang="ar" dir="rtl" suppressHydrationWarning={true}>
                      <head>
                        <meta>
                        <meta>
                        <meta>
                        <HeadContent>
                          <Asset>
                          <Asset>
                          <Asset>
                          <Asset>
                          <Asset>
                          <Asset>
                          <Asset>
                          <Asset>
                          <Asset>
                          <Asset>
                          <Asset>
                          <Asset>
                          <Asset>
                          <Asset>
                          <Asset>
                          <Asset>
                          <Asset>
                          <Asset>
                          <Asset>
                          <Asset>
                          <Asset>
                          <Asset>
                          <Asset>
                          <Asset>
                          <Asset>
                          <Asset>
                          <Asset>
                          <Asset>
                          <Asset>
                          <Asset>
                          <Asset>
                          <Asset>
                          <Asset>
                          <Asset>
                          <Asset>
                          <Asset tag="style" attrs={{id:"twilig...", ...}} nonce={undefined}>
                            <style
+                             id="twilight-loading"
-                             id={null}
                              nonce={undefined}
                              dangerouslySetInnerHTML={{
+                               __html: ".loading-overlay{position:fixed;inset:0;display:flex;align-items:center;justi..."
-                               __html: "salla-mini-checkout-modal,salla-mini-checkout-widget{visibility:hidden}.hydra..."
                              }}
-                             data-styles=""
                            >
                          ...
                      ...
 @ http://localhost:5477/@vite/client:532
[   12416ms] [LOG] allowed_pages: [thank-you] @ :10
[   12418ms] [LOG] title: شاهدتها مؤخرا @ :11
[   12418ms] [LOG] limit: 32 @ :12
[   12699ms] [ERROR] Access to fetch at 'https://api.salla.dev/store/v1/menus/footer?lang=ar' from origin 'http://localhost:5477' has been blocked by CORS policy: Response to preflight request doesn't pass access control check: It does not have HTTP ok status. @ http://localhost:5477/optimal-x/ar/p1996831868:0
[   12699ms] [ERROR] Failed to load resource: net::ERR_FAILED @ https://api.salla.dev/store/v1/menus/footer?lang=ar:0
[   13117ms] [ERROR] Access to fetch at 'https://api.salla.dev/store/v1/menus/footer?lang=ar' from origin 'http://localhost:5477' has been blocked by CORS policy: Response to preflight request doesn't pass access control check: It does not have HTTP ok status. @ http://localhost:5477/optimal-x/ar/p1996831868:0
[   13117ms] [ERROR] Failed to load resource: net::ERR_FAILED @ https://api.salla.dev/store/v1/menus/footer?lang=ar:0
[   13834ms] [ERROR] Access to fetch at 'https://api.salla.dev/store/v1/menus/footer?lang=ar' from origin 'http://localhost:5477' has been blocked by CORS policy: Response to preflight request doesn't pass access control check: It does not have HTTP ok status. @ http://localhost:5477/optimal-x/ar/p1996831868:0
[   13834ms] [ERROR] Failed to load resource: net::ERR_FAILED @ https://api.salla.dev/store/v1/menus/footer?lang=ar:0
[   15024ms] [ERROR] Access to fetch at 'https://api.salla.dev/store/v1/menus/footer?lang=ar' from origin 'http://localhost:5477' has been blocked by CORS policy: Response to preflight request doesn't pass access control check: It does not have HTTP ok status. @ http://localhost:5477/optimal-x/ar/p1996831868:0
[   15025ms] [ERROR] Failed to load resource: net::ERR_FAILED @ https://api.salla.dev/store/v1/menus/footer?lang=ar:0
[   15435ms] [ERROR] Access to fetch at 'https://api.salla.dev/store/v1/menus/footer?lang=ar' from origin 'http://localhost:5477' has been blocked by CORS policy: Response to preflight request doesn't pass access control check: It does not have HTTP ok status. @ http://localhost:5477/optimal-x/ar/p1996831868:0
[   15435ms] [ERROR] Failed to load resource: net::ERR_FAILED @ https://api.salla.dev/store/v1/menus/footer?lang=ar:0
[   16494ms] [ERROR] Access to fetch at 'https://api.salla.dev/store/v1/menus/footer?lang=ar' from origin 'http://localhost:5477' has been blocked by CORS policy: Response to preflight request doesn't pass access control check: It does not have HTTP ok status. @ http://localhost:5477/optimal-x/ar/p1996831868:0
[   16494ms] [ERROR] Failed to load resource: net::ERR_FAILED @ https://api.salla.dev/store/v1/menus/footer?lang=ar:0
[   22874ms] [WARNING] The resource https://cdn.assets.salla.network/themes/customization/1888890798/1298199463/499745075.js?v=17898351681 was preloaded using link preload but not used within a few seconds from the window's load event. Please make sure it has an appropriate `as` value and it is preloaded intentionally. @ http://localhost:5477/optimal-x/ar/p1996831868:0
[   93887ms] [WARNING] The resource https://cdn.assets.salla.network/themes/customization/1888890798/1298199463/499745075.js?v=17898351681 was preloaded using link preload but not used within a few seconds from the window's load event. Please make sure it has an appropriate `as` value and it is preloaded intentionally. @ http://localhost:5477/optimal-x/ar/p1996831868:0
[  100888ms] [WARNING] The resource https://cdn.assets.salla.network/themes/customization/1888890798/1298199463/499745075.js?v=17898351681 was preloaded using link preload but not used within a few seconds from the window's load event. Please make sure it has an appropriate `as` value and it is preloaded intentionally. @ http://localhost:5477/optimal-x/ar/p1996831868:0
[  107255ms] [WARNING] The resource https://cdn.assets.salla.network/themes/customization/1888890798/1298199463/499745075.js?v=17898351681 was preloaded using link preload but not used within a few seconds from the window's load event. Please make sure it has an appropriate `as` value and it is preloaded intentionally. @ http://localhost:5477/optimal-x/ar/p1996831868:0
[  187557ms] [ERROR] [store.settings] Failed: TypeError: Failed to execute 'set' on 'Headers': String contains non ISO-8859-1 code point.
    at ky.extend.hooks.beforeRequest (http://localhost:5477/node_modules/.pnpm/@salla.sa+twilight-theme-en_c3cd9c099c8c4c71b5353d842e4aee2e/node_modules/@salla.sa/twilight-theme-engine/dist/chunk-O6XXHXC4.js?v=4ed45cfa:95:25)
    at http://localhost:5477/node_modules/.pnpm/ky@2.1.0/node_modules/ky/distribution/core/Ky.js?v=4ed45cfa:731:73
    at #raceWithTotalTimeout (http://localhost:5477/node_modules/.pnpm/ky@2.1.0/node_modules/ky/distribution/core/Ky.js?v=4ed45cfa:572:20)
    at #runBeforeRequestHooks (http://localhost:5477/node_modules/.pnpm/ky@2.1.0/node_modules/ky/distribution/core/Ky.js?v=4ed45cfa:731:60)
    at function_ (http://localhost:5477/node_modules/.pnpm/ky@2.1.0/node_modules/ky/distribution/core/Ky.js?v=4ed45cfa:117:74)
    at async http://localhost:5477/node_modules/.pnpm/ky@2.1.0/node_modules/ky/distribution/core/Ky.js?v=4ed45cfa:195:24
    at async result.<computed> [as json] (http://localhost:5477/node_modules/.pnpm/ky@2.1.0/node_modules/ky/distribution/core/Ky.js?v=4ed45cfa:219:34)
    at async Object.settings (http://localhost:5477/node_modules/.pnpm/@salla.sa+twilight-theme-en_c3cd9c099c8c4c71b5353d842e4aee2e/node_modules/@salla.sa/twilight-theme-engine/dist/chunk-WMSOSA74.js?v=4ed45cfa:34:20) @ http://localhost:5477/@vite/client:532
[  191203ms] [WARNING] The resource https://cdn.assets.salla.network/themes/customization/1888890798/1298199463/499745075.js?v=17898351681 was preloaded using link preload but not used within a few seconds from the window's load event. Please make sure it has an appropriate `as` value and it is preloaded intentionally. @ http://localhost:5477/optimal-x/ar/p1996831868:0
[  202612ms] [WARNING] The resource https://cdn.assets.salla.network/themes/customization/1888890798/1298199463/499745075.js?v=17898351681 was preloaded using link preload but not used within a few seconds from the window's load event. Please make sure it has an appropriate `as` value and it is preloaded intentionally. @ http://localhost:5477/optimal-x/ar/p1996831868:0
[  211389ms] [WARNING] The resource https://cdn.assets.salla.network/themes/customization/1888890798/1298199463/499745075.js?v=17898351681 was preloaded using link preload but not used within a few seconds from the window's load event. Please make sure it has an appropriate `as` value and it is preloaded intentionally. @ http://localhost:5477/optimal-x/ar/p1996831868:0
[  219932ms] [WARNING] The resource https://cdn.assets.salla.network/themes/customization/1888890798/1298199463/499745075.js?v=17898351681 was preloaded using link preload but not used within a few seconds from the window's load event. Please make sure it has an appropriate `as` value and it is preloaded intentionally. @ http://localhost:5477/optimal-x/ar/p1996831868:0
