[    6401ms] [WARNING] The resource https://cdn.assets.salla.network/themes/customization/1888890798/1298199463/499745075.js?v=17898351681 was preloaded using link preload but not used within a few seconds from the window's load event. Please make sure it has an appropriate `as` value and it is preloaded intentionally. @ http://localhost:5188/optimal-x/%D8%B4%D9%88%D9%81%D8%A7%D9%86-%D8%B3%D8%B1%D9%8A%D8%B9-%D8%A7%D9%84%D8%AA%D8%AD%D8%B6%D9%8A%D8%B1-1-%D9%83%D8%AC%D9%85-%D9%85%D8%A7%D9%8A-%D8%A8%D8%B1%D9%88%D8%AA%D9%8A%D9%86/p1746003438:0
[    6403ms] [WARNING] The resource https://cdn.salla.sa/cdn-cgi/image/fit=scale-down,onerror=redirect,format=auto,width=400/dPrxBd/184e54c1-45b2-4373-8cdd-39243dbd9420-1000x1000-va7a4JfENowR83Szqdm771ErO8No3smnu8JCmTkG.jpg was preloaded using link preload but not used within a few seconds from the window's load event. Please make sure it has an appropriate `as` value and it is preloaded intentionally. @ http://localhost:5188/optimal-x/%D8%B4%D9%88%D9%81%D8%A7%D9%86-%D8%B3%D8%B1%D9%8A%D8%B9-%D8%A7%D9%84%D8%AA%D8%AD%D8%B6%D9%8A%D8%B1-1-%D9%83%D8%AC%D9%85-%D9%85%D8%A7%D9%8A-%D8%A8%D8%B1%D9%88%D8%AA%D9%8A%D9%86/p1746003438:0
[   25007ms] [WARNING] The resource https://cdn.assets.salla.network/themes/customization/1888890798/1298199463/499745075.js?v=17898351681 was preloaded using link preload but not used within a few seconds from the window's load event. Please make sure it has an appropriate `as` value and it is preloaded intentionally. @ http://localhost:5188/optimal-x/%D8%B4%D9%88%D9%81%D8%A7%D9%86-%D8%B3%D8%B1%D9%8A%D8%B9-%D8%A7%D9%84%D8%AA%D8%AD%D8%B6%D9%8A%D8%B1-1-%D9%83%D8%AC%D9%85-%D9%85%D8%A7%D9%8A-%D8%A8%D8%B1%D9%88%D8%AA%D9%8A%D9%86/p1746003438:0
[   25007ms] [WARNING] The resource https://cdn.salla.sa/cdn-cgi/image/fit=scale-down,onerror=redirect,format=auto,width=400/dPrxBd/184e54c1-45b2-4373-8cdd-39243dbd9420-1000x1000-va7a4JfENowR83Szqdm771ErO8No3smnu8JCmTkG.jpg was preloaded using link preload but not used within a few seconds from the window's load event. Please make sure it has an appropriate `as` value and it is preloaded intentionally. @ http://localhost:5188/optimal-x/%D8%B4%D9%88%D9%81%D8%A7%D9%86-%D8%B3%D8%B1%D9%8A%D8%B9-%D8%A7%D9%84%D8%AA%D8%AD%D8%B6%D9%8A%D8%B1-1-%D9%83%D8%AC%D9%85-%D9%85%D8%A7%D9%8A-%D8%A8%D8%B1%D9%88%D8%AA%D9%8A%D9%86/p1746003438:0
[   28418ms] [ERROR] Failed to load resource: the server responded with a status of 404 (Not Found) @ http://localhost:5188/optimal-x/%D8%B4%D9%88%D9%81%D8%A7%D9%86-%D8%B3%D8%B1%D9%8A%D8%B9-%D8%A7%D9%84%D8%AA%D8%AD%D8%B6%D9%8A%D8%B1-1-%D9%83%D8%AC%D9%85-%D9%85%D8%A7%D9%8A-%D8%A8%D8%B1%D9%88%D8%AA%D9%8A%D9%86/p1746003438:0
[   33787ms] [INFO] %cDownload the React DevTools for a better development experience: https://react.dev/link/react-devtools font-weight:bold @ http://localhost:5188/node_modules/.vite/deps/react-dom_client.js?v=dba44219:14335
[   34118ms] [WARNING] [Twilight] Could not hydrate twilight context: no root match in router state @ http://localhost:5188/@vite/client:532
[   34505ms] Error: Hydration failed because the server rendered HTML didn't match the client. As a result this tree will be regenerated on the client. This can happen if a SSR-ed Client Component used:

- A server/client branch `if (typeof window !== 'undefined')`.
- Variable input such as `Date.now()` or `Math.random()` which changes each time it's called.
- Date formatting in a user's locale which doesn't match the server.
- External changing data without sending a snapshot of it along with the HTML.
- Invalid HTML tag nesting.

It can also happen if the client has a browser extension installed which messes with the HTML before React loaded.

https://react.dev/link/hydration-mismatch

  ...
    <QueryClientProvider client={{}}>
      <Matches>
        <Transitioner>
        <SafeFragment fallback={<Context>}>
          <MatchesInner>
            <CatchBoundary getResetKey={function getResetKey} onCatch={function}>
              <MatchImpl routeId="__root__">
                <MatchView router={{...}} match={{id:"__root__/", ...}}>
                  <RootComponent>
                    <html lang="ar" dir="rtl" suppressHydrationWarning={true}>
                      <head>
                        <meta>
                        <meta>
                        <meta>
                        <HeadContent>
                          <Asset>
                          <Asset>
                          <Asset>
                          <Asset>
                          <Asset>
                          <Asset>
                          <Asset>
                          <Asset>
                          <Asset>
                          <Asset>
                          <Asset>
                          <Asset>
                          <Asset>
                          <Asset>
                          <Asset>
                          <Asset>
                          <Asset>
                          <Asset>
                          <Asset>
                          <Asset>
                          <Asset>
                          <Asset>
                          <Asset>
                          <Asset>
                          <Asset>
                          <Asset>
                          <Asset>
                          <Asset>
                          <Asset>
                          <Asset>
                          <Asset>
                          <Asset>
                          <Asset>
                          <Asset>
                          <Asset tag="style" attrs={{id:"twilig...", ...}} nonce={undefined}>
                            <style
+                             id="twilight-loading"
-                             id={null}
                              nonce={undefined}
                              dangerouslySetInnerHTML={{
+                               __html: ".loading-overlay{position:fixed;inset:0;display:flex;align-items:center;justi..."
-                               __html: "salla-mini-checkout-modal,salla-mini-checkout-widget{visibility:hidden}.hydra..."
                              }}
-                             data-styles=""
                            >
                          ...
                      ...
                        <NavigationProvider navigate={function}>
                          <LinkProvider adapter={{...}}>
                            <WidgetHead>
                            <AppsSnippets>
                              <script
+                               src="https://cdn.portal.files.salla.network/snippets/prod/691365818/634884746.js"
-                               src={null}
+                               defer={true}
-                               defer={null}
+                               data-scope-id="1496036480"
-                               data-scope-id={null}
+                               data-snippet-id="13609"
-                               data-snippet-id={null}
-                               type="application/ld+json"
                              >
-                               {"{\"@context\":\"https://schema.org\",\"@graph\":[{\"@type\":\"Organization\",\"@id..."}
                            ...

    at throwOnHydrationMismatch (http://localhost:5188/node_modules/.vite/deps/react-dom_client.js?v=dba44219:2968:51)
    at popHydrationState (http://localhost:5188/node_modules/.vite/deps/react-dom_client.js?v=dba44219:3051:5)
    at completeWork (http://localhost:5188/node_modules/.vite/deps/react-dom_client.js?v=dba44219:6332:11)
    at runWithFiberInDEV (http://localhost:5188/node_modules/.vite/deps/react-dom_client.js?v=dba44219:851:66)
    at completeUnitOfWork (http://localhost:5188/node_modules/.vite/deps/react-dom_client.js?v=dba44219:8492:15)
    at performUnitOfWork (http://localhost:5188/node_modules/.vite/deps/react-dom_client.js?v=dba44219:8431:23)
    at workLoopConcurrentByScheduler (http://localhost:5188/node_modules/.vite/deps/react-dom_client.js?v=dba44219:8425:55)
    at renderRootConcurrent (http://localhost:5188/node_modules/.vite/deps/react-dom_client.js?v=dba44219:8408:64)
    at performWorkOnRoot (http://localhost:5188/node_modules/.vite/deps/react-dom_client.js?v=dba44219:7957:145)
    at performWorkOnRootViaSchedulerTask (http://localhost:5188/node_modules/.vite/deps/react-dom_client.js?v=dba44219:9059:4)
[   34812ms] [LOG] allowed_pages: [thank-you] @ :10
[   34816ms] [LOG] title: شاهدتها مؤخرا @ :11
[   34818ms] [LOG] limit: 32 @ :12
[   39490ms] [WARNING] The resource https://cdn.assets.salla.network/themes/customization/1888890798/1298199463/499745075.js?v=17898351681 was preloaded using link preload but not used within a few seconds from the window's load event. Please make sure it has an appropriate `as` value and it is preloaded intentionally. @ http://localhost:5188/optimal-x/%D8%B4%D9%88%D9%81%D8%A7%D9%86-%D8%B3%D8%B1%D9%8A%D8%B9-%D8%A7%D9%84%D8%AA%D8%AD%D8%B6%D9%8A%D8%B1-1-%D9%83%D8%AC%D9%85-%D9%85%D8%A7%D9%8A-%D8%A8%D8%B1%D9%88%D8%AA%D9%8A%D9%86/p1746003438:0
[   53636ms] [WARNING] The resource https://cdn.assets.salla.network/themes/customization/1888890798/1298199463/499745075.js?v=17898351681 was preloaded using link preload but not used within a few seconds from the window's load event. Please make sure it has an appropriate `as` value and it is preloaded intentionally. @ http://localhost:5188/optimal-x/%D8%B4%D9%88%D9%81%D8%A7%D9%86-%D8%B3%D8%B1%D9%8A%D8%B9-%D8%A7%D9%84%D8%AA%D8%AD%D8%B6%D9%8A%D8%B1-1-%D9%83%D8%AC%D9%85-%D9%85%D8%A7%D9%8A-%D8%A8%D8%B1%D9%88%D8%AA%D9%8A%D9%86/p1746003438:0
[   64925ms] [WARNING] The resource https://cdn.assets.salla.network/themes/customization/1888890798/1298199463/499745075.js?v=17898351681 was preloaded using link preload but not used within a few seconds from the window's load event. Please make sure it has an appropriate `as` value and it is preloaded intentionally. @ http://localhost:5188/optimal-x/%D8%B4%D9%88%D9%81%D8%A7%D9%86-%D8%B3%D8%B1%D9%8A%D8%B9-%D8%A7%D9%84%D8%AA%D8%AD%D8%B6%D9%8A%D8%B1-1-%D9%83%D8%AC%D9%85-%D9%85%D8%A7%D9%8A-%D8%A8%D8%B1%D9%88%D8%AA%D9%8A%D9%86/p1746003438:0
[   77349ms] [WARNING] The resource https://cdn.assets.salla.network/themes/customization/1888890798/1298199463/499745075.js?v=17898351681 was preloaded using link preload but not used within a few seconds from the window's load event. Please make sure it has an appropriate `as` value and it is preloaded intentionally. @ http://localhost:5188/optimal-x/%D8%B4%D9%88%D9%81%D8%A7%D9%86-%D8%B3%D8%B1%D9%8A%D8%B9-%D8%A7%D9%84%D8%AA%D8%AD%D8%B6%D9%8A%D8%B1-1-%D9%83%D8%AC%D9%85-%D9%85%D8%A7%D9%8A-%D8%A8%D8%B1%D9%88%D8%AA%D9%8A%D9%86/p1746003438:0
[   90493ms] [WARNING] The resource https://cdn.assets.salla.network/themes/customization/1888890798/1298199463/499745075.js?v=17898351681 was preloaded using link preload but not used within a few seconds from the window's load event. Please make sure it has an appropriate `as` value and it is preloaded intentionally. @ http://localhost:5188/optimal-x/%D8%B4%D9%88%D9%81%D8%A7%D9%86-%D8%B3%D8%B1%D9%8A%D8%B9-%D8%A7%D9%84%D8%AA%D8%AD%D8%B6%D9%8A%D8%B1-1-%D9%83%D8%AC%D9%85-%D9%85%D8%A7%D9%8A-%D8%A8%D8%B1%D9%88%D8%AA%D9%8A%D9%86/p1746003438:0
[  118516ms] [WARNING] The resource https://cdn.assets.salla.network/themes/customization/1888890798/1298199463/499745075.js?v=17898351681 was preloaded using link preload but not used within a few seconds from the window's load event. Please make sure it has an appropriate `as` value and it is preloaded intentionally. @ http://localhost:5188/optimal-x/%D8%B4%D9%88%D9%81%D8%A7%D9%86-%D8%B3%D8%B1%D9%8A%D8%B9-%D8%A7%D9%84%D8%AA%D8%AD%D8%B6%D9%8A%D8%B1-1-%D9%83%D8%AC%D9%85-%D9%85%D8%A7%D9%8A-%D8%A8%D8%B1%D9%88%D8%AA%D9%8A%D9%86/p1746003438:0
[  165058ms] [ERROR] Failed to load resource: the server responded with a status of 500 (Internal Server Error) @ http://localhost:5188/optimal-x/%D8%B4%D9%88%D9%81%D8%A7%D9%86-%D8%B3%D8%B1%D9%8A%D8%B9-%D8%A7%D9%84%D8%AA%D8%AD%D8%B6%D9%8A%D8%B1-1-%D9%83%D8%AC%D9%85-%D9%85%D8%A7%D9%8A-%D8%A8%D8%B1%D9%88%D8%AA%D9%8A%D9%86/p1746003438:0
[  213862ms] [INFO] %cDownload the React DevTools for a better development experience: https://react.dev/link/react-devtools font-weight:bold @ http://localhost:5188/node_modules/.vite/deps/react-dom_client.js?v=dba44219:14335
[  214725ms] [WARNING] [Twilight] Could not hydrate twilight context: no root match in router state @ http://localhost:5188/@vite/client:532
[  216699ms] Error: Hydration failed because the server rendered HTML didn't match the client. As a result this tree will be regenerated on the client. This can happen if a SSR-ed Client Component used:

- A server/client branch `if (typeof window !== 'undefined')`.
- Variable input such as `Date.now()` or `Math.random()` which changes each time it's called.
- Date formatting in a user's locale which doesn't match the server.
- External changing data without sending a snapshot of it along with the HTML.
- Invalid HTML tag nesting.

It can also happen if the client has a browser extension installed which messes with the HTML before React loaded.

https://react.dev/link/hydration-mismatch

  ...
    <CatchBoundary getResetKey={function getResetKey} onCatch={function}>
      <MatchImpl routeId="__root__">
        <MatchView router={{...}} match={{id:"__root__/", ...}}>
          <RootComponent>
            <html lang="ar" dir="rtl" suppressHydrationWarning={true}>
              <head>
              <body suppressHydrationWarning={true}>
                <noscript>
                <TwilightProvider translations={{ar.trans:{...}, ...}} layout={function OptimalXLayout}>
                  <DocumentClassProvider>
                    <I18nProvider i18nInstance={{observers:{}, ...}} themeTranslations={{ar.trans:{...}, ...}}>
                      <I18nextProvider i18n={{observers:{}, ...}}>
                        <ThemeDocumentSync>
                        <TanStackDocumentSync>
+                       <div className="loading-overlay">
-                       <salla-hook className="hydrated">
                    ...
                ...

    at throwOnHydrationMismatch (http://localhost:5188/node_modules/.vite/deps/react-dom_client.js?v=dba44219:2968:51)
    at beginWork (http://localhost:5188/node_modules/.vite/deps/react-dom_client.js?v=dba44219:6200:914)
    at runWithFiberInDEV (http://localhost:5188/node_modules/.vite/deps/react-dom_client.js?v=dba44219:851:66)
    at performUnitOfWork (http://localhost:5188/node_modules/.vite/deps/react-dom_client.js?v=dba44219:8429:92)
    at workLoopConcurrentByScheduler (http://localhost:5188/node_modules/.vite/deps/react-dom_client.js?v=dba44219:8425:55)
    at renderRootConcurrent (http://localhost:5188/node_modules/.vite/deps/react-dom_client.js?v=dba44219:8408:64)
    at performWorkOnRoot (http://localhost:5188/node_modules/.vite/deps/react-dom_client.js?v=dba44219:7957:145)
    at performWorkOnRootViaSchedulerTask (http://localhost:5188/node_modules/.vite/deps/react-dom_client.js?v=dba44219:9059:4)
    at MessagePort.performWorkUntilDeadline (http://localhost:5188/node_modules/.vite/deps/react-dom_client.js?v=dba44219:36:38)
[  216703ms] [ERROR] Trying to init Twilight without store.id! @ http://localhost:5188/@vite/client:532
[  216704ms] [LOG] you can initiate twilight using this line only: Salla.init({store:{id:1234}}) @ https://cdn.assets.salla.network/dev/@salla.sa/twilight/9b1ad668bb386735f64a045e4c13b4c5508ad4c8/p-CynV-zYl.js:3
[  216711ms] [ERROR] Trying to init Twilight without store.id! @ http://localhost:5188/@vite/client:532
[  216712ms] [LOG] you can initiate twilight using this line only: Salla.init({store:{id:1234}}) @ https://cdn.assets.salla.network/dev/@salla.sa/twilight/9b1ad668bb386735f64a045e4c13b4c5508ad4c8/p-CynV-zYl.js:3
[  226322ms] [WARNING] The resource https://cdn.assets.salla.network/themes/customization/1888890798/1298199463/499745075.js?v=17898351681 was preloaded using link preload but not used within a few seconds from the window's load event. Please make sure it has an appropriate `as` value and it is preloaded intentionally. @ http://localhost:5188/optimal-x/%D8%B4%D9%88%D9%81%D8%A7%D9%86-%D8%B3%D8%B1%D9%8A%D8%B9-%D8%A7%D9%84%D8%AA%D8%AD%D8%B6%D9%8A%D8%B1-1-%D9%83%D8%AC%D9%85-%D9%85%D8%A7%D9%8A-%D8%A8%D8%B1%D9%88%D8%AA%D9%8A%D9%86/p1746003438:0
[  307618ms] [WARNING] The resource https://cdn.assets.salla.network/themes/customization/1888890798/1298199463/499745075.js?v=17898351681 was preloaded using link preload but not used within a few seconds from the window's load event. Please make sure it has an appropriate `as` value and it is preloaded intentionally. @ http://localhost:5188/optimal-x/%D8%B4%D9%88%D9%81%D8%A7%D9%86-%D8%B3%D8%B1%D9%8A%D8%B9-%D8%A7%D9%84%D8%AA%D8%AD%D8%B6%D9%8A%D8%B1-1-%D9%83%D8%AC%D9%85-%D9%85%D8%A7%D9%8A-%D8%A8%D8%B1%D9%88%D8%AA%D9%8A%D9%86/p1746003438:0
[  382302ms] [INFO] %cDownload the React DevTools for a better development experience: https://react.dev/link/react-devtools font-weight:bold @ http://localhost:5188/node_modules/.vite/deps/react-dom_client.js?v=dba44219:14335
[  382896ms] [WARNING] [Twilight] Could not hydrate twilight context: no root match in router state @ http://localhost:5188/@vite/client:532
[  390197ms] Error: Hydration failed because the server rendered HTML didn't match the client. As a result this tree will be regenerated on the client. This can happen if a SSR-ed Client Component used:

- A server/client branch `if (typeof window !== 'undefined')`.
- Variable input such as `Date.now()` or `Math.random()` which changes each time it's called.
- Date formatting in a user's locale which doesn't match the server.
- External changing data without sending a snapshot of it along with the HTML.
- Invalid HTML tag nesting.

It can also happen if the client has a browser extension installed which messes with the HTML before React loaded.

https://react.dev/link/hydration-mismatch

  ...
    <QueryClientProvider client={{}}>
      <Matches>
        <Transitioner>
        <SafeFragment fallback={<Context>}>
          <MatchesInner>
            <CatchBoundary getResetKey={function getResetKey} onCatch={function}>
              <MatchImpl routeId="__root__">
                <MatchView router={{...}} match={{id:"__root__/", ...}}>
                  <RootComponent>
                    <html lang="ar" dir="rtl" suppressHydrationWarning={true}>
                      <head>
                        <meta>
                        <meta>
                        <meta>
                        <HeadContent>
                          <Asset>
                          <Asset>
                          <Asset>
                          <Asset>
                          <Asset>
                          <Asset>
                          <Asset>
                          <Asset>
                          <Asset>
                          <Asset>
                          <Asset>
                          <Asset>
                          <Asset>
                          <Asset>
                          <Asset>
                          <Asset>
                          <Asset>
                          <Asset>
                          <Asset>
                          <Asset>
                          <Asset>
                          <Asset>
                          <Asset>
                          <Asset>
                          <Asset>
                          <Asset>
                          <Asset>
                          <Asset>
                          <Asset>
                          <Asset>
                          <Asset>
                          <Asset>
                          <Asset>
                          <Asset>
                          <Asset>
                          <Asset tag="style" attrs={{id:"twilig...", ...}} nonce={undefined}>
                            <style
+                             id="twilight-loading"
-                             id={null}
                              nonce={undefined}
                              dangerouslySetInnerHTML={{
+                               __html: ".loading-overlay{position:fixed;inset:0;display:flex;align-items:center;justi..."
-                               __html: "salla-mini-checkout-modal,salla-mini-checkout-widget{visibility:hidden}.hydra..."
                              }}
-                             data-styles=""
                            >
                          ...
                      ...
                        <NavigationProvider navigate={function}>
                          <LinkProvider adapter={{...}}>
                            <WidgetHead>
                            <AppsSnippets>
                              <script
+                               src="https://cdn.portal.files.salla.network/snippets/prod/691365818/634884746.js"
-                               src={null}
+                               defer={true}
-                               defer={null}
+                               data-scope-id="1496036480"
-                               data-scope-id={null}
+                               data-snippet-id="13609"
-                               data-snippet-id={null}
-                               type="application/ld+json"
                              >
-                               {"{\"@context\":\"https://schema.org\",\"@graph\":[{\"@type\":\"Organization\",\"@id..."}
                            ...

    at throwOnHydrationMismatch (http://localhost:5188/node_modules/.vite/deps/react-dom_client.js?v=dba44219:2968:51)
    at popHydrationState (http://localhost:5188/node_modules/.vite/deps/react-dom_client.js?v=dba44219:3051:5)
    at completeWork (http://localhost:5188/node_modules/.vite/deps/react-dom_client.js?v=dba44219:6332:11)
    at runWithFiberInDEV (http://localhost:5188/node_modules/.vite/deps/react-dom_client.js?v=dba44219:851:66)
    at completeUnitOfWork (http://localhost:5188/node_modules/.vite/deps/react-dom_client.js?v=dba44219:8492:15)
    at performUnitOfWork (http://localhost:5188/node_modules/.vite/deps/react-dom_client.js?v=dba44219:8431:23)
    at workLoopConcurrentByScheduler (http://localhost:5188/node_modules/.vite/deps/react-dom_client.js?v=dba44219:8425:55)
    at renderRootConcurrent (http://localhost:5188/node_modules/.vite/deps/react-dom_client.js?v=dba44219:8408:64)
    at performWorkOnRoot (http://localhost:5188/node_modules/.vite/deps/react-dom_client.js?v=dba44219:7957:145)
    at performWorkOnRootViaSchedulerTask (http://localhost:5188/node_modules/.vite/deps/react-dom_client.js?v=dba44219:9059:4)
[  395632ms] [LOG] allowed_pages: [thank-you] @ :10
[  395635ms] [LOG] title: شاهدتها مؤخرا @ :11
[  395635ms] [LOG] limit: 32 @ :12
[  397201ms] [WARNING] The resource https://cdn.assets.salla.network/themes/customization/1888890798/1298199463/499745075.js?v=17898351681 was preloaded using link preload but not used within a few seconds from the window's load event. Please make sure it has an appropriate `as` value and it is preloaded intentionally. @ http://localhost:5188/optimal-x/%D8%B4%D9%88%D9%81%D8%A7%D9%86-%D8%B3%D8%B1%D9%8A%D8%B9-%D8%A7%D9%84%D8%AA%D8%AD%D8%B6%D9%8A%D8%B1-1-%D9%83%D8%AC%D9%85-%D9%85%D8%A7%D9%8A-%D8%A8%D8%B1%D9%88%D8%AA%D9%8A%D9%86/p1746003438:0
[  438341ms] [WARNING] The resource https://cdn.assets.salla.network/themes/customization/1888890798/1298199463/499745075.js?v=17898351681 was preloaded using link preload but not used within a few seconds from the window's load event. Please make sure it has an appropriate `as` value and it is preloaded intentionally. @ http://localhost:5188/optimal-x/%D8%B4%D9%88%D9%81%D8%A7%D9%86-%D8%B3%D8%B1%D9%8A%D8%B9-%D8%A7%D9%84%D8%AA%D8%AD%D8%B6%D9%8A%D8%B1-1-%D9%83%D8%AC%D9%85-%D9%85%D8%A7%D9%8A-%D8%A8%D8%B1%D9%88%D8%AA%D9%8A%D9%86/p1746003438:0
[  446639ms] [WARNING] The resource https://cdn.assets.salla.network/themes/customization/1888890798/1298199463/499745075.js?v=17898351681 was preloaded using link preload but not used within a few seconds from the window's load event. Please make sure it has an appropriate `as` value and it is preloaded intentionally. @ http://localhost:5188/optimal-x/%D8%B4%D9%88%D9%81%D8%A7%D9%86-%D8%B3%D8%B1%D9%8A%D8%B9-%D8%A7%D9%84%D8%AA%D8%AD%D8%B6%D9%8A%D8%B1-1-%D9%83%D8%AC%D9%85-%D9%85%D8%A7%D9%8A-%D8%A8%D8%B1%D9%88%D8%AA%D9%8A%D9%86/p1746003438:0
[  453760ms] [WARNING] The resource https://cdn.assets.salla.network/themes/customization/1888890798/1298199463/499745075.js?v=17898351681 was preloaded using link preload but not used within a few seconds from the window's load event. Please make sure it has an appropriate `as` value and it is preloaded intentionally. @ http://localhost:5188/optimal-x/%D8%B4%D9%88%D9%81%D8%A7%D9%86-%D8%B3%D8%B1%D9%8A%D8%B9-%D8%A7%D9%84%D8%AA%D8%AD%D8%B6%D9%8A%D8%B1-1-%D9%83%D8%AC%D9%85-%D9%85%D8%A7%D9%8A-%D8%A8%D8%B1%D9%88%D8%AA%D9%8A%D9%86/p1746003438:0
[  569688ms] [WARNING] The resource https://cdn.assets.salla.network/themes/customization/1888890798/1298199463/499745075.js?v=17898351681 was preloaded using link preload but not used within a few seconds from the window's load event. Please make sure it has an appropriate `as` value and it is preloaded intentionally. @ http://localhost:5188/optimal-x/%D8%B4%D9%88%D9%81%D8%A7%D9%86-%D8%B3%D8%B1%D9%8A%D8%B9-%D8%A7%D9%84%D8%AA%D8%AD%D8%B6%D9%8A%D8%B1-1-%D9%83%D8%AC%D9%85-%D9%85%D8%A7%D9%8A-%D8%A8%D8%B1%D9%88%D8%AA%D9%8A%D9%86/p1746003438:0
[  569854ms] [ERROR] Failed to load resource: the server responded with a status of 500 (Internal Server Error) @ http://localhost:5188/optimal-x/%D8%B4%D9%88%D9%81%D8%A7%D9%86-%D8%B3%D8%B1%D9%8A%D8%B9-%D8%A7%D9%84%D8%AA%D8%AD%D8%B6%D9%8A%D8%B1-1-%D9%83%D8%AC%D9%85-%D9%85%D8%A7%D9%8A-%D8%A8%D8%B1%D9%88%D8%AA%D9%8A%D9%86/p1746003438:0
[  573334ms] [INFO] %cDownload the React DevTools for a better development experience: https://react.dev/link/react-devtools font-weight:bold @ http://localhost:5188/node_modules/.vite/deps/react-dom_client.js?v=dba44219:14335
[  573455ms] [WARNING] [Twilight] Could not hydrate twilight context: no root match in router state @ http://localhost:5188/@vite/client:532
[  579219ms] Error: Hydration failed because the server rendered HTML didn't match the client. As a result this tree will be regenerated on the client. This can happen if a SSR-ed Client Component used:

- A server/client branch `if (typeof window !== 'undefined')`.
- Variable input such as `Date.now()` or `Math.random()` which changes each time it's called.
- Date formatting in a user's locale which doesn't match the server.
- External changing data without sending a snapshot of it along with the HTML.
- Invalid HTML tag nesting.

It can also happen if the client has a browser extension installed which messes with the HTML before React loaded.

https://react.dev/link/hydration-mismatch

  ...
    <CatchBoundary getResetKey={function getResetKey} onCatch={function}>
      <MatchImpl routeId="__root__">
        <MatchView router={{...}} match={{id:"__root__/", ...}}>
          <RootComponent>
            <html lang="ar" dir="rtl" suppressHydrationWarning={true}>
              <head>
              <body suppressHydrationWarning={true}>
                <noscript>
                <TwilightProvider translations={{ar.trans:{...}, ...}} layout={function OptimalXLayout}>
                  <DocumentClassProvider>
                    <I18nProvider i18nInstance={{observers:{}, ...}} themeTranslations={{ar.trans:{...}, ...}}>
                      <I18nextProvider i18n={{observers:{}, ...}}>
                        <ThemeDocumentSync>
                        <TanStackDocumentSync>
+                       <div className="loading-overlay">
-                       <salla-hook className="hydrated">
                    ...
                ...

    at throwOnHydrationMismatch (http://localhost:5188/node_modules/.vite/deps/react-dom_client.js?v=dba44219:2968:51)
    at beginWork (http://localhost:5188/node_modules/.vite/deps/react-dom_client.js?v=dba44219:6200:914)
    at runWithFiberInDEV (http://localhost:5188/node_modules/.vite/deps/react-dom_client.js?v=dba44219:851:66)
    at performUnitOfWork (http://localhost:5188/node_modules/.vite/deps/react-dom_client.js?v=dba44219:8429:92)
    at workLoopConcurrentByScheduler (http://localhost:5188/node_modules/.vite/deps/react-dom_client.js?v=dba44219:8425:55)
    at renderRootConcurrent (http://localhost:5188/node_modules/.vite/deps/react-dom_client.js?v=dba44219:8408:64)
    at performWorkOnRoot (http://localhost:5188/node_modules/.vite/deps/react-dom_client.js?v=dba44219:7957:145)
    at performWorkOnRootViaSchedulerTask (http://localhost:5188/node_modules/.vite/deps/react-dom_client.js?v=dba44219:9059:4)
    at MessagePort.performWorkUntilDeadline (http://localhost:5188/node_modules/.vite/deps/react-dom_client.js?v=dba44219:36:38)
[  573519ms] [ERROR] Trying to init Twilight without store.id! @ http://localhost:5188/@vite/client:532
[  573519ms] [LOG] you can initiate twilight using this line only: Salla.init({store:{id:1234}}) @ https://cdn.assets.salla.network/dev/@salla.sa/twilight/9b1ad668bb386735f64a045e4c13b4c5508ad4c8/p-CynV-zYl.js:3
[  573521ms] [ERROR] Trying to init Twilight without store.id! @ http://localhost:5188/@vite/client:532
[  573521ms] [LOG] you can initiate twilight using this line only: Salla.init({store:{id:1234}}) @ https://cdn.assets.salla.network/dev/@salla.sa/twilight/9b1ad668bb386735f64a045e4c13b4c5508ad4c8/p-CynV-zYl.js:3
[  577641ms] [WARNING] The resource https://cdn.assets.salla.network/themes/customization/1888890798/1298199463/499745075.js?v=17898351681 was preloaded using link preload but not used within a few seconds from the window's load event. Please make sure it has an appropriate `as` value and it is preloaded intentionally. @ http://localhost:5188/optimal-x/%D8%B4%D9%88%D9%81%D8%A7%D9%86-%D8%B3%D8%B1%D9%8A%D8%B9-%D8%A7%D9%84%D8%AA%D8%AD%D8%B6%D9%8A%D8%B1-1-%D9%83%D8%AC%D9%85-%D9%85%D8%A7%D9%8A-%D8%A8%D8%B1%D9%88%D8%AA%D9%8A%D9%86/p1746003438:0
[ 1253530ms] [LOG] [vite] server connection lost. Polling for restart... @ http://localhost:5188/@vite/client:1002
