[   47446ms] [INFO] %cDownload the React DevTools for a better development experience: https://react.dev/link/react-devtools font-weight:bold @ http://localhost:5488/node_modules/.vite/deps/react-dom_client.js?v=8379d83e:14335
[   47650ms] [WARNING] [Twilight] Could not hydrate twilight context: no root match in router state @ http://localhost:5488/@vite/client:532
[   47970ms] [ERROR] The result of getServerSnapshot should be cached to avoid an infinite loop @ http://localhost:5488/@vite/client:532
[   48029ms] [ERROR] A tree hydrated but some attributes of the server rendered HTML didn't match the client properties. This won't be patched up. This can happen if a SSR-ed Client Component used:

- A server/client branch `if (typeof window !== 'undefined')`.
- Variable input such as `Date.now()` or `Math.random()` which changes each time it's called.
- Date formatting in a user's locale which doesn't match the server.
- External changing data without sending a snapshot of it along with the HTML.
- Invalid HTML tag nesting.

It can also happen if the client has a browser extension installed which messes with the HTML before React loaded.

%s%s https://react.dev/link/hydration-mismatch 

  ...
    <QueryClientProvider client={{}}>
      <Matches>
        <Transitioner>
        <SafeFragment fallback={<Context>}>
          <MatchesInner>
            <CatchBoundary getResetKey={function getResetKey} onCatch={function}>
              <MatchImpl routeId="__root__">
                <MatchView router={{...}} match={{id:"__root__/", ...}}>
                  <RootComponent>
                    <html lang="ar" dir="rtl" suppressHydrationWarning={true}>
                      <head>
                        <meta>
                        <meta>
                        <meta>
                        <HeadContent>
                          <Asset>
                          <Asset>
                          <Asset>
                          <Asset>
                          <Asset>
                          <Asset>
                          <Asset>
                          <Asset>
                          <Asset>
                          <Asset>
                          <Asset>
                          <Asset>
                          <Asset>
                          <Asset>
                          <Asset>
                          <Asset>
                          <Asset>
                          <Asset>
                          <Asset>
                          <Asset>
                          <Asset>
                          <Asset>
                          <Asset>
                          <Asset>
                          <Asset>
                          <Asset>
                          <Asset>
                          <Asset>
                          <Asset>
                          <Asset>
                          <Asset>
                          <Asset>
                          <Asset>
                          <Asset>
                          <Asset tag="style" attrs={{id:"twilig...", ...}} nonce={undefined}>
                            <style
+                             id="twilight-loading"
-                             id={null}
                              nonce={undefined}
                              dangerouslySetInnerHTML={{
+                               __html: ".loading-overlay{position:fixed;inset:0;display:flex;align-items:center;justi..."
-                               __html: "salla-mini-checkout-modal,salla-mini-checkout-widget{visibility:hidden}.hydra..."
                              }}
-                             data-styles=""
                            >
                          ...
                      ...
                        <li>
                          <Link to="/" className="ox-tab">
                            <TanStackLinkAdapter ref={null} to="/" className="ox-tab" data-spa-link="">
                              <a
+                               className="ox-tab active"
-                               className="ox-tab is-active active"
                                style={undefined}
                                title={undefined}
                                target={undefined}
                                rel={undefined}
                                onClick={function handleClick}
                                aria-label={undefined}
                                data-spa-link=""
                                ref={{current:null}}
                                onBlur={function handleLeave}
                                onFocus={function}
                                onMouseEnter={function}
                                onMouseLeave={function handleLeave}
                                onTouchStart={function handleTouchStart}
                                href="/dev-ubq7yzb0tnbuirvv"
                                data-status="active"
                                aria-current="page"
                              >
 @ http://localhost:5488/@vite/client:532
[   48345ms] [LOG] allowed_pages: [thank-you] @ :10
[   48348ms] [LOG] title: شاهدتها مؤخرا @ :11
[   48348ms] [LOG] limit: 32 @ :12
[   48759ms] [LOG] [HomeComponentRenderer] RENDER: path=ox-hero, index=0, renderCount=1 @ http://localhost:5488/node_modules/.pnpm/@salla.sa+twilight-theme-en_c3cd9c099c8c4c71b5353d842e4aee2e/node_modules/@salla.sa/twilight-theme-engine/dist/chunk-WITIL2MK.js?v=8379d83e:670
[   48760ms] [LOG] [HomeComponentRenderer] RENDER: path=ox-hero, index=0, renderCount=2 @ http://localhost:5488/node_modules/.pnpm/@salla.sa+twilight-theme-en_c3cd9c099c8c4c71b5353d842e4aee2e/node_modules/@salla.sa/twilight-theme-engine/dist/chunk-WITIL2MK.js?v=8379d83e:670
[   48862ms] [LOG] [HomeComponentRenderer] RENDER: path=ox-hero, index=0, renderCount=1 @ http://localhost:5488/node_modules/.pnpm/@salla.sa+twilight-theme-en_c3cd9c099c8c4c71b5353d842e4aee2e/node_modules/@salla.sa/twilight-theme-engine/dist/chunk-WITIL2MK.js?v=8379d83e:670
[   48862ms] [LOG] [HomeComponentRenderer] RENDER: path=ox-hero, index=0, renderCount=2 @ http://localhost:5488/node_modules/.pnpm/@salla.sa+twilight-theme-en_c3cd9c099c8c4c71b5353d842e4aee2e/node_modules/@salla.sa/twilight-theme-engine/dist/chunk-WITIL2MK.js?v=8379d83e:670
[   48864ms] [LOG] [HomeComponentRenderer] RENDER: path=ox-trust-strip, index=1, renderCount=1 @ http://localhost:5488/node_modules/.pnpm/@salla.sa+twilight-theme-en_c3cd9c099c8c4c71b5353d842e4aee2e/node_modules/@salla.sa/twilight-theme-engine/dist/chunk-WITIL2MK.js?v=8379d83e:670
[   48864ms] [LOG] [HomeComponentRenderer] RENDER: path=ox-trust-strip, index=1, renderCount=2 @ http://localhost:5488/node_modules/.pnpm/@salla.sa+twilight-theme-en_c3cd9c099c8c4c71b5353d842e4aee2e/node_modules/@salla.sa/twilight-theme-engine/dist/chunk-WITIL2MK.js?v=8379d83e:670
[   48865ms] [LOG] [HomeComponentRenderer] RENDER: path=ox-goals, index=2, renderCount=1 @ http://localhost:5488/node_modules/.pnpm/@salla.sa+twilight-theme-en_c3cd9c099c8c4c71b5353d842e4aee2e/node_modules/@salla.sa/twilight-theme-engine/dist/chunk-WITIL2MK.js?v=8379d83e:670
[   48865ms] [LOG] [HomeComponentRenderer] RENDER: path=ox-goals, index=2, renderCount=2 @ http://localhost:5488/node_modules/.pnpm/@salla.sa+twilight-theme-en_c3cd9c099c8c4c71b5353d842e4aee2e/node_modules/@salla.sa/twilight-theme-engine/dist/chunk-WITIL2MK.js?v=8379d83e:670
[   48866ms] [LOG] [HomeComponentRenderer] RENDER: path=ox-categories, index=3, renderCount=1 @ http://localhost:5488/node_modules/.pnpm/@salla.sa+twilight-theme-en_c3cd9c099c8c4c71b5353d842e4aee2e/node_modules/@salla.sa/twilight-theme-engine/dist/chunk-WITIL2MK.js?v=8379d83e:670
[   48866ms] [LOG] [HomeComponentRenderer] RENDER: path=ox-categories, index=3, renderCount=2 @ http://localhost:5488/node_modules/.pnpm/@salla.sa+twilight-theme-en_c3cd9c099c8c4c71b5353d842e4aee2e/node_modules/@salla.sa/twilight-theme-engine/dist/chunk-WITIL2MK.js?v=8379d83e:670
[   48869ms] [LOG] [HomeComponentRenderer] RENDER: path=ox-products, index=4, renderCount=1 @ http://localhost:5488/node_modules/.pnpm/@salla.sa+twilight-theme-en_c3cd9c099c8c4c71b5353d842e4aee2e/node_modules/@salla.sa/twilight-theme-engine/dist/chunk-WITIL2MK.js?v=8379d83e:670
[   48870ms] [LOG] [HomeComponentRenderer] RENDER: path=ox-products, index=4, renderCount=2 @ http://localhost:5488/node_modules/.pnpm/@salla.sa+twilight-theme-en_c3cd9c099c8c4c71b5353d842e4aee2e/node_modules/@salla.sa/twilight-theme-engine/dist/chunk-WITIL2MK.js?v=8379d83e:670
[   48873ms] [LOG] [HomeComponentRenderer] RENDER: path=ox-brands, index=5, renderCount=1 @ http://localhost:5488/node_modules/.pnpm/@salla.sa+twilight-theme-en_c3cd9c099c8c4c71b5353d842e4aee2e/node_modules/@salla.sa/twilight-theme-engine/dist/chunk-WITIL2MK.js?v=8379d83e:670
[   48873ms] [LOG] [HomeComponentRenderer] RENDER: path=ox-brands, index=5, renderCount=2 @ http://localhost:5488/node_modules/.pnpm/@salla.sa+twilight-theme-en_c3cd9c099c8c4c71b5353d842e4aee2e/node_modules/@salla.sa/twilight-theme-engine/dist/chunk-WITIL2MK.js?v=8379d83e:670
[   48876ms] [LOG] [HomeComponentRenderer] RENDER: path=ox-services, index=6, renderCount=1 @ http://localhost:5488/node_modules/.pnpm/@salla.sa+twilight-theme-en_c3cd9c099c8c4c71b5353d842e4aee2e/node_modules/@salla.sa/twilight-theme-engine/dist/chunk-WITIL2MK.js?v=8379d83e:670
[   48876ms] [LOG] [HomeComponentRenderer] RENDER: path=ox-services, index=6, renderCount=2 @ http://localhost:5488/node_modules/.pnpm/@salla.sa+twilight-theme-en_c3cd9c099c8c4c71b5353d842e4aee2e/node_modules/@salla.sa/twilight-theme-engine/dist/chunk-WITIL2MK.js?v=8379d83e:670
[   48878ms] [LOG] [HomeComponentRenderer] RENDER: path=ox-guides, index=7, renderCount=1 @ http://localhost:5488/node_modules/.pnpm/@salla.sa+twilight-theme-en_c3cd9c099c8c4c71b5353d842e4aee2e/node_modules/@salla.sa/twilight-theme-engine/dist/chunk-WITIL2MK.js?v=8379d83e:670
[   48879ms] [LOG] [HomeComponentRenderer] RENDER: path=ox-guides, index=7, renderCount=2 @ http://localhost:5488/node_modules/.pnpm/@salla.sa+twilight-theme-en_c3cd9c099c8c4c71b5353d842e4aee2e/node_modules/@salla.sa/twilight-theme-engine/dist/chunk-WITIL2MK.js?v=8379d83e:670
[   48880ms] [LOG] [HomeComponentRenderer] RENDER: path=ox-branch, index=8, renderCount=1 @ http://localhost:5488/node_modules/.pnpm/@salla.sa+twilight-theme-en_c3cd9c099c8c4c71b5353d842e4aee2e/node_modules/@salla.sa/twilight-theme-engine/dist/chunk-WITIL2MK.js?v=8379d83e:670
[   48880ms] [LOG] [HomeComponentRenderer] RENDER: path=ox-branch, index=8, renderCount=2 @ http://localhost:5488/node_modules/.pnpm/@salla.sa+twilight-theme-en_c3cd9c099c8c4c71b5353d842e4aee2e/node_modules/@salla.sa/twilight-theme-engine/dist/chunk-WITIL2MK.js?v=8379d83e:670
[   48883ms] [LOG] [HomeComponentRenderer] RENDER: path=ox-faq, index=9, renderCount=1 @ http://localhost:5488/node_modules/.pnpm/@salla.sa+twilight-theme-en_c3cd9c099c8c4c71b5353d842e4aee2e/node_modules/@salla.sa/twilight-theme-engine/dist/chunk-WITIL2MK.js?v=8379d83e:670
[   48884ms] [LOG] [HomeComponentRenderer] RENDER: path=ox-faq, index=9, renderCount=2 @ http://localhost:5488/node_modules/.pnpm/@salla.sa+twilight-theme-en_c3cd9c099c8c4c71b5353d842e4aee2e/node_modules/@salla.sa/twilight-theme-engine/dist/chunk-WITIL2MK.js?v=8379d83e:670
[   48886ms] [LOG] [HomeComponentRenderer] RENDER: path=ox-newsletter, index=10, renderCount=1 @ http://localhost:5488/node_modules/.pnpm/@salla.sa+twilight-theme-en_c3cd9c099c8c4c71b5353d842e4aee2e/node_modules/@salla.sa/twilight-theme-engine/dist/chunk-WITIL2MK.js?v=8379d83e:670
[   48886ms] [LOG] [HomeComponentRenderer] RENDER: path=ox-newsletter, index=10, renderCount=2 @ http://localhost:5488/node_modules/.pnpm/@salla.sa+twilight-theme-en_c3cd9c099c8c4c71b5353d842e4aee2e/node_modules/@salla.sa/twilight-theme-engine/dist/chunk-WITIL2MK.js?v=8379d83e:670
[   48889ms] [LOG] [HomeComponentRenderer] RENDER: path=ox-banner, index=11, renderCount=1 @ http://localhost:5488/node_modules/.pnpm/@salla.sa+twilight-theme-en_c3cd9c099c8c4c71b5353d842e4aee2e/node_modules/@salla.sa/twilight-theme-engine/dist/chunk-WITIL2MK.js?v=8379d83e:670
[   48889ms] [LOG] [HomeComponentRenderer] RENDER: path=ox-banner, index=11, renderCount=2 @ http://localhost:5488/node_modules/.pnpm/@salla.sa+twilight-theme-en_c3cd9c099c8c4c71b5353d842e4aee2e/node_modules/@salla.sa/twilight-theme-engine/dist/chunk-WITIL2MK.js?v=8379d83e:670
[   48892ms] [LOG] [HomeComponentRenderer] MOUNT: path=ox-hero, index=0, renderCount=2 @ http://localhost:5488/node_modules/.pnpm/@salla.sa+twilight-theme-en_c3cd9c099c8c4c71b5353d842e4aee2e/node_modules/@salla.sa/twilight-theme-engine/dist/chunk-WITIL2MK.js?v=8379d83e:673
[   48893ms] [LOG] [HomeComponentRenderer] MOUNT: path=ox-trust-strip, index=1, renderCount=2 @ http://localhost:5488/node_modules/.pnpm/@salla.sa+twilight-theme-en_c3cd9c099c8c4c71b5353d842e4aee2e/node_modules/@salla.sa/twilight-theme-engine/dist/chunk-WITIL2MK.js?v=8379d83e:673
[   48893ms] [LOG] [HomeComponentRenderer] MOUNT: path=ox-goals, index=2, renderCount=2 @ http://localhost:5488/node_modules/.pnpm/@salla.sa+twilight-theme-en_c3cd9c099c8c4c71b5353d842e4aee2e/node_modules/@salla.sa/twilight-theme-engine/dist/chunk-WITIL2MK.js?v=8379d83e:673
[   48894ms] [LOG] [HomeComponentRenderer] MOUNT: path=ox-categories, index=3, renderCount=2 @ http://localhost:5488/node_modules/.pnpm/@salla.sa+twilight-theme-en_c3cd9c099c8c4c71b5353d842e4aee2e/node_modules/@salla.sa/twilight-theme-engine/dist/chunk-WITIL2MK.js?v=8379d83e:673
[   48895ms] [LOG] [HomeComponentRenderer] MOUNT: path=ox-products, index=4, renderCount=2 @ http://localhost:5488/node_modules/.pnpm/@salla.sa+twilight-theme-en_c3cd9c099c8c4c71b5353d842e4aee2e/node_modules/@salla.sa/twilight-theme-engine/dist/chunk-WITIL2MK.js?v=8379d83e:673
[   48896ms] [LOG] [HomeComponentRenderer] MOUNT: path=ox-brands, index=5, renderCount=2 @ http://localhost:5488/node_modules/.pnpm/@salla.sa+twilight-theme-en_c3cd9c099c8c4c71b5353d842e4aee2e/node_modules/@salla.sa/twilight-theme-engine/dist/chunk-WITIL2MK.js?v=8379d83e:673
[   48896ms] [LOG] [HomeComponentRenderer] MOUNT: path=ox-services, index=6, renderCount=2 @ http://localhost:5488/node_modules/.pnpm/@salla.sa+twilight-theme-en_c3cd9c099c8c4c71b5353d842e4aee2e/node_modules/@salla.sa/twilight-theme-engine/dist/chunk-WITIL2MK.js?v=8379d83e:673
[   48897ms] [LOG] [HomeComponentRenderer] MOUNT: path=ox-guides, index=7, renderCount=2 @ http://localhost:5488/node_modules/.pnpm/@salla.sa+twilight-theme-en_c3cd9c099c8c4c71b5353d842e4aee2e/node_modules/@salla.sa/twilight-theme-engine/dist/chunk-WITIL2MK.js?v=8379d83e:673
[   48898ms] [LOG] [HomeComponentRenderer] MOUNT: path=ox-branch, index=8, renderCount=2 @ http://localhost:5488/node_modules/.pnpm/@salla.sa+twilight-theme-en_c3cd9c099c8c4c71b5353d842e4aee2e/node_modules/@salla.sa/twilight-theme-engine/dist/chunk-WITIL2MK.js?v=8379d83e:673
[   48899ms] [LOG] [HomeComponentRenderer] MOUNT: path=ox-faq, index=9, renderCount=2 @ http://localhost:5488/node_modules/.pnpm/@salla.sa+twilight-theme-en_c3cd9c099c8c4c71b5353d842e4aee2e/node_modules/@salla.sa/twilight-theme-engine/dist/chunk-WITIL2MK.js?v=8379d83e:673
[   48900ms] [LOG] [HomeComponentRenderer] MOUNT: path=ox-newsletter, index=10, renderCount=2 @ http://localhost:5488/node_modules/.pnpm/@salla.sa+twilight-theme-en_c3cd9c099c8c4c71b5353d842e4aee2e/node_modules/@salla.sa/twilight-theme-engine/dist/chunk-WITIL2MK.js?v=8379d83e:673
[   48900ms] [LOG] [HomeComponentRenderer] MOUNT: path=ox-banner, index=11, renderCount=2 @ http://localhost:5488/node_modules/.pnpm/@salla.sa+twilight-theme-en_c3cd9c099c8c4c71b5353d842e4aee2e/node_modules/@salla.sa/twilight-theme-engine/dist/chunk-WITIL2MK.js?v=8379d83e:673
