[     657ms] [ERROR] Failed to load resource: the server responded with a status of 500 (Internal Server Error) @ http://localhost:5482/dev-ubq7yzb0tnbuirvv/account/profile:0
[     864ms] [LOG] allowed_pages: [thank-you] @ :10
[     864ms] [LOG] title: شاهدتها مؤخرا @ :11
[     865ms] [LOG] limit: 32 @ :12
[     976ms] [ERROR] Failed to load resource: the server responded with a status of 429 () @ https://api.salla.dev/store/v1/menus/footer?lang=ar:0
[    1265ms] [ERROR] Error: Unauthorized
    at http://localhost:5482/dev-ubq7yzb0tnbuirvv/account/profile:165:29987
    at http://localhost:5482/dev-ubq7yzb0tnbuirvv/account/profile:249:10 @ http://localhost:5482/assets/vendor-react-wbUKKZou.js:7
[    1458ms] [ERROR] Failed to load resource: the server responded with a status of 429 () @ https://api.salla.dev/store/v1/menus/footer?lang=ar:0
[    2194ms] [ERROR] Failed to load resource: the server responded with a status of 429 () @ https://api.salla.dev/store/v1/menus/footer?lang=ar:0
[    3304ms] [ERROR] Failed to load resource: the server responded with a status of 429 () @ https://api.salla.dev/store/v1/menus/footer?lang=ar:0
[    3730ms] [ERROR] Failed to load resource: the server responded with a status of 429 () @ https://api.salla.dev/store/v1/menus/footer?lang=ar:0
[    4434ms] [ERROR] Failed to load resource: the server responded with a status of 429 () @ https://api.salla.dev/store/v1/menus/footer?lang=ar:0
[   40527ms] [LOG] allowed_pages: [thank-you] @ :10
[   40528ms] [LOG] title: شاهدتها مؤخرا @ :11
[   40528ms] [LOG] limit: 32 @ :12
[   40633ms] [ERROR] Failed to load resource: the server responded with a status of 429 () @ https://api.salla.dev/store/v1/menus/footer?lang=ar:0
[   40914ms] [LOG] [HomeComponentRenderer] MOUNT: path=ox-hero, index=0, renderCount=1 @ http://localhost:5482/assets/chunk-WITIL2MK-CmviYLdO.js:1
[   40915ms] [LOG] [HomeComponentRenderer] MOUNT: path=ox-trust-strip, index=1, renderCount=1 @ http://localhost:5482/assets/chunk-WITIL2MK-CmviYLdO.js:1
[   40915ms] [LOG] [HomeComponentRenderer] MOUNT: path=ox-goals, index=2, renderCount=1 @ http://localhost:5482/assets/chunk-WITIL2MK-CmviYLdO.js:1
[   40916ms] [LOG] [HomeComponentRenderer] MOUNT: path=ox-categories, index=3, renderCount=1 @ http://localhost:5482/assets/chunk-WITIL2MK-CmviYLdO.js:1
[   40916ms] [LOG] [HomeComponentRenderer] MOUNT: path=ox-products, index=4, renderCount=1 @ http://localhost:5482/assets/chunk-WITIL2MK-CmviYLdO.js:1
[   40916ms] [LOG] [HomeComponentRenderer] MOUNT: path=ox-brands, index=5, renderCount=1 @ http://localhost:5482/assets/chunk-WITIL2MK-CmviYLdO.js:1
[   40917ms] [LOG] [HomeComponentRenderer] MOUNT: path=ox-services, index=6, renderCount=1 @ http://localhost:5482/assets/chunk-WITIL2MK-CmviYLdO.js:1
[   40917ms] [LOG] [HomeComponentRenderer] MOUNT: path=ox-guides, index=7, renderCount=1 @ http://localhost:5482/assets/chunk-WITIL2MK-CmviYLdO.js:1
[   40918ms] [LOG] [HomeComponentRenderer] MOUNT: path=ox-branch, index=8, renderCount=1 @ http://localhost:5482/assets/chunk-WITIL2MK-CmviYLdO.js:1
[   40918ms] [LOG] [HomeComponentRenderer] MOUNT: path=ox-faq, index=9, renderCount=1 @ http://localhost:5482/assets/chunk-WITIL2MK-CmviYLdO.js:1
[   40919ms] [LOG] [HomeComponentRenderer] MOUNT: path=ox-newsletter, index=10, renderCount=1 @ http://localhost:5482/assets/chunk-WITIL2MK-CmviYLdO.js:1
[   40919ms] [LOG] [HomeComponentRenderer] MOUNT: path=ox-banner, index=11, renderCount=1 @ http://localhost:5482/assets/chunk-WITIL2MK-CmviYLdO.js:1
[   41063ms] [ERROR] Failed to load resource: the server responded with a status of 429 () @ https://api.salla.dev/store/v1/menus/footer?lang=ar:0
[   41792ms] [ERROR] Failed to load resource: the server responded with a status of 429 () @ https://api.salla.dev/store/v1/menus/footer?lang=ar:0
[   42923ms] [ERROR] Failed to load resource: the server responded with a status of 429 () @ https://api.salla.dev/store/v1/menus/footer?lang=ar:0
[   43326ms] [ERROR] Failed to load resource: the server responded with a status of 429 () @ https://api.salla.dev/store/v1/menus/footer?lang=ar:0
[   44061ms] [ERROR] Failed to load resource: the server responded with a status of 429 () @ https://api.salla.dev/store/v1/menus/footer?lang=ar:0
[   44345ms] [ERROR] Failed to load resource: the server responded with a status of 410 () @ https://api.salla.dev/store/v1/products/487045117/details?with[]=images&with[]=category&with[]=rating&with[]=notify_availability&with[]=tags&with[]=brand&with[]=options&with[]=skus&with[]=skus_availability&with[]=included_products&with[]=bundle&with[]=sold_quantity:0
[   44363ms] [ERROR] Failed to load resource: the server responded with a status of 410 () @ https://api.salla.dev/store/v1/products/2000960449/details?with[]=images&with[]=category&with[]=rating&with[]=notify_availability&with[]=tags&with[]=brand&with[]=options&with[]=skus&with[]=skus_availability&with[]=included_products&with[]=bundle&with[]=sold_quantity:0
[   44364ms] [ERROR] Failed to load resource: the server responded with a status of 410 () @ https://api.salla.dev/store/v1/products/1051830221/details?with[]=images&with[]=category&with[]=rating&with[]=notify_availability&with[]=tags&with[]=brand&with[]=options&with[]=skus&with[]=skus_availability&with[]=included_products&with[]=bundle&with[]=sold_quantity:0
[   45478ms] [ERROR] Failed to load resource: the server responded with a status of 410 () @ https://api.salla.dev/store/v1/products/487045117/details?with[]=images&with[]=category&with[]=rating&with[]=notify_availability&with[]=tags&with[]=brand&with[]=options&with[]=skus&with[]=skus_availability&with[]=included_products&with[]=bundle&with[]=sold_quantity:0
[   45489ms] [ERROR] Failed to load resource: the server responded with a status of 410 () @ https://api.salla.dev/store/v1/products/2000960449/details?with[]=images&with[]=category&with[]=rating&with[]=notify_availability&with[]=tags&with[]=brand&with[]=options&with[]=skus&with[]=skus_availability&with[]=included_products&with[]=bundle&with[]=sold_quantity:0
[   45494ms] [ERROR] Failed to load resource: the server responded with a status of 410 () @ https://api.salla.dev/store/v1/products/1051830221/details?with[]=images&with[]=category&with[]=rating&with[]=notify_availability&with[]=tags&with[]=brand&with[]=options&with[]=skus&with[]=skus_availability&with[]=included_products&with[]=bundle&with[]=sold_quantity:0
[   45920ms] [LOG] allowed_pages: [thank-you] @ :10
[   45921ms] [LOG] title: شاهدتها مؤخرا @ :11
[   45921ms] [LOG] limit: 32 @ :12
[   46045ms] [ERROR] Failed to load resource: the server responded with a status of 429 () @ https://api.salla.dev/store/v1/menus/footer?lang=ar:0
[   46487ms] [ERROR] Failed to load resource: the server responded with a status of 429 () @ https://api.salla.dev/store/v1/menus/footer?lang=ar:0
[   47196ms] [ERROR] Failed to load resource: the server responded with a status of 429 () @ https://api.salla.dev/store/v1/menus/footer?lang=ar:0
[   48348ms] [ERROR] Failed to load resource: the server responded with a status of 429 () @ https://api.salla.dev/store/v1/menus/footer?lang=ar:0
[   48781ms] [ERROR] Failed to load resource: the server responded with a status of 429 () @ https://api.salla.dev/store/v1/menus/footer?lang=ar:0
[   49532ms] [ERROR] Failed to load resource: the server responded with a status of 429 () @ https://api.salla.dev/store/v1/menus/footer?lang=ar:0
[   50357ms] [LOG] allowed_pages: [thank-you] @ :10
[   50358ms] [LOG] title: شاهدتها مؤخرا @ :11
[   50358ms] [LOG] limit: 32 @ :12
[   50504ms] [ERROR] Failed to load resource: the server responded with a status of 429 () @ https://api.salla.dev/store/v1/menus/footer?lang=ar:0
[   50917ms] [ERROR] Failed to load resource: the server responded with a status of 429 () @ https://api.salla.dev/store/v1/menus/footer?lang=ar:0
[   51634ms] [ERROR] Failed to load resource: the server responded with a status of 429 () @ https://api.salla.dev/store/v1/menus/footer?lang=ar:0
[   52745ms] [ERROR] Failed to load resource: the server responded with a status of 429 () @ https://api.salla.dev/store/v1/menus/footer?lang=ar:0
[   53166ms] [ERROR] Failed to load resource: the server responded with a status of 429 () @ https://api.salla.dev/store/v1/menus/footer?lang=ar:0
[   53897ms] [ERROR] Failed to load resource: the server responded with a status of 429 () @ https://api.salla.dev/store/v1/menus/footer?lang=ar:0
[   54890ms] [LOG] allowed_pages: [thank-you] @ :10
[   54890ms] [LOG] title: شاهدتها مؤخرا @ :11
[   54890ms] [LOG] limit: 32 @ :12
[   55000ms] [ERROR] Failed to load resource: the server responded with a status of 429 () @ https://api.salla.dev/store/v1/menus/footer?lang=ar:0
[   55419ms] [ERROR] Failed to load resource: the server responded with a status of 429 () @ https://api.salla.dev/store/v1/menus/footer?lang=ar:0
[   56155ms] [ERROR] Failed to load resource: the server responded with a status of 429 () @ https://api.salla.dev/store/v1/menus/footer?lang=ar:0
[   57266ms] [ERROR] Failed to load resource: the server responded with a status of 429 () @ https://api.salla.dev/store/v1/menus/footer?lang=ar:0
[   57659ms] [ERROR] Failed to load resource: the server responded with a status of 429 () @ https://api.salla.dev/store/v1/menus/footer?lang=ar:0
[   58380ms] [ERROR] Failed to load resource: the server responded with a status of 429 () @ https://api.salla.dev/store/v1/menus/footer?lang=ar:0
[   59187ms] [LOG] allowed_pages: [thank-you] @ :10
[   59188ms] [LOG] title: شاهدتها مؤخرا @ :11
[   59188ms] [LOG] limit: 32 @ :12
[   59353ms] [ERROR] Failed to load resource: the server responded with a status of 429 () @ https://api.salla.dev/store/v1/menus/footer?lang=ar:0
[   59820ms] [ERROR] Failed to load resource: the server responded with a status of 429 () @ https://api.salla.dev/store/v1/menus/footer?lang=ar:0
[   60558ms] [ERROR] Failed to load resource: the server responded with a status of 429 () @ https://api.salla.dev/store/v1/menus/footer?lang=ar:0
[   61678ms] [ERROR] Failed to load resource: the server responded with a status of 429 () @ https://api.salla.dev/store/v1/menus/footer?lang=ar:0
[   62116ms] [ERROR] Failed to load resource: the server responded with a status of 429 () @ https://api.salla.dev/store/v1/menus/footer?lang=ar:0
[   62852ms] [ERROR] Failed to load resource: the server responded with a status of 429 () @ https://api.salla.dev/store/v1/menus/footer?lang=ar:0
[   63770ms] [LOG] allowed_pages: [thank-you] @ :10
[   63771ms] [LOG] title: شاهدتها مؤخرا @ :11
[   63771ms] [LOG] limit: 32 @ :12
[   63895ms] [ERROR] Failed to load resource: the server responded with a status of 429 () @ https://api.salla.dev/store/v1/menus/footer?lang=ar:0
[   64300ms] [ERROR] Failed to load resource: the server responded with a status of 429 () @ https://api.salla.dev/store/v1/menus/footer?lang=ar:0
[   64301ms] [ERROR] Failed to load resource: the server responded with a status of 410 () @ https://api.salla.dev/store/v1/products/487045117/details?with[]=images&with[]=category&with[]=rating&with[]=notify_availability&with[]=tags&with[]=brand&with[]=options&with[]=skus&with[]=skus_availability&with[]=included_products&with[]=bundle&with[]=sold_quantity:0
[   64318ms] [ERROR] Failed to load resource: the server responded with a status of 410 () @ https://api.salla.dev/store/v1/products/2000960449/details?with[]=images&with[]=category&with[]=rating&with[]=notify_availability&with[]=tags&with[]=brand&with[]=options&with[]=skus&with[]=skus_availability&with[]=included_products&with[]=bundle&with[]=sold_quantity:0
[   64318ms] [ERROR] Failed to load resource: the server responded with a status of 410 () @ https://api.salla.dev/store/v1/products/1051830221/details?with[]=images&with[]=category&with[]=rating&with[]=notify_availability&with[]=tags&with[]=brand&with[]=options&with[]=skus&with[]=skus_availability&with[]=included_products&with[]=bundle&with[]=sold_quantity:0
[   64318ms] [ERROR] Failed to load resource: the server responded with a status of 410 () @ https://api.salla.dev/store/v1/products/103621577/details?with[]=images&with[]=category&with[]=rating&with[]=notify_availability&with[]=tags&with[]=brand&with[]=options&with[]=skus&with[]=skus_availability&with[]=included_products&with[]=bundle&with[]=sold_quantity:0
[   65062ms] [ERROR] Failed to load resource: the server responded with a status of 429 () @ https://api.salla.dev/store/v1/menus/footer?lang=ar:0
[   65464ms] [ERROR] Failed to load resource: the server responded with a status of 410 () @ https://api.salla.dev/store/v1/products/487045117/details?with[]=images&with[]=category&with[]=rating&with[]=notify_availability&with[]=tags&with[]=brand&with[]=options&with[]=skus&with[]=skus_availability&with[]=included_products&with[]=bundle&with[]=sold_quantity:0
[   65464ms] [ERROR] Failed to load resource: the server responded with a status of 410 () @ https://api.salla.dev/store/v1/products/2000960449/details?with[]=images&with[]=category&with[]=rating&with[]=notify_availability&with[]=tags&with[]=brand&with[]=options&with[]=skus&with[]=skus_availability&with[]=included_products&with[]=bundle&with[]=sold_quantity:0
[   65465ms] [ERROR] Failed to load resource: the server responded with a status of 410 () @ https://api.salla.dev/store/v1/products/103621577/details?with[]=images&with[]=category&with[]=rating&with[]=notify_availability&with[]=tags&with[]=brand&with[]=options&with[]=skus&with[]=skus_availability&with[]=included_products&with[]=bundle&with[]=sold_quantity:0
[   65465ms] [ERROR] Failed to load resource: the server responded with a status of 410 () @ https://api.salla.dev/store/v1/products/1051830221/details?with[]=images&with[]=category&with[]=rating&with[]=notify_availability&with[]=tags&with[]=brand&with[]=options&with[]=skus&with[]=skus_availability&with[]=included_products&with[]=bundle&with[]=sold_quantity:0
[   66204ms] [ERROR] Failed to load resource: the server responded with a status of 429 () @ https://api.salla.dev/store/v1/menus/footer?lang=ar:0
[   66662ms] [ERROR] Failed to load resource: the server responded with a status of 429 () @ https://api.salla.dev/store/v1/menus/footer?lang=ar:0
[   67373ms] [ERROR] Failed to load resource: the server responded with a status of 429 () @ https://api.salla.dev/store/v1/menus/footer?lang=ar:0
[   69721ms] [LOG] allowed_pages: [thank-you] @ :10
[   69722ms] [LOG] title: شاهدتها مؤخرا @ :11
[   69722ms] [LOG] limit: 32 @ :12
[   69846ms] [ERROR] Failed to load resource: the server responded with a status of 429 () @ https://api.salla.dev/store/v1/menus/footer?lang=ar:0
[   70226ms] [ERROR] Failed to load resource: the server responded with a status of 410 () @ https://api.salla.dev/store/v1/products/487045117/details?with[]=images&with[]=category&with[]=rating&with[]=notify_availability&with[]=tags&with[]=brand&with[]=options&with[]=skus&with[]=skus_availability&with[]=included_products&with[]=bundle&with[]=sold_quantity:0
[   70293ms] [ERROR] Failed to load resource: the server responded with a status of 429 () @ https://api.salla.dev/store/v1/menus/footer?lang=ar:0
[   71027ms] [ERROR] Failed to load resource: the server responded with a status of 429 () @ https://api.salla.dev/store/v1/menus/footer?lang=ar:0
[   71384ms] [ERROR] Failed to load resource: the server responded with a status of 410 () @ https://api.salla.dev/store/v1/products/487045117/details?with[]=images&with[]=category&with[]=rating&with[]=notify_availability&with[]=tags&with[]=brand&with[]=options&with[]=skus&with[]=skus_availability&with[]=included_products&with[]=bundle&with[]=sold_quantity:0
[   72179ms] [ERROR] Failed to load resource: the server responded with a status of 429 () @ https://api.salla.dev/store/v1/menus/footer?lang=ar:0
[   72828ms] [ERROR] Failed to load resource: the server responded with a status of 429 () @ https://api.salla.dev/store/v1/menus/footer?lang=ar:0
[   73654ms] [ERROR] Failed to load resource: the server responded with a status of 429 () @ https://api.salla.dev/store/v1/menus/footer?lang=ar:0
[   74169ms] [LOG] allowed_pages: [thank-you] @ :10
[   74169ms] [LOG] title: شاهدتها مؤخرا @ :11
[   74169ms] [LOG] limit: 32 @ :12
[   74586ms] [ERROR] Failed to load resource: the server responded with a status of 429 () @ https://api.salla.dev/store/v1/menus/footer?lang=ar:0
[   75093ms] [ERROR] Failed to load resource: the server responded with a status of 429 () @ https://api.salla.dev/store/v1/menus/footer?lang=ar:0
[   75824ms] [ERROR] Failed to load resource: the server responded with a status of 429 () @ https://api.salla.dev/store/v1/menus/footer?lang=ar:0
[   76933ms] [ERROR] Failed to load resource: the server responded with a status of 429 () @ https://api.salla.dev/store/v1/menus/footer?lang=ar:0
[   77800ms] [ERROR] Failed to load resource: the server responded with a status of 429 () @ https://api.salla.dev/store/v1/menus/footer?lang=ar:0
[   78978ms] [ERROR] Failed to load resource: the server responded with a status of 429 () @ https://api.salla.dev/store/v1/menus/footer?lang=ar:0
[   79250ms] [LOG] allowed_pages: [thank-you] @ :10
[   79251ms] [LOG] title: شاهدتها مؤخرا @ :11
[   79251ms] [LOG] limit: 32 @ :12
[   79421ms] [ERROR] Failed to load resource: the server responded with a status of 429 () @ https://api.salla.dev/store/v1/menus/footer?lang=ar:0
[   79611ms] Minified React error #419; visit https://react.dev/errors/419 for the full message or use the non-minified dev environment for full errors and additional helpful warnings.
[   79858ms] [ERROR] Failed to load resource: the server responded with a status of 429 () @ https://api.salla.dev/store/v1/menus/footer?lang=ar:0
[   80635ms] [ERROR] Failed to load resource: the server responded with a status of 429 () @ https://api.salla.dev/store/v1/menus/footer?lang=ar:0
[   81759ms] [ERROR] Failed to load resource: the server responded with a status of 429 () @ https://api.salla.dev/store/v1/menus/footer?lang=ar:0
[   82186ms] [ERROR] Failed to load resource: the server responded with a status of 429 () @ https://api.salla.dev/store/v1/menus/footer?lang=ar:0
[   82912ms] [ERROR] Failed to load resource: the server responded with a status of 429 () @ https://api.salla.dev/store/v1/menus/footer?lang=ar:0
[   83460ms] [ERROR] Failed to load resource: the server responded with a status of 500 (Internal Server Error) @ http://localhost:5482/dev-ubq7yzb0tnbuirvv/account/profile:0
[   83660ms] [LOG] allowed_pages: [thank-you] @ :10
[   83660ms] [LOG] title: شاهدتها مؤخرا @ :11
[   83660ms] [LOG] limit: 32 @ :12
[   83773ms] [ERROR] Failed to load resource: the server responded with a status of 429 () @ https://api.salla.dev/store/v1/menus/footer?lang=ar:0
[   84069ms] [ERROR] Error: Unauthorized
    at http://localhost:5482/dev-ubq7yzb0tnbuirvv/account/profile:165:29987
    at http://localhost:5482/dev-ubq7yzb0tnbuirvv/account/profile:249:10 @ http://localhost:5482/assets/vendor-react-wbUKKZou.js:7
[   84258ms] [ERROR] Failed to load resource: the server responded with a status of 429 () @ https://api.salla.dev/store/v1/menus/footer?lang=ar:0
[   84979ms] [ERROR] Failed to load resource: the server responded with a status of 429 () @ https://api.salla.dev/store/v1/menus/footer?lang=ar:0
[   86098ms] [ERROR] Failed to load resource: the server responded with a status of 429 () @ https://api.salla.dev/store/v1/menus/footer?lang=ar:0
[   86524ms] [ERROR] Failed to load resource: the server responded with a status of 429 () @ https://api.salla.dev/store/v1/menus/footer?lang=ar:0
[   87279ms] [ERROR] Failed to load resource: the server responded with a status of 429 () @ https://api.salla.dev/store/v1/menus/footer?lang=ar:0
[   95022ms] [LOG] allowed_pages: [thank-you] @ :10
[   95022ms] [LOG] title: شاهدتها مؤخرا @ :11
[   95022ms] [LOG] limit: 32 @ :12
[   95148ms] [ERROR] Failed to load resource: the server responded with a status of 429 () @ https://api.salla.dev/store/v1/menus/footer?lang=ar:0
[   95421ms] [LOG] [HomeComponentRenderer] MOUNT: path=ox-hero, index=0, renderCount=1 @ http://localhost:5482/assets/chunk-WITIL2MK-CmviYLdO.js:1
[   95422ms] [LOG] [HomeComponentRenderer] MOUNT: path=ox-trust-strip, index=1, renderCount=1 @ http://localhost:5482/assets/chunk-WITIL2MK-CmviYLdO.js:1
[   95422ms] [LOG] [HomeComponentRenderer] MOUNT: path=ox-goals, index=2, renderCount=1 @ http://localhost:5482/assets/chunk-WITIL2MK-CmviYLdO.js:1
[   95423ms] [LOG] [HomeComponentRenderer] MOUNT: path=ox-categories, index=3, renderCount=1 @ http://localhost:5482/assets/chunk-WITIL2MK-CmviYLdO.js:1
[   95423ms] [LOG] [HomeComponentRenderer] MOUNT: path=ox-products, index=4, renderCount=1 @ http://localhost:5482/assets/chunk-WITIL2MK-CmviYLdO.js:1
[   95423ms] [LOG] [HomeComponentRenderer] MOUNT: path=ox-brands, index=5, renderCount=1 @ http://localhost:5482/assets/chunk-WITIL2MK-CmviYLdO.js:1
[   95424ms] [LOG] [HomeComponentRenderer] MOUNT: path=ox-services, index=6, renderCount=1 @ http://localhost:5482/assets/chunk-WITIL2MK-CmviYLdO.js:1
[   95425ms] [LOG] [HomeComponentRenderer] MOUNT: path=ox-guides, index=7, renderCount=1 @ http://localhost:5482/assets/chunk-WITIL2MK-CmviYLdO.js:1
[   95425ms] [LOG] [HomeComponentRenderer] MOUNT: path=ox-branch, index=8, renderCount=1 @ http://localhost:5482/assets/chunk-WITIL2MK-CmviYLdO.js:1
[   95425ms] [LOG] [HomeComponentRenderer] MOUNT: path=ox-faq, index=9, renderCount=1 @ http://localhost:5482/assets/chunk-WITIL2MK-CmviYLdO.js:1
[   95426ms] [LOG] [HomeComponentRenderer] MOUNT: path=ox-newsletter, index=10, renderCount=1 @ http://localhost:5482/assets/chunk-WITIL2MK-CmviYLdO.js:1
[   95426ms] [LOG] [HomeComponentRenderer] MOUNT: path=ox-banner, index=11, renderCount=1 @ http://localhost:5482/assets/chunk-WITIL2MK-CmviYLdO.js:1
[   95595ms] [ERROR] Failed to load resource: the server responded with a status of 429 () @ https://api.salla.dev/store/v1/menus/footer?lang=ar:0
[   96645ms] [ERROR] Failed to load resource: the server responded with a status of 429 () @ https://api.salla.dev/store/v1/menus/footer?lang=ar:0
[   97897ms] [LOG] allowed_pages: [thank-you] @ :10
[   97897ms] [LOG] title: شاهدتها مؤخرا @ :11
[   97897ms] [LOG] limit: 32 @ :12
[   98030ms] [ERROR] Failed to load resource: the server responded with a status of 429 () @ https://api.salla.dev/store/v1/menus/footer?lang=ar:0
[   98493ms] [ERROR] Failed to load resource: the server responded with a status of 429 () @ https://api.salla.dev/store/v1/menus/footer?lang=ar:0
[   99266ms] [ERROR] Failed to load resource: the server responded with a status of 429 () @ https://api.salla.dev/store/v1/menus/footer?lang=ar:0
[  100703ms] [LOG] allowed_pages: [thank-you] @ :10
[  100703ms] [LOG] title: شاهدتها مؤخرا @ :11
[  100704ms] [LOG] limit: 32 @ :12
[  100843ms] [ERROR] Failed to load resource: the server responded with a status of 429 () @ https://api.salla.dev/store/v1/menus/footer?lang=ar:0
[  101254ms] [ERROR] Failed to load resource: the server responded with a status of 429 () @ https://api.salla.dev/store/v1/menus/footer?lang=ar:0
[  101998ms] [ERROR] Failed to load resource: the server responded with a status of 429 () @ https://api.salla.dev/store/v1/menus/footer?lang=ar:0
[  103117ms] [ERROR] Failed to load resource: the server responded with a status of 429 () @ https://api.salla.dev/store/v1/menus/footer?lang=ar:0
[  103546ms] [ERROR] Failed to load resource: the server responded with a status of 429 () @ https://api.salla.dev/store/v1/menus/footer?lang=ar:0
[  104272ms] [ERROR] Failed to load resource: the server responded with a status of 429 () @ https://api.salla.dev/store/v1/menus/footer?lang=ar:0
