[    3351ms] [ERROR] Failed to load resource: the server responded with a status of 500 (Internal Server Error) @ http://localhost:5200/optimal-x/%D8%B4%D9%88%D9%81%D8%A7%D9%86-%D8%B3%D8%B1%D9%8A%D8%B9-%D8%A7%D9%84%D8%AA%D8%AD%D8%B6%D9%8A%D8%B1-1-%D9%83%D8%AC%D9%85-%D9%85%D8%A7%D9%8A-%D8%A8%D8%B1%D9%88%D8%AA%D9%8A%D9%86/p1746003438:0
[    5705ms] [INFO] %cDownload the React DevTools for a better development experience: https://react.dev/link/react-devtools font-weight:bold @ http://localhost:5200/node_modules/.vite/deps/react-dom_client.js?v=c58539c0:14335
[    5880ms] [WARNING] [Twilight] Could not hydrate twilight context: no root match in router state @ http://localhost:5200/@vite/client:532
[    5936ms] Error: Hydration failed because the server rendered HTML didn't match the client. As a result this tree will be regenerated on the client. This can happen if a SSR-ed Client Component used:

- A server/client branch `if (typeof window !== 'undefined')`.
- Variable input such as `Date.now()` or `Math.random()` which changes each time it's called.
- Date formatting in a user's locale which doesn't match the server.
- External changing data without sending a snapshot of it along with the HTML.
- Invalid HTML tag nesting.

It can also happen if the client has a browser extension installed which messes with the HTML before React loaded.

https://react.dev/link/hydration-mismatch

  ...
    <CatchBoundary getResetKey={function getResetKey} onCatch={function}>
      <MatchImpl routeId="__root__">
        <MatchView router={{...}} match={{id:"__root__/", ...}}>
          <RootComponent>
            <html lang="ar" dir="rtl" suppressHydrationWarning={true}>
              <head>
              <body suppressHydrationWarning={true}>
                <noscript>
                <TwilightProvider translations={{ar.trans:{...}, ...}} layout={function OptimalXLayout}>
                  <DocumentClassProvider>
                    <I18nProvider i18nInstance={{observers:{}, ...}} themeTranslations={{ar.trans:{...}, ...}}>
                      <I18nextProvider i18n={{observers:{}, ...}}>
                        <ThemeDocumentSync>
                        <TanStackDocumentSync>
+                       <div className="loading-overlay">
-                       <salla-hook className="hydrated">
                    ...
                ...

    at throwOnHydrationMismatch (http://localhost:5200/node_modules/.vite/deps/react-dom_client.js?v=c58539c0:2968:51)
    at beginWork (http://localhost:5200/node_modules/.vite/deps/react-dom_client.js?v=c58539c0:6200:914)
    at runWithFiberInDEV (http://localhost:5200/node_modules/.vite/deps/react-dom_client.js?v=c58539c0:851:66)
    at performUnitOfWork (http://localhost:5200/node_modules/.vite/deps/react-dom_client.js?v=c58539c0:8429:92)
    at workLoopConcurrentByScheduler (http://localhost:5200/node_modules/.vite/deps/react-dom_client.js?v=c58539c0:8425:55)
    at renderRootConcurrent (http://localhost:5200/node_modules/.vite/deps/react-dom_client.js?v=c58539c0:8408:64)
    at performWorkOnRoot (http://localhost:5200/node_modules/.vite/deps/react-dom_client.js?v=c58539c0:7957:145)
    at performWorkOnRootViaSchedulerTask (http://localhost:5200/node_modules/.vite/deps/react-dom_client.js?v=c58539c0:9059:4)
    at MessagePort.performWorkUntilDeadline (http://localhost:5200/node_modules/.vite/deps/react-dom_client.js?v=c58539c0:36:38)
[    5941ms] [ERROR] Trying to init Twilight without store.id! @ http://localhost:5200/@vite/client:532
[    5941ms] [LOG] you can initiate twilight using this line only: Salla.init({store:{id:1234}}) @ https://cdn.assets.salla.network/dev/@salla.sa/twilight/9b1ad668bb386735f64a045e4c13b4c5508ad4c8/p-CynV-zYl.js:3
[    5944ms] [ERROR] Trying to init Twilight without store.id! @ http://localhost:5200/@vite/client:532
[    5944ms] [LOG] you can initiate twilight using this line only: Salla.init({store:{id:1234}}) @ https://cdn.assets.salla.network/dev/@salla.sa/twilight/9b1ad668bb386735f64a045e4c13b4c5508ad4c8/p-CynV-zYl.js:3
[  515555ms] [ERROR] Failed to load resource: the server responded with a status of 500 (Internal Server Error) @ http://localhost:5200/optimal-x/%D8%B4%D9%88%D9%81%D8%A7%D9%86-%D8%B3%D8%B1%D9%8A%D8%B9-%D8%A7%D9%84%D8%AA%D8%AD%D8%B6%D9%8A%D8%B1-1-%D9%83%D8%AC%D9%85-%D9%85%D8%A7%D9%8A-%D8%A8%D8%B1%D9%88%D8%AA%D9%8A%D9%86/p1746003438:0
[  527597ms] [INFO] %cDownload the React DevTools for a better development experience: https://react.dev/link/react-devtools font-weight:bold @ http://localhost:5200/node_modules/.vite/deps/react-dom_client.js?v=c58539c0:14335
[  527744ms] [WARNING] [Twilight] Could not hydrate twilight context: no root match in router state @ http://localhost:5200/@vite/client:532
[  532326ms] Error: Hydration failed because the server rendered HTML didn't match the client. As a result this tree will be regenerated on the client. This can happen if a SSR-ed Client Component used:

- A server/client branch `if (typeof window !== 'undefined')`.
- Variable input such as `Date.now()` or `Math.random()` which changes each time it's called.
- Date formatting in a user's locale which doesn't match the server.
- External changing data without sending a snapshot of it along with the HTML.
- Invalid HTML tag nesting.

It can also happen if the client has a browser extension installed which messes with the HTML before React loaded.

https://react.dev/link/hydration-mismatch

  ...
    <CatchBoundary getResetKey={function getResetKey} onCatch={function}>
      <MatchImpl routeId="__root__">
        <MatchView router={{...}} match={{id:"__root__/", ...}}>
          <RootComponent>
            <html lang="ar" dir="rtl" suppressHydrationWarning={true}>
              <head>
              <body suppressHydrationWarning={true}>
                <noscript>
                <TwilightProvider translations={{ar.trans:{...}, ...}} layout={function OptimalXLayout}>
                  <DocumentClassProvider>
                    <I18nProvider i18nInstance={{observers:{}, ...}} themeTranslations={{ar.trans:{...}, ...}}>
                      <I18nextProvider i18n={{observers:{}, ...}}>
                        <ThemeDocumentSync>
                        <TanStackDocumentSync>
+                       <div className="loading-overlay">
-                       <salla-hook className="hydrated">
                    ...
                ...

    at throwOnHydrationMismatch (http://localhost:5200/node_modules/.vite/deps/react-dom_client.js?v=c58539c0:2968:51)
    at beginWork (http://localhost:5200/node_modules/.vite/deps/react-dom_client.js?v=c58539c0:6200:914)
    at runWithFiberInDEV (http://localhost:5200/node_modules/.vite/deps/react-dom_client.js?v=c58539c0:851:66)
    at performUnitOfWork (http://localhost:5200/node_modules/.vite/deps/react-dom_client.js?v=c58539c0:8429:92)
    at workLoopConcurrentByScheduler (http://localhost:5200/node_modules/.vite/deps/react-dom_client.js?v=c58539c0:8425:55)
    at renderRootConcurrent (http://localhost:5200/node_modules/.vite/deps/react-dom_client.js?v=c58539c0:8408:64)
    at performWorkOnRoot (http://localhost:5200/node_modules/.vite/deps/react-dom_client.js?v=c58539c0:7957:145)
    at performWorkOnRootViaSchedulerTask (http://localhost:5200/node_modules/.vite/deps/react-dom_client.js?v=c58539c0:9059:4)
    at MessagePort.performWorkUntilDeadline (http://localhost:5200/node_modules/.vite/deps/react-dom_client.js?v=c58539c0:36:38)
[  527875ms] [ERROR] Trying to init Twilight without store.id! @ http://localhost:5200/@vite/client:532
[  527875ms] [LOG] you can initiate twilight using this line only: Salla.init({store:{id:1234}}) @ https://cdn.assets.salla.network/dev/@salla.sa/twilight/9b1ad668bb386735f64a045e4c13b4c5508ad4c8/p-CynV-zYl.js:3
[  527879ms] [ERROR] Trying to init Twilight without store.id! @ http://localhost:5200/@vite/client:532
[  527880ms] [LOG] you can initiate twilight using this line only: Salla.init({store:{id:1234}}) @ https://cdn.assets.salla.network/dev/@salla.sa/twilight/9b1ad668bb386735f64a045e4c13b4c5508ad4c8/p-CynV-zYl.js:3
[  527889ms] [ERROR] Trying to init Twilight without store.id! @ http://localhost:5200/@vite/client:532
[  527890ms] [LOG] you can initiate twilight using this line only: Salla.init({store:{id:1234}}) @ https://cdn.assets.salla.network/dev/@salla.sa/twilight/9b1ad668bb386735f64a045e4c13b4c5508ad4c8/p-CynV-zYl.js:3
[  528084ms] [ERROR] Failed to load resource: the server responded with a status of 429 () @ https://api.salla.dev/store/v1/store/settings?include[]=store&include[]=settings&include[]=theme&include[]=theme_settings&include[]=external_services&include[]=currencies&include[]=languages&include[]=payments&include[]=product_widgets&include[]=rating&include[]=ratings:0
[  528730ms] [ERROR] Failed to load resource: the server responded with a status of 429 () @ https://api.salla.dev/store/v1/store/settings?include[]=store&include[]=settings&include[]=theme&include[]=theme_settings&include[]=external_services&include[]=currencies&include[]=languages&include[]=payments&include[]=product_widgets&include[]=rating&include[]=ratings:0
[  529674ms] [ERROR] Failed to load resource: the server responded with a status of 429 () @ https://api.salla.dev/store/v1/store/settings?include[]=store&include[]=settings&include[]=theme&include[]=theme_settings&include[]=external_services&include[]=currencies&include[]=languages&include[]=payments&include[]=product_widgets&include[]=rating&include[]=ratings:0
[  529807ms] [ERROR] [store.settings] Failed: HTTPError: Request failed with status code 429: GET https://api.salla.dev/store/v1/store/settings?include[]=store&include[]=settings&include[]=theme&include[]=theme_settings&include[]=external_services&include[]=currencies&include[]=languages&include[]=payments&include[]=product_widgets&include[]=rating&include[]=ratings
    at function_ (http://localhost:5200/node_modules/.pnpm/ky@2.1.0/node_modules/ky/distribution/core/Ky.js?v=c58539c0:157:39)
    at async http://localhost:5200/node_modules/.pnpm/ky@2.1.0/node_modules/ky/distribution/core/Ky.js?v=c58539c0:195:24
    at async result.<computed> [as json] (http://localhost:5200/node_modules/.pnpm/ky@2.1.0/node_modules/ky/distribution/core/Ky.js?v=c58539c0:219:34)
    at async Object.settings (http://localhost:5200/node_modules/.pnpm/@salla.sa+twilight-theme-en_c3cd9c099c8c4c71b5353d842e4aee2e/node_modules/@salla.sa/twilight-theme-engine/dist/chunk-WMSOSA74.js?v=c58539c0:34:20) @ http://localhost:5200/@vite/client:532
[  531420ms] [ERROR] Failed to load resource: the server responded with a status of 500 (Internal Server Error) @ http://localhost:5200/favicon.ico:0
[  711974ms] [LOG] [vite] server connection lost. Polling for restart... @ http://localhost:5200/@vite/client:1002
[  926468ms] [ERROR] Failed to load resource: the server responded with a status of 429 () @ https://api.salla.dev/store/v1/store/settings?include[]=store&include[]=settings:0
[  932018ms] [ERROR] Failed to load resource: the server responded with a status of 429 () @ https://api.salla.dev/store/v1/store/settings:0
[ 1045105ms] [ERROR] Failed to load resource: the server responded with a status of 429 () @ https://api.salla.dev/store/v1/store/settings:0
[ 1045248ms] [ERROR] Failed to load resource: the server responded with a status of 429 () @ https://api.salla.dev/store/v1/store/settings:0
[ 3273398ms] [ERROR] Failed to load resource: the server responded with a status of 429 () @ https://api.salla.dev/store/v1/store/settings:0
[ 3273537ms] [ERROR] Failed to load resource: the server responded with a status of 429 () @ https://api.salla.dev/store/v1/store/settings:0
[ 3273639ms] [ERROR] Failed to load resource: the server responded with a status of 429 () @ https://api.salla.dev/store/v1/store/settings:0
