[     125ms] [ERROR] Failed to load resource: net::ERR_BLOCKED_BY_RESPONSE.NotSameOrigin @ https://static.whatsapp.net/rsrc.php/yM/r/ys-5GPT4pwS.svg:0
[     165ms] [ERROR] Failed to load resource: net::ERR_BLOCKED_BY_RESPONSE.NotSameOrigin @ https://static.whatsapp.net/rsrc.php/yJ/r/twC7frrXavH.svg:0
[     197ms] [ERROR] Access to CSS stylesheet at 'https://static.whatsapp.net/rsrc.php/v5/yf/l/0,cross/kVqnnGSuZMa.css' from origin 'https://api.whatsapp.com' has been blocked by CORS policy: No 'Access-Control-Allow-Origin' header is present on the requested resource. @ https://api.whatsapp.com/send/?phone=966553524524&text&type=phone_number&app_absent=0:0
[     198ms] [ERROR] Failed to load resource: net::ERR_FAILED @ https://static.whatsapp.net/rsrc.php/v5/yf/l/0,cross/kVqnnGSuZMa.css:0
[     203ms] [ERROR] Access to CSS stylesheet at 'https://static.whatsapp.net/rsrc.php/v5/yP/l/0,cross/oe6EbnOYqJI.css' from origin 'https://api.whatsapp.com' has been blocked by CORS policy: No 'Access-Control-Allow-Origin' header is present on the requested resource. @ https://api.whatsapp.com/send/?phone=966553524524&text&type=phone_number&app_absent=0:0
[     204ms] [ERROR] Failed to load resource: net::ERR_FAILED @ https://static.whatsapp.net/rsrc.php/v5/yP/l/0,cross/oe6EbnOYqJI.css:0
[     219ms] [ERROR] Access to CSS stylesheet at 'https://static.whatsapp.net/rsrc.php/v5/yZ/l/0,cross/kJCk-OFd_5Q.css' from origin 'https://api.whatsapp.com' has been blocked by CORS policy: No 'Access-Control-Allow-Origin' header is present on the requested resource. @ https://api.whatsapp.com/send/?phone=966553524524&text&type=phone_number&app_absent=0:0
[     219ms] [ERROR] Failed to load resource: net::ERR_FAILED @ https://static.whatsapp.net/rsrc.php/v5/yZ/l/0,cross/kJCk-OFd_5Q.css:0
[     223ms] [ERROR] Access to script at 'https://static.whatsapp.net/rsrc.php/v4/yM/r/D1_gSBPExzL.js' from origin 'https://api.whatsapp.com' has been blocked by CORS policy: No 'Access-Control-Allow-Origin' header is present on the requested resource. @ https://api.whatsapp.com/send/?phone=966553524524&text&type=phone_number&app_absent=0:0
[     223ms] [ERROR] Failed to load resource: net::ERR_FAILED @ https://static.whatsapp.net/rsrc.php/v4/yM/r/D1_gSBPExzL.js:0
[     245ms] [ERROR] Access to script at 'https://static.whatsapp.net/rsrc.php/v4/yR/r/972OiSqjWfw.js' from origin 'https://api.whatsapp.com' has been blocked by CORS policy: No 'Access-Control-Allow-Origin' header is present on the requested resource. @ https://api.whatsapp.com/send/?phone=966553524524&text&type=phone_number&app_absent=0:0
[     245ms] [ERROR] Failed to load resource: net::ERR_FAILED @ https://static.whatsapp.net/rsrc.php/v4/yR/r/972OiSqjWfw.js:0
[     251ms] ReferenceError: requireLazy is not defined
    at https://api.whatsapp.com/send/?phone=966553524524&text&type=phone_number&app_absent=0:7:26
[     252ms] ReferenceError: requireLazy is not defined
    at https://api.whatsapp.com/send/?phone=966553524524&text&type=phone_number&app_absent=0:7:16740
[     258ms] ReferenceError: requireLazy is not defined
    at https://api.whatsapp.com/send/?phone=966553524524&text&type=phone_number&app_absent=0:8:26
[     408ms] ReferenceError: requireLazy is not defined
    at https://api.whatsapp.com/send/?phone=966553524524&text&type=phone_number&app_absent=0:9:26
[     410ms] ReferenceError: requireLazy is not defined
    at https://api.whatsapp.com/send/?phone=966553524524&text&type=phone_number&app_absent=0:10:26
[     415ms] ReferenceError: requireLazy is not defined
    at https://api.whatsapp.com/send/?phone=966553524524&text&type=phone_number&app_absent=0:21:57
[     416ms] ReferenceError: requireLazy is not defined
    at https://api.whatsapp.com/send/?phone=966553524524&text&type=phone_number&app_absent=0:22:54
    at https://api.whatsapp.com/send/?phone=966553524524&text&type=phone_number&app_absent=0:22:150
[     416ms] ReferenceError: requireLazy is not defined
    at https://api.whatsapp.com/send/?phone=966553524524&text&type=phone_number&app_absent=0:23:26
[     417ms] ReferenceError: requireLazy is not defined
    at https://api.whatsapp.com/send/?phone=966553524524&text&type=phone_number&app_absent=0:24:26
[     417ms] ReferenceError: requireLazy is not defined
    at https://api.whatsapp.com/send/?phone=966553524524&text&type=phone_number&app_absent=0:24:175
    at https://api.whatsapp.com/send/?phone=966553524524&text&type=phone_number&app_absent=0:24:270
[     417ms] ReferenceError: requireLazy is not defined
    at https://api.whatsapp.com/send/?phone=966553524524&text&type=phone_number&app_absent=0:25:26
[     414ms] [ERROR] Access to script at 'https://static.whatsapp.net/rsrc.php/v4i7M54/y8/l/en_GB-j/0rig_ehmWgp.js' from origin 'https://api.whatsapp.com' has been blocked by CORS policy: No 'Access-Control-Allow-Origin' header is present on the requested resource. @ https://api.whatsapp.com/send/?phone=966553524524&text&type=phone_number&app_absent=0:24
[     414ms] [ERROR] Failed to load resource: net::ERR_FAILED @ https://static.whatsapp.net/rsrc.php/v4i7M54/y8/l/en_GB-j/0rig_ehmWgp.js:0
[     414ms] [ERROR] Access to script at 'https://static.whatsapp.net/rsrc.php/v4/ym/r/RyucfMKMWa4.js' from origin 'https://api.whatsapp.com' has been blocked by CORS policy: No 'Access-Control-Allow-Origin' header is present on the requested resource. @ https://api.whatsapp.com/send/?phone=966553524524&text&type=phone_number&app_absent=0:24
[     414ms] [ERROR] Failed to load resource: net::ERR_FAILED @ https://static.whatsapp.net/rsrc.php/v4/ym/r/RyucfMKMWa4.js:0
[     414ms] [ERROR] Access to script at 'https://static.whatsapp.net/rsrc.php/v4/yM/r/ff19-fEITJh.js' from origin 'https://api.whatsapp.com' has been blocked by CORS policy: No 'Access-Control-Allow-Origin' header is present on the requested resource. @ https://api.whatsapp.com/send/?phone=966553524524&text&type=phone_number&app_absent=0:24
[     414ms] [ERROR] Failed to load resource: net::ERR_FAILED @ https://static.whatsapp.net/rsrc.php/v4/yM/r/ff19-fEITJh.js:0
[     450ms] [ERROR] Access to CSS stylesheet at 'https://static.whatsapp.net/rsrc.php/v5/yf/l/0,cross/kVqnnGSuZMa.css' from origin 'https://api.whatsapp.com' has been blocked by CORS policy: No 'Access-Control-Allow-Origin' header is present on the requested resource. @ https://api.whatsapp.com/send/?phone=966553524524&text&type=phone_number&app_absent=0:0
[     450ms] [ERROR] Failed to load resource: net::ERR_FAILED @ https://static.whatsapp.net/rsrc.php/v5/yf/l/0,cross/kVqnnGSuZMa.css:0
[     455ms] [ERROR] Access to CSS stylesheet at 'https://static.whatsapp.net/rsrc.php/v5/yP/l/0,cross/oe6EbnOYqJI.css' from origin 'https://api.whatsapp.com' has been blocked by CORS policy: No 'Access-Control-Allow-Origin' header is present on the requested resource. @ https://api.whatsapp.com/send/?phone=966553524524&text&type=phone_number&app_absent=0:0
[     455ms] [ERROR] Failed to load resource: net::ERR_FAILED @ https://static.whatsapp.net/rsrc.php/v5/yP/l/0,cross/oe6EbnOYqJI.css:0
[     456ms] [ERROR] Access to CSS stylesheet at 'https://static.whatsapp.net/rsrc.php/v5/yZ/l/0,cross/kJCk-OFd_5Q.css' from origin 'https://api.whatsapp.com' has been blocked by CORS policy: No 'Access-Control-Allow-Origin' header is present on the requested resource. @ https://api.whatsapp.com/send/?phone=966553524524&text&type=phone_number&app_absent=0:0
[     456ms] [ERROR] Failed to load resource: net::ERR_FAILED @ https://static.whatsapp.net/rsrc.php/v5/yZ/l/0,cross/kJCk-OFd_5Q.css:0
