[     645ms] [LOG] [offline-api] browser: api.salla.dev + cdn.salla.network -> http://127.0.0.1:5178 @ http://localhost:3210/:0
[    1260ms] [INFO] %cDownload the React DevTools for a better development experience: https://react.dev/link/react-devtools font-weight:bold @ http://localhost:3210/node_modules/.vite/deps/react-dom_client.js?v=c58539c0:14335
[    1373ms] [WARNING] [Twilight] Could not hydrate twilight context: no root match in router state @ http://localhost:3210/@vite/client:532
[    1490ms] [ERROR] The result of getServerSnapshot should be cached to avoid an infinite loop @ http://localhost:3210/@vite/client:532
[    1526ms] [ERROR] A tree hydrated but some attributes of the server rendered HTML didn't match the client properties. This won't be patched up. This can happen if a SSR-ed Client Component used:

- A server/client branch `if (typeof window !== 'undefined')`.
- Variable input such as `Date.now()` or `Math.random()` which changes each time it's called.
- Date formatting in a user's locale which doesn't match the server.
- External changing data without sending a snapshot of it along with the HTML.
- Invalid HTML tag nesting.

It can also happen if the client has a browser extension installed which messes with the HTML before React loaded.

%s%s https://react.dev/link/hydration-mismatch 

  ...
    <ThemeDocumentSync>
    <TanStackDocumentSync>
    <NavigationSetup>
      <NavigationProvider navigate={function}>
        <LinkProvider adapter={{...}}>
          <WidgetHead>
          <AppsSnippets>
          <HookSlot>
          <Suspense>
          <OptimalXLayout>
            <div>
            <BottomTabBar>
              <nav className="ox-tabbar" aria-label="تنقل سريع" data-testid="ox-tabbar">
                <ul className="ox-tabbar_...">
                  <li>
                    <Link to="/" className="ox-tab">
                      <TanStackLinkAdapter ref={null} to="/" className="ox-tab" data-spa-link="">
                        <a
+                         className="ox-tab active"
-                         className="ox-tab is-active active"
                          style={undefined}
                          title={undefined}
                          target={undefined}
                          rel={undefined}
                          onClick={function handleClick}
                          aria-label={undefined}
                          data-spa-link=""
                          ref={{current:null}}
                          onBlur={function handleLeave}
                          onFocus={function}
                          onMouseEnter={function}
                          onMouseLeave={function handleLeave}
                          onTouchStart={function handleTouchStart}
                          href="/"
                          data-status="active"
                          aria-current="page"
                        >
                  ...
            ...
          ...
 @ http://localhost:3210/@vite/client:532
[    2066ms] [LOG] [HomeComponentRenderer] RENDER: path=ox-hero, index=0, renderCount=1 @ http://localhost:3210/node_modules/.pnpm/@salla.sa+twilight-theme-en_c3cd9c099c8c4c71b5353d842e4aee2e/node_modules/@salla.sa/twilight-theme-engine/dist/chunk-WITIL2MK.js?v=c58539c0:670
[    2066ms] [LOG] [HomeComponentRenderer] RENDER: path=ox-hero, index=0, renderCount=2 @ http://localhost:3210/node_modules/.pnpm/@salla.sa+twilight-theme-en_c3cd9c099c8c4c71b5353d842e4aee2e/node_modules/@salla.sa/twilight-theme-engine/dist/chunk-WITIL2MK.js?v=c58539c0:670
[    2082ms] [LOG] [HomeComponentRenderer] RENDER: path=ox-hero, index=0, renderCount=1 @ http://localhost:3210/node_modules/.pnpm/@salla.sa+twilight-theme-en_c3cd9c099c8c4c71b5353d842e4aee2e/node_modules/@salla.sa/twilight-theme-engine/dist/chunk-WITIL2MK.js?v=c58539c0:670
[    2082ms] [LOG] [HomeComponentRenderer] RENDER: path=ox-hero, index=0, renderCount=2 @ http://localhost:3210/node_modules/.pnpm/@salla.sa+twilight-theme-en_c3cd9c099c8c4c71b5353d842e4aee2e/node_modules/@salla.sa/twilight-theme-engine/dist/chunk-WITIL2MK.js?v=c58539c0:670
[    2084ms] [LOG] [HomeComponentRenderer] RENDER: path=ox-trust-strip, index=1, renderCount=1 @ http://localhost:3210/node_modules/.pnpm/@salla.sa+twilight-theme-en_c3cd9c099c8c4c71b5353d842e4aee2e/node_modules/@salla.sa/twilight-theme-engine/dist/chunk-WITIL2MK.js?v=c58539c0:670
[    2084ms] [LOG] [HomeComponentRenderer] RENDER: path=ox-trust-strip, index=1, renderCount=2 @ http://localhost:3210/node_modules/.pnpm/@salla.sa+twilight-theme-en_c3cd9c099c8c4c71b5353d842e4aee2e/node_modules/@salla.sa/twilight-theme-engine/dist/chunk-WITIL2MK.js?v=c58539c0:670
[    2085ms] [LOG] [HomeComponentRenderer] RENDER: path=ox-goals, index=2, renderCount=1 @ http://localhost:3210/node_modules/.pnpm/@salla.sa+twilight-theme-en_c3cd9c099c8c4c71b5353d842e4aee2e/node_modules/@salla.sa/twilight-theme-engine/dist/chunk-WITIL2MK.js?v=c58539c0:670
[    2085ms] [LOG] [HomeComponentRenderer] RENDER: path=ox-goals, index=2, renderCount=2 @ http://localhost:3210/node_modules/.pnpm/@salla.sa+twilight-theme-en_c3cd9c099c8c4c71b5353d842e4aee2e/node_modules/@salla.sa/twilight-theme-engine/dist/chunk-WITIL2MK.js?v=c58539c0:670
[    2085ms] [LOG] [HomeComponentRenderer] RENDER: path=ox-products, index=3, renderCount=1 @ http://localhost:3210/node_modules/.pnpm/@salla.sa+twilight-theme-en_c3cd9c099c8c4c71b5353d842e4aee2e/node_modules/@salla.sa/twilight-theme-engine/dist/chunk-WITIL2MK.js?v=c58539c0:670
[    2085ms] [LOG] [HomeComponentRenderer] RENDER: path=ox-products, index=3, renderCount=2 @ http://localhost:3210/node_modules/.pnpm/@salla.sa+twilight-theme-en_c3cd9c099c8c4c71b5353d842e4aee2e/node_modules/@salla.sa/twilight-theme-engine/dist/chunk-WITIL2MK.js?v=c58539c0:670
[    2087ms] [LOG] [HomeComponentRenderer] RENDER: path=ox-categories, index=4, renderCount=1 @ http://localhost:3210/node_modules/.pnpm/@salla.sa+twilight-theme-en_c3cd9c099c8c4c71b5353d842e4aee2e/node_modules/@salla.sa/twilight-theme-engine/dist/chunk-WITIL2MK.js?v=c58539c0:670
[    2087ms] [LOG] [HomeComponentRenderer] RENDER: path=ox-categories, index=4, renderCount=2 @ http://localhost:3210/node_modules/.pnpm/@salla.sa+twilight-theme-en_c3cd9c099c8c4c71b5353d842e4aee2e/node_modules/@salla.sa/twilight-theme-engine/dist/chunk-WITIL2MK.js?v=c58539c0:670
[    2090ms] [LOG] [HomeComponentRenderer] RENDER: path=ox-brands, index=5, renderCount=1 @ http://localhost:3210/node_modules/.pnpm/@salla.sa+twilight-theme-en_c3cd9c099c8c4c71b5353d842e4aee2e/node_modules/@salla.sa/twilight-theme-engine/dist/chunk-WITIL2MK.js?v=c58539c0:670
[    2090ms] [LOG] [HomeComponentRenderer] RENDER: path=ox-brands, index=5, renderCount=2 @ http://localhost:3210/node_modules/.pnpm/@salla.sa+twilight-theme-en_c3cd9c099c8c4c71b5353d842e4aee2e/node_modules/@salla.sa/twilight-theme-engine/dist/chunk-WITIL2MK.js?v=c58539c0:670
[    2091ms] [LOG] [HomeComponentRenderer] RENDER: path=ox-services, index=6, renderCount=1 @ http://localhost:3210/node_modules/.pnpm/@salla.sa+twilight-theme-en_c3cd9c099c8c4c71b5353d842e4aee2e/node_modules/@salla.sa/twilight-theme-engine/dist/chunk-WITIL2MK.js?v=c58539c0:670
[    2092ms] [LOG] [HomeComponentRenderer] RENDER: path=ox-services, index=6, renderCount=2 @ http://localhost:3210/node_modules/.pnpm/@salla.sa+twilight-theme-en_c3cd9c099c8c4c71b5353d842e4aee2e/node_modules/@salla.sa/twilight-theme-engine/dist/chunk-WITIL2MK.js?v=c58539c0:670
[    2093ms] [LOG] [HomeComponentRenderer] RENDER: path=ox-guides, index=7, renderCount=1 @ http://localhost:3210/node_modules/.pnpm/@salla.sa+twilight-theme-en_c3cd9c099c8c4c71b5353d842e4aee2e/node_modules/@salla.sa/twilight-theme-engine/dist/chunk-WITIL2MK.js?v=c58539c0:670
[    2094ms] [LOG] [HomeComponentRenderer] RENDER: path=ox-guides, index=7, renderCount=2 @ http://localhost:3210/node_modules/.pnpm/@salla.sa+twilight-theme-en_c3cd9c099c8c4c71b5353d842e4aee2e/node_modules/@salla.sa/twilight-theme-engine/dist/chunk-WITIL2MK.js?v=c58539c0:670
[    2095ms] [LOG] [HomeComponentRenderer] RENDER: path=ox-branch, index=8, renderCount=1 @ http://localhost:3210/node_modules/.pnpm/@salla.sa+twilight-theme-en_c3cd9c099c8c4c71b5353d842e4aee2e/node_modules/@salla.sa/twilight-theme-engine/dist/chunk-WITIL2MK.js?v=c58539c0:670
[    2096ms] [LOG] [HomeComponentRenderer] RENDER: path=ox-branch, index=8, renderCount=2 @ http://localhost:3210/node_modules/.pnpm/@salla.sa+twilight-theme-en_c3cd9c099c8c4c71b5353d842e4aee2e/node_modules/@salla.sa/twilight-theme-engine/dist/chunk-WITIL2MK.js?v=c58539c0:670
[    2098ms] [LOG] [HomeComponentRenderer] RENDER: path=ox-faq, index=9, renderCount=1 @ http://localhost:3210/node_modules/.pnpm/@salla.sa+twilight-theme-en_c3cd9c099c8c4c71b5353d842e4aee2e/node_modules/@salla.sa/twilight-theme-engine/dist/chunk-WITIL2MK.js?v=c58539c0:670
[    2098ms] [LOG] [HomeComponentRenderer] RENDER: path=ox-faq, index=9, renderCount=2 @ http://localhost:3210/node_modules/.pnpm/@salla.sa+twilight-theme-en_c3cd9c099c8c4c71b5353d842e4aee2e/node_modules/@salla.sa/twilight-theme-engine/dist/chunk-WITIL2MK.js?v=c58539c0:670
[    2100ms] [LOG] [HomeComponentRenderer] RENDER: path=ox-newsletter, index=10, renderCount=1 @ http://localhost:3210/node_modules/.pnpm/@salla.sa+twilight-theme-en_c3cd9c099c8c4c71b5353d842e4aee2e/node_modules/@salla.sa/twilight-theme-engine/dist/chunk-WITIL2MK.js?v=c58539c0:670
[    2102ms] [LOG] [HomeComponentRenderer] RENDER: path=ox-newsletter, index=10, renderCount=2 @ http://localhost:3210/node_modules/.pnpm/@salla.sa+twilight-theme-en_c3cd9c099c8c4c71b5353d842e4aee2e/node_modules/@salla.sa/twilight-theme-engine/dist/chunk-WITIL2MK.js?v=c58539c0:670
[    2102ms] [LOG] [HomeComponentRenderer] RENDER: path=ox-banner, index=11, renderCount=1 @ http://localhost:3210/node_modules/.pnpm/@salla.sa+twilight-theme-en_c3cd9c099c8c4c71b5353d842e4aee2e/node_modules/@salla.sa/twilight-theme-engine/dist/chunk-WITIL2MK.js?v=c58539c0:670
[    2103ms] [LOG] [HomeComponentRenderer] RENDER: path=ox-banner, index=11, renderCount=2 @ http://localhost:3210/node_modules/.pnpm/@salla.sa+twilight-theme-en_c3cd9c099c8c4c71b5353d842e4aee2e/node_modules/@salla.sa/twilight-theme-engine/dist/chunk-WITIL2MK.js?v=c58539c0:670
[    2106ms] [LOG] [HomeComponentRenderer] MOUNT: path=ox-hero, index=0, renderCount=2 @ http://localhost:3210/node_modules/.pnpm/@salla.sa+twilight-theme-en_c3cd9c099c8c4c71b5353d842e4aee2e/node_modules/@salla.sa/twilight-theme-engine/dist/chunk-WITIL2MK.js?v=c58539c0:673
[    2107ms] [LOG] [HomeComponentRenderer] MOUNT: path=ox-trust-strip, index=1, renderCount=2 @ http://localhost:3210/node_modules/.pnpm/@salla.sa+twilight-theme-en_c3cd9c099c8c4c71b5353d842e4aee2e/node_modules/@salla.sa/twilight-theme-engine/dist/chunk-WITIL2MK.js?v=c58539c0:673
[    2107ms] [LOG] [HomeComponentRenderer] MOUNT: path=ox-goals, index=2, renderCount=2 @ http://localhost:3210/node_modules/.pnpm/@salla.sa+twilight-theme-en_c3cd9c099c8c4c71b5353d842e4aee2e/node_modules/@salla.sa/twilight-theme-engine/dist/chunk-WITIL2MK.js?v=c58539c0:673
[    2110ms] [LOG] [HomeComponentRenderer] MOUNT: path=ox-products, index=3, renderCount=2 @ http://localhost:3210/node_modules/.pnpm/@salla.sa+twilight-theme-en_c3cd9c099c8c4c71b5353d842e4aee2e/node_modules/@salla.sa/twilight-theme-engine/dist/chunk-WITIL2MK.js?v=c58539c0:673
[    2110ms] [LOG] [HomeComponentRenderer] MOUNT: path=ox-categories, index=4, renderCount=2 @ http://localhost:3210/node_modules/.pnpm/@salla.sa+twilight-theme-en_c3cd9c099c8c4c71b5353d842e4aee2e/node_modules/@salla.sa/twilight-theme-engine/dist/chunk-WITIL2MK.js?v=c58539c0:673
[    2111ms] [LOG] [HomeComponentRenderer] MOUNT: path=ox-brands, index=5, renderCount=2 @ http://localhost:3210/node_modules/.pnpm/@salla.sa+twilight-theme-en_c3cd9c099c8c4c71b5353d842e4aee2e/node_modules/@salla.sa/twilight-theme-engine/dist/chunk-WITIL2MK.js?v=c58539c0:673
[    2111ms] [LOG] [HomeComponentRenderer] MOUNT: path=ox-services, index=6, renderCount=2 @ http://localhost:3210/node_modules/.pnpm/@salla.sa+twilight-theme-en_c3cd9c099c8c4c71b5353d842e4aee2e/node_modules/@salla.sa/twilight-theme-engine/dist/chunk-WITIL2MK.js?v=c58539c0:673
[    2112ms] [LOG] [HomeComponentRenderer] MOUNT: path=ox-guides, index=7, renderCount=2 @ http://localhost:3210/node_modules/.pnpm/@salla.sa+twilight-theme-en_c3cd9c099c8c4c71b5353d842e4aee2e/node_modules/@salla.sa/twilight-theme-engine/dist/chunk-WITIL2MK.js?v=c58539c0:673
[    2113ms] [LOG] [HomeComponentRenderer] MOUNT: path=ox-branch, index=8, renderCount=2 @ http://localhost:3210/node_modules/.pnpm/@salla.sa+twilight-theme-en_c3cd9c099c8c4c71b5353d842e4aee2e/node_modules/@salla.sa/twilight-theme-engine/dist/chunk-WITIL2MK.js?v=c58539c0:673
[    2113ms] [LOG] [HomeComponentRenderer] MOUNT: path=ox-faq, index=9, renderCount=2 @ http://localhost:3210/node_modules/.pnpm/@salla.sa+twilight-theme-en_c3cd9c099c8c4c71b5353d842e4aee2e/node_modules/@salla.sa/twilight-theme-engine/dist/chunk-WITIL2MK.js?v=c58539c0:673
[    2114ms] [LOG] [HomeComponentRenderer] MOUNT: path=ox-newsletter, index=10, renderCount=2 @ http://localhost:3210/node_modules/.pnpm/@salla.sa+twilight-theme-en_c3cd9c099c8c4c71b5353d842e4aee2e/node_modules/@salla.sa/twilight-theme-engine/dist/chunk-WITIL2MK.js?v=c58539c0:673
[    2115ms] [LOG] [HomeComponentRenderer] MOUNT: path=ox-banner, index=11, renderCount=2 @ http://localhost:3210/node_modules/.pnpm/@salla.sa+twilight-theme-en_c3cd9c099c8c4c71b5353d842e4aee2e/node_modules/@salla.sa/twilight-theme-engine/dist/chunk-WITIL2MK.js?v=c58539c0:673
[    6350ms] [ERROR] Failed to load resource: the server responded with a status of 500 (Internal Server Error) @ http://localhost:3210/assets/images/plan-nutrition.jpg:0
[    6351ms] [ERROR] Failed to load resource: the server responded with a status of 500 (Internal Server Error) @ http://localhost:3210/assets/images/plan-advisory.jpg:0
[    6352ms] [ERROR] Failed to load resource: the server responded with a status of 500 (Internal Server Error) @ http://localhost:3210/assets/images/plan-training.jpg:0
[  129091ms] [LOG] [offline-api] browser: api.salla.dev + cdn.salla.network -> http://127.0.0.1:5178 @ http://localhost:3210/%D8%AD%D8%B2%D9%85%D8%A9-%D8%A7%D9%84%D8%A8%D8%AF%D8%A7%D9%8A%D8%A9-%D9%88%D8%A7%D9%8A-%D9%88%D9%83%D8%B1%D9%8A%D8%A7%D8%AA%D9%8A%D9%86-%D9%88%D9%85%D9%84%D8%AA%D9%8A-%D9%81%D9%8A%D8%AA%D8%A7%D9%85%D9%8A%D9%86-%D8%A7%D9%88%D8%A8%D8%AA%D9%8A%D9%85%D8%A7%D9%84-%D8%A7%D9%83%D8%B3/p1141798217:0
[  129650ms] [INFO] %cDownload the React DevTools for a better development experience: https://react.dev/link/react-devtools font-weight:bold @ http://localhost:3210/node_modules/.vite/deps/react-dom_client.js?v=c58539c0:14335
[  129762ms] [WARNING] [Twilight] Could not hydrate twilight context: no root match in router state @ http://localhost:3210/@vite/client:532
[  129867ms] [ERROR] The result of getServerSnapshot should be cached to avoid an infinite loop @ http://localhost:3210/@vite/client:532
[  131220ms] [ERROR] TypeError: Cannot read properties of null (reading 'length')
    at v.render (https://cdn.assets.salla.network/dev/@salla.sa/twilight/9b1ad668bb386735f64a045e4c13b4c5508ad4c8/p-8f2ecff5.entry.js:4:25557)
    at Yt (https://cdn.assets.salla.network/dev/@salla.sa/twilight/9b1ad668bb386735f64a045e4c13b4c5508ad4c8/p-Cz6ID6IN.js:4:19885)
    at qt (https://cdn.assets.salla.network/dev/@salla.sa/twilight/9b1ad668bb386735f64a045e4c13b4c5508ad4c8/p-Cz6ID6IN.js:4:19696)
    at https://cdn.assets.salla.network/dev/@salla.sa/twilight/9b1ad668bb386735f64a045e4c13b4c5508ad4c8/p-Cz6ID6IN.js:4:19351 JSHandle@node @ http://localhost:3210/@vite/client:532
[  131439ms] [ERROR] TypeError: Cannot read properties of null (reading 'length')
    at v.emitPromotionViewed (https://cdn.assets.salla.network/dev/@salla.sa/twilight/9b1ad668bb386735f64a045e4c13b4c5508ad4c8/p-8f2ecff5.entry.js:4:22121)
    at v.componentDidLoad (https://cdn.assets.salla.network/dev/@salla.sa/twilight/9b1ad668bb386735f64a045e4c13b4c5508ad4c8/p-8f2ecff5.entry.js:4:25334)
    at Kt (https://cdn.assets.salla.network/dev/@salla.sa/twilight/9b1ad668bb386735f64a045e4c13b4c5508ad4c8/p-Cz6ID6IN.js:4:22621)
    at Gt (https://cdn.assets.salla.network/dev/@salla.sa/twilight/9b1ad668bb386735f64a045e4c13b4c5508ad4c8/p-Cz6ID6IN.js:4:22203)
    at e (https://cdn.assets.salla.network/dev/@salla.sa/twilight/9b1ad668bb386735f64a045e4c13b4c5508ad4c8/p-Cz6ID6IN.js:4:19785)
    at qt (https://cdn.assets.salla.network/dev/@salla.sa/twilight/9b1ad668bb386735f64a045e4c13b4c5508ad4c8/p-Cz6ID6IN.js:4:19804)
    at https://cdn.assets.salla.network/dev/@salla.sa/twilight/9b1ad668bb386735f64a045e4c13b4c5508ad4c8/p-Cz6ID6IN.js:4:19351 JSHandle@node @ http://localhost:3210/@vite/client:532
[  670170ms] [LOG] [offline-api] browser: api.salla.dev + cdn.salla.network -> http://127.0.0.1:5178 @ http://localhost:3210/%D8%AD%D8%B2%D9%85%D8%A9-%D8%A7%D9%84%D8%A8%D8%AF%D8%A7%D9%8A%D8%A9-%D9%88%D8%A7%D9%8A-%D9%88%D9%83%D8%B1%D9%8A%D8%A7%D8%AA%D9%8A%D9%86-%D9%88%D9%85%D9%84%D8%AA%D9%8A-%D9%81%D9%8A%D8%AA%D8%A7%D9%85%D9%8A%D9%86-%D8%A7%D9%88%D8%A8%D8%AA%D9%8A%D9%85%D8%A7%D9%84-%D8%A7%D9%83%D8%B3/p1141798217:0
[  671579ms] [INFO] %cDownload the React DevTools for a better development experience: https://react.dev/link/react-devtools font-weight:bold @ http://localhost:3210/node_modules/.vite/deps/react-dom_client.js?v=c58539c0:14335
[  671731ms] [WARNING] [Twilight] Could not hydrate twilight context: no root match in router state @ http://localhost:3210/@vite/client:532
[  671888ms] [ERROR] The result of getServerSnapshot should be cached to avoid an infinite loop @ http://localhost:3210/@vite/client:532
[  672567ms] Error: Hydration failed because the server rendered HTML didn't match the client. As a result this tree will be regenerated on the client. This can happen if a SSR-ed Client Component used:

- A server/client branch `if (typeof window !== 'undefined')`.
- Variable input such as `Date.now()` or `Math.random()` which changes each time it's called.
- Date formatting in a user's locale which doesn't match the server.
- External changing data without sending a snapshot of it along with the HTML.
- Invalid HTML tag nesting.

It can also happen if the client has a browser extension installed which messes with the HTML before React loaded.

https://react.dev/link/hydration-mismatch

  ...
    <RouterContextProvider router={{...}}>
      <QueryClientProvider client={{}}>
        <Matches>
          <Transitioner>
          <SafeFragment fallback={<Context>}>
            <MatchesInner>
              <CatchBoundary getResetKey={function getResetKey} onCatch={function}>
                <MatchImpl routeId="__root__">
                  <MatchView router={{...}} match={{id:"__root__/", ...}}>
                    <RootComponent>
                      <html lang="ar" dir="rtl" suppressHydrationWarning={true}>
                        <head>
                        <body suppressHydrationWarning={true}>
                          <noscript>
                          <TwilightProvider>
                          <Suspense>
                          <Suspense fallback={null}>
-                           <div>
                          ...

    at throwOnHydrationMismatch (http://localhost:3210/node_modules/.vite/deps/react-dom_client.js?v=c58539c0:2968:51)
    at popHydrationState (http://localhost:3210/node_modules/.vite/deps/react-dom_client.js?v=c58539c0:3051:5)
    at completeWork (http://localhost:3210/node_modules/.vite/deps/react-dom_client.js?v=c58539c0:6455:22)
    at runWithFiberInDEV (http://localhost:3210/node_modules/.vite/deps/react-dom_client.js?v=c58539c0:851:66)
    at completeUnitOfWork (http://localhost:3210/node_modules/.vite/deps/react-dom_client.js?v=c58539c0:8492:15)
    at performUnitOfWork (http://localhost:3210/node_modules/.vite/deps/react-dom_client.js?v=c58539c0:8431:23)
    at workLoopConcurrentByScheduler (http://localhost:3210/node_modules/.vite/deps/react-dom_client.js?v=c58539c0:8425:55)
    at renderRootConcurrent (http://localhost:3210/node_modules/.vite/deps/react-dom_client.js?v=c58539c0:8408:64)
    at performWorkOnRoot (http://localhost:3210/node_modules/.vite/deps/react-dom_client.js?v=c58539c0:7957:145)
    at performWorkOnRootViaSchedulerTask (http://localhost:3210/node_modules/.vite/deps/react-dom_client.js?v=c58539c0:9059:4)
[  672626ms] Error: Hydration failed because the server rendered HTML didn't match the client. As a result this tree will be regenerated on the client. This can happen if a SSR-ed Client Component used:

- A server/client branch `if (typeof window !== 'undefined')`.
- Variable input such as `Date.now()` or `Math.random()` which changes each time it's called.
- Date formatting in a user's locale which doesn't match the server.
- External changing data without sending a snapshot of it along with the HTML.
- Invalid HTML tag nesting.

It can also happen if the client has a browser extension installed which messes with the HTML before React loaded.

https://react.dev/link/hydration-mismatch

  ...
    <Matches>
      <Transitioner>
      <SafeFragment fallback={<Context>}>
        <MatchesInner>
          <CatchBoundary getResetKey={function getResetKey} onCatch={function}>
            <MatchImpl routeId="__root__">
              <MatchView router={{...}} match={{id:"__root__/", ...}}>
                <RootComponent>
                  <html lang="ar" dir="rtl" suppressHydrationWarning={true}>
                    <head>
                    <body suppressHydrationWarning={true}>
                      <noscript>
                      <TwilightProvider>
                      <Suspense fallback={null}>
                        <TanStackRouterDevtools position="bottom-right">
+                         <div ref={{current:null}}>
                      ...

    at throwOnHydrationMismatch (http://localhost:3210/node_modules/.vite/deps/react-dom_client.js?v=c58539c0:2968:51)
    at beginWork (http://localhost:3210/node_modules/.vite/deps/react-dom_client.js?v=c58539c0:6200:914)
    at runWithFiberInDEV (http://localhost:3210/node_modules/.vite/deps/react-dom_client.js?v=c58539c0:851:66)
    at performUnitOfWork (http://localhost:3210/node_modules/.vite/deps/react-dom_client.js?v=c58539c0:8429:92)
    at workLoopConcurrentByScheduler (http://localhost:3210/node_modules/.vite/deps/react-dom_client.js?v=c58539c0:8425:55)
    at renderRootConcurrent (http://localhost:3210/node_modules/.vite/deps/react-dom_client.js?v=c58539c0:8408:64)
    at performWorkOnRoot (http://localhost:3210/node_modules/.vite/deps/react-dom_client.js?v=c58539c0:7957:145)
    at performWorkOnRootViaSchedulerTask (http://localhost:3210/node_modules/.vite/deps/react-dom_client.js?v=c58539c0:9059:4)
    at MessagePort.performWorkUntilDeadline (http://localhost:3210/node_modules/.vite/deps/react-dom_client.js?v=c58539c0:36:38)
[  673367ms] [ERROR] TypeError: Cannot read properties of null (reading 'length')
    at v.render (https://cdn.assets.salla.network/dev/@salla.sa/twilight/9b1ad668bb386735f64a045e4c13b4c5508ad4c8/p-8f2ecff5.entry.js:4:25557)
    at Yt (https://cdn.assets.salla.network/dev/@salla.sa/twilight/9b1ad668bb386735f64a045e4c13b4c5508ad4c8/p-Cz6ID6IN.js:4:19885)
    at qt (https://cdn.assets.salla.network/dev/@salla.sa/twilight/9b1ad668bb386735f64a045e4c13b4c5508ad4c8/p-Cz6ID6IN.js:4:19696)
    at https://cdn.assets.salla.network/dev/@salla.sa/twilight/9b1ad668bb386735f64a045e4c13b4c5508ad4c8/p-Cz6ID6IN.js:4:19351 JSHandle@node @ http://localhost:3210/@vite/client:532
[  673698ms] [ERROR] TypeError: Cannot read properties of null (reading 'length')
    at v.emitPromotionViewed (https://cdn.assets.salla.network/dev/@salla.sa/twilight/9b1ad668bb386735f64a045e4c13b4c5508ad4c8/p-8f2ecff5.entry.js:4:22121)
    at v.componentDidLoad (https://cdn.assets.salla.network/dev/@salla.sa/twilight/9b1ad668bb386735f64a045e4c13b4c5508ad4c8/p-8f2ecff5.entry.js:4:25334)
    at Kt (https://cdn.assets.salla.network/dev/@salla.sa/twilight/9b1ad668bb386735f64a045e4c13b4c5508ad4c8/p-Cz6ID6IN.js:4:22621)
    at Gt (https://cdn.assets.salla.network/dev/@salla.sa/twilight/9b1ad668bb386735f64a045e4c13b4c5508ad4c8/p-Cz6ID6IN.js:4:22203)
    at e (https://cdn.assets.salla.network/dev/@salla.sa/twilight/9b1ad668bb386735f64a045e4c13b4c5508ad4c8/p-Cz6ID6IN.js:4:19785)
    at qt (https://cdn.assets.salla.network/dev/@salla.sa/twilight/9b1ad668bb386735f64a045e4c13b4c5508ad4c8/p-Cz6ID6IN.js:4:19804)
    at https://cdn.assets.salla.network/dev/@salla.sa/twilight/9b1ad668bb386735f64a045e4c13b4c5508ad4c8/p-Cz6ID6IN.js:4:19351 JSHandle@node @ http://localhost:3210/@vite/client:532
[  710691ms] [LOG] [offline-api] browser: api.salla.dev + cdn.salla.network -> http://127.0.0.1:5178 @ http://localhost:3210/%D8%AD%D8%B2%D9%85%D8%A9-%D8%A7%D9%84%D8%A8%D8%AF%D8%A7%D9%8A%D8%A9-%D9%88%D8%A7%D9%8A-%D9%88%D9%83%D8%B1%D9%8A%D8%A7%D8%AA%D9%8A%D9%86-%D9%88%D9%85%D9%84%D8%AA%D9%8A-%D9%81%D9%8A%D8%AA%D8%A7%D9%85%D9%8A%D9%86-%D8%A7%D9%88%D8%A8%D8%AA%D9%8A%D9%85%D8%A7%D9%84-%D8%A7%D9%83%D8%B3/p1141798217:0
[  716879ms] [INFO] %cDownload the React DevTools for a better development experience: https://react.dev/link/react-devtools font-weight:bold @ http://localhost:3210/node_modules/.vite/deps/react-dom_client.js?v=c58539c0:14335
[  717000ms] [WARNING] [Twilight] Could not hydrate twilight context: no root match in router state @ http://localhost:3210/@vite/client:532
[  717126ms] [ERROR] The result of getServerSnapshot should be cached to avoid an infinite loop @ http://localhost:3210/@vite/client:532
[  717176ms] [ERROR] A tree hydrated but some attributes of the server rendered HTML didn't match the client properties. This won't be patched up. This can happen if a SSR-ed Client Component used:

- A server/client branch `if (typeof window !== 'undefined')`.
- Variable input such as `Date.now()` or `Math.random()` which changes each time it's called.
- Date formatting in a user's locale which doesn't match the server.
- External changing data without sending a snapshot of it along with the HTML.
- Invalid HTML tag nesting.

It can also happen if the client has a browser extension installed which messes with the HTML before React loaded.

%s%s https://react.dev/link/hydration-mismatch 

  ...
    <ThemeDocumentSync>
    <TanStackDocumentSync>
    <NavigationSetup>
      <NavigationProvider navigate={function}>
        <LinkProvider adapter={{...}}>
          <WidgetHead>
          <AppsSnippets>
          <HookSlot>
          <Suspense>
          <OptimalXLayout>
            <div className="app-inner ...">
              <Sprite>
              <SkipLink>
              <Header>
                <header ref={{current:null}} className="store-head..." suppressHydrationWarning={true} ...>
                  <HookSlot>
                  <div>
                  <AnnouncementBar>
                  <UtilityBar>
                  <div className="ox-mainbar">
                    <MainBar>
                      <div className="ox-mainbar...">
                        <Logo width={112} priority={true} className="ox-mainbar...">
                          <Link to="/" className="ox-logo ox..." aria-label="Optimal X">
                            <TanStackLinkAdapter ref={null} to="/" className="ox-logo ox..." aria-label="Optimal X" ...>
                              <a
                                className="ox-logo ox-mainbar__logo"
                                style={undefined}
                                title={undefined}
                                target={undefined}
                                rel={undefined}
                                onClick={function handleClick}
                                aria-label="Optimal X"
                                data-spa-link=""
                                ref={{current:null}}
                                onBlur={function handleLeave}
                                onFocus={function}
                                onMouseEnter={function}
                                onMouseLeave={function handleLeave}
                                onTouchStart={function handleTouchStart}
+                               href="/latest-products"
-                               href="/"
                              >
                        ...
                          ...
                            <TanStackLinkAdapter ref={null} to="/latest-pr..." className="ox-nav__link" data-spa-link="">
                              <a
                                className="ox-nav__link"
                                style={undefined}
                                title={undefined}
                                target={undefined}
                                rel={undefined}
                                onClick={function handleClick}
                                aria-label={undefined}
                                data-spa-link=""
                                ref={{current:null}}
                                onBlur={function handleLeave}
                                onFocus={function}
                                onMouseEnter={function}
                                onMouseLeave={function handleLeave}
                                onTouchStart={function handleTouchStart}
+                               href="/latest-products/latest-products"
-                               href="/latest-products"
                              >
+                               المنتجات
                          ...
                            <TanStackLinkAdapter ref={null} to="/search?q=..." className="ox-nav__link" data-spa-link="">
                              <a
                                className="ox-nav__link"
                                style={undefined}
                                title={undefined}
                                target={undefined}
                                rel={undefined}
                                onClick={function handleClick}
                                aria-label={undefined}
                                data-spa-link=""
                                ref={{current:null}}
                                onBlur={function handleLeave}
                                onFocus={function}
                                onMouseEnter={function}
                                onMouseLeave={function handleLeave}
                                onTouchStart={function handleTouchStart}
+                               href="/latest-products/search?q=%D8%A7%D9%84%D9%85%D9%83%D9%85%D9%84%D8%A7%D8%AA"
-                               href="/search?q=%D8%A7%D9%84%D9%85%D9%83%D9%85%D9%84%D8%A7%D8%AA"
                              >
+                               المكملات
                          ...
                            <TanStackLinkAdapter ref={null} to="/search?q=..." className="ox-nav__link" data-spa-link="">
                              <a
                                className="ox-nav__link"
                                style={undefined}
                                title={undefined}
                                target={undefined}
                                rel={undefined}
                                onClick={function handleClick}
                                aria-label={undefined}
                                data-spa-link=""
                                ref={{current:null}}
                                onBlur={function handleLeave}
                                onFocus={function}
                                onMouseEnter={function}
                                onMouseLeave={function handleLeave}
                                onTouchStart={function handleTouchStart}
+                               href="/latest-products/search?q=%D8%A7%D9%84%D8%A8%D8%B1%D9%88%D8%AA%D9%8A%D9%86"
-                               href="/search?q=%D8%A7%D9%84%D8%A8%D8%B1%D9%88%D8%AA%D9%8A%D9%86"
                              >
+                               البروتين
                          ...
                            <TanStackLinkAdapter ref={null} to="/services" className="ox-nav__link" data-spa-link="">
                              <a
                                className="ox-nav__link"
                                style={undefined}
                                title={undefined}
                                target={undefined}
                                rel={undefined}
                                onClick={function handleClick}
                                aria-label={undefined}
                                data-spa-link=""
                                ref={{current:null}}
                                onBlur={function handleLeave}
                                onFocus={function}
                                onMouseEnter={function}
                                onMouseLeave={function handleLeave}
                                onTouchStart={function handleTouchStart}
+                               href="/latest-products/services"
-                               href="/services"
                              >
+                               اسأل قبل أن تشتري
                          ...
                            <TanStackLinkAdapter ref={null} to="/search?q=..." className="ox-nav__link" data-spa-link="">
                              <a
                                className="ox-nav__link"
                                style={undefined}
                                title={undefined}
                                target={undefined}
                                rel={undefined}
                                onClick={function handleClick}
                                aria-label={undefined}
                                data-spa-link=""
                                ref={{current:null}}
                                onBlur={function handleLeave}
                                onFocus={function}
                                onMouseEnter={function}
                                onMouseLeave={function handleLeave}
                                onTouchStart={function handleTouchStart}
+                               href="/latest-products/search?q=%D8%A7%D9%84%D8%AE%D8%B7%D8%B7%20%D8%A7%D9%84%D8%BA%D8..."
-                               href="/search?q=%D8%A7%D9%84%D8%AE%D8%B7%D8%B7%20%D8%A7%D9%84%D8%BA%D8%B0%D8%A7%D8%A6%..."
                              >
+                               الخطط الغذائية
                          ...
                            <TanStackLinkAdapter ref={null} to="/about" className="ox-nav__link" data-spa-link="">
                              <a
                                className="ox-nav__link"
                                style={undefined}
                                title={undefined}
                                target={undefined}
                                rel={undefined}
                                onClick={function handleClick}
                                aria-label={undefined}
                                data-spa-link=""
                                ref={{current:null}}
                                onBlur={function handleLeave}
                                onFocus={function}
                                onMouseEnter={function}
                                onMouseLeave={function handleLeave}
                                onTouchStart={function handleTouchStart}
+                               href="/latest-products/about"
-                               href="/about"
                              >
+                               عن اوبتيمال اكس
                        <SearchField>
                        <div className="ox-mainbar..." ref={{current:null}}>
                          <Link to="/account/w..." className="ox-iconbtn..." aria-label="المفضلة">
                            <TanStackLinkAdapter ref={null} to="/account/w..." className="ox-iconbtn..." ...>
                              <a
                                className="ox-iconbtn ox-wishlist"
                                style={undefined}
                                title={undefined}
                                target={undefined}
                                rel={undefined}
                                onClick={function handleClick}
                                aria-label="المفضلة"
                                data-spa-link=""
                                ref={{current:null}}
                                onBlur={function handleLeave}
                                onFocus={function}
                                onMouseEnter={function}
                                onMouseLeave={function handleLeave}
                                onTouchStart={function handleTouchStart}
+                               href="/latest-products/account/wishlist"
-                               href="/account/wishlist"
                              >
                          ...
                    ...
                      <div className="ox-mobileb..." ref={{current:null}}>
                        <button>
                        <Logo width={108} priority={true} className="ox-mobileb...">
                          <Link to="/" className="ox-logo ox..." aria-label="Optimal X">
                            <TanStackLinkAdapter ref={null} to="/" className="ox-logo ox..." aria-label="Optimal X" ...>
                              <a
                                className="ox-logo ox-mobilebar__logo"
                                style={undefined}
                                title={undefined}
                                target={undefined}
                                rel={undefined}
                                onClick={function handleClick}
                                aria-label="Optimal X"
                                data-spa-link=""
                                ref={{current:null}}
                                onBlur={function handleLeave}
                                onFocus={function}
                                onMouseEnter={function}
                                onMouseLeave={function handleLeave}
                                onTouchStart={function handleTouchStart}
+                               href="/latest-products"
-                               href="/"
                              >
                        ...
                  ...
              <main>
              ...
                <nav className="ox-footer_..." aria-label="روابط الصفحة" data-testid="ox-footer-...">
                  ...
                    <div className="ox-footer_...">
                      <ul>
                        <li>
                          <Link to="/about" className="ox-footer_...">
                            <TanStackLinkAdapter ref={null} to="/about" className="ox-footer_..." data-spa-link="">
                              <a
                                className="ox-footer__link"
                                style={undefined}
                                title={undefined}
                                target={undefined}
                                rel={undefined}
                                onClick={function handleClick}
                                aria-label={undefined}
                                data-spa-link=""
                                ref={{current:null}}
                                onBlur={function handleLeave}
                                onFocus={function}
                                onMouseEnter={function}
                                onMouseLeave={function handleLeave}
                                onTouchStart={function handleTouchStart}
+                               href="/latest-products/about"
-                               href="/about"
                              >
+                               من نحن
                  ...
                    <div className="ox-footer_...">
                      <ul>
                        <li>
                          <Link to="/contact" className="ox-footer_...">
                            <TanStackLinkAdapter ref={null} to="/contact" className="ox-footer_..." data-spa-link="">
                              <a
                                className="ox-footer__link"
                                style={undefined}
                                title={undefined}
                                target={undefined}
                                rel={undefined}
                                onClick={function handleClick}
                                aria-label={undefined}
                                data-spa-link=""
                                ref={{current:null}}
                                onBlur={function handleLeave}
                                onFocus={function}
                                onMouseEnter={function}
                                onMouseLeave={function handleLeave}
                                onTouchStart={function handleTouchStart}
+                               href="/latest-products/contact"
-                               href="/contact"
                              >
+                               تواصل معنا
                        <li>
                        <li>
                          <Link to="/services" className="ox-footer_...">
                            <TanStackLinkAdapter ref={null} to="/services" className="ox-footer_..." data-spa-link="">
                              <a
                                className="ox-footer__link"
                                style={undefined}
                                title={undefined}
                                target={undefined}
                                rel={undefined}
                                onClick={function handleClick}
                                aria-label={undefined}
                                data-spa-link=""
                                ref={{current:null}}
                                onBlur={function handleLeave}
                                onFocus={function}
                                onMouseEnter={function}
                                onMouseLeave={function handleLeave}
                                onTouchStart={function handleTouchStart}
+                               href="/latest-products/services"
-                               href="/services"
                              >
+                               الأسئلة الشائعة
                  ...
                    <div className="ox-footer_...">
                      <ul>
                        <li>
                          <Link to="/search?q=..." className="ox-footer_...">
                            <TanStackLinkAdapter ref={null} to="/search?q=..." className="ox-footer_..." data-spa-link="">
                              <a
                                className="ox-footer__link"
                                style={undefined}
                                title={undefined}
                                target={undefined}
                                rel={undefined}
                                onClick={function handleClick}
                                aria-label={undefined}
                                data-spa-link=""
                                ref={{current:null}}
                                onBlur={function handleLeave}
                                onFocus={function}
                                onMouseEnter={function}
                                onMouseLeave={function handleLeave}
                                onTouchStart={function handleTouchStart}
+                               href="/latest-products/search?q=%D8%A7%D9%84%D9%85%D9%83%D9%85%D9%84%D8%A7%D8%AA"
-                               href="/search?q=%D8%A7%D9%84%D9%85%D9%83%D9%85%D9%84%D8%A7%D8%AA"
                              >
+                               المكملات
                        <li>
                          <Link to="/search?q=..." className="ox-footer_...">
                            <TanStackLinkAdapter ref={null} to="/search?q=..." className="ox-footer_..." data-spa-link="">
                              <a
                                className="ox-footer__link"
                                style={undefined}
                                title={undefined}
                                target={undefined}
                                rel={undefined}
                                onClick={function handleClick}
                                aria-label={undefined}
                                data-spa-link=""
                                ref={{current:null}}
                                onBlur={function handleLeave}
                                onFocus={function}
                                onMouseEnter={function}
                                onMouseLeave={function handleLeave}
                                onTouchStart={function handleTouchStart}
+                               href="/latest-products/search?q=%D8%A7%D9%84%D8%A8%D8%B1%D9%88%D8%AA%D9%8A%D9%86"
-                               href="/search?q=%D8%A7%D9%84%D8%A8%D8%B1%D9%88%D8%AA%D9%8A%D9%86"
                              >
+                               البروتين
                        <li>
                          <Link to="/search?q=..." className="ox-footer_...">
                            <TanStackLinkAdapter ref={null} to="/search?q=..." className="ox-footer_..." data-spa-link="">
                              <a
                                className="ox-footer__link"
                                style={undefined}
                                title={undefined}
                                target={undefined}
                                rel={undefined}
                                onClick={function handleClick}
                                aria-label={undefined}
                                data-spa-link=""
                                ref={{current:null}}
                                onBlur={function handleLeave}
                                onFocus={function}
                                onMouseEnter={function}
                                onMouseLeave={function handleLeave}
                                onTouchStart={function handleTouchStart}
+                               href="/latest-products/search?q=%D8%A7%D9%84%D8%AA%D8%BA%D8%B0%D9%8A%D8%A9"
-                               href="/search?q=%D8%A7%D9%84%D8%AA%D8%BA%D8%B0%D9%8A%D8%A9"
                              >
+                               التغذية
                        <li>
                          <Link to="/search?q=..." className="ox-footer_...">
                            <TanStackLinkAdapter ref={null} to="/search?q=..." className="ox-footer_..." data-spa-link="">
                              <a
                                className="ox-footer__link"
                                style={undefined}
                                title={undefined}
                                target={undefined}
                                rel={undefined}
                                onClick={function handleClick}
                                aria-label={undefined}
                                data-spa-link=""
                                ref={{current:null}}
                                onBlur={function handleLeave}
                                onFocus={function}
                                onMouseEnter={function}
                                onMouseLeave={function handleLeave}
                                onTouchStart={function handleTouchStart}
+                               href="/latest-products/search?q=%D8%A7%D9%84%D8%AE%D8%B7%D8%B7%20%D8%A7%D9%84%D8%BA%D8..."
-                               href="/search?q=%D8%A7%D9%84%D8%AE%D8%B7%D8%B7%20%D8%A7%D9%84%D8%BA%D8%B0%D8%A7%D8%A6%..."
                              >
+                               الخطط الغذائية
              ...
            <BottomTabBar>
              <nav className="ox-tabbar" aria-label="تنقل سريع" data-testid="ox-tabbar">
                <ul className="ox-tabbar_...">
                  <li>
                    <Link to="/" className="ox-tab">
                      <TanStackLinkAdapter ref={null} to="/" className="ox-tab" data-spa-link="">
                        <a
+                         className="ox-tab"
-                         className="ox-tab is-active"
                          style={undefined}
                          title={undefined}
                          target={undefined}
                          rel={undefined}
                          onClick={function handleClick}
                          aria-label={undefined}
                          data-spa-link=""
                          ref={{current:null}}
                          onBlur={function handleLeave}
                          onFocus={function}
                          onMouseEnter={function}
                          onMouseLeave={function handleLeave}
                          onTouchStart={function handleTouchStart}
+                         href="/latest-products"
-                         href="/"
-                         aria-current="page"
                        >
                  <li>
                  <li>
                    <Link to="/search" className="ox-tab">
                      <TanStackLinkAdapter ref={null} to="/search" className="ox-tab" data-spa-link="">
                        <a
                          className="ox-tab"
                          style={undefined}
                          title={undefined}
                          target={undefined}
                          rel={undefined}
                          onClick={function handleClick}
                          aria-label={undefined}
                          data-spa-link=""
                          ref={{current:null}}
                          onBlur={function handleLeave}
                          onFocus={function}
                          onMouseEnter={function}
                          onMouseLeave={function handleLeave}
                          onTouchStart={function handleTouchStart}
+                         href="/latest-products/search"
-                         href="/search"
                        >
                  <li>
                    <Link to="/cart" className="ox-tab">
                      <TanStackLinkAdapter ref={null} to="/cart" className="ox-tab" data-spa-link="">
                        <a
                          className="ox-tab"
                          style={undefined}
                          title={undefined}
                          target={undefined}
                          rel={undefined}
                          onClick={function handleClick}
                          aria-label={undefined}
                          data-spa-link=""
                          ref={{current:null}}
                          onBlur={function handleLeave}
                          onFocus={function}
                          onMouseEnter={function}
                          onMouseLeave={function handleLeave}
                          onTouchStart={function handleTouchStart}
+                         href="/latest-products/cart"
-                         href="/cart"
                        >
                  <li>
                    <Link to="/account/p..." className="ox-tab">
                      <TanStackLinkAdapter ref={null} to="/account/p..." className="ox-tab" data-spa-link="">
                        <a
                          className="ox-tab"
                          style={undefined}
                          title={undefined}
                          target={undefined}
                          rel={undefined}
                          onClick={function handleClick}
                          aria-label={undefined}
                          data-spa-link=""
                          ref={{current:null}}
                          onBlur={function handleLeave}
                          onFocus={function}
                          onMouseEnter={function}
                          onMouseLeave={function handleLeave}
                          onTouchStart={function handleTouchStart}
+                         href="/latest-products/account/profile"
-                         href="/account/profile"
                        >
            ...
          ...
 @ http://localhost:3210/@vite/client:532
[  718013ms] [ERROR] A tree hydrated but some attributes of the server rendered HTML didn't match the client properties. This won't be patched up. This can happen if a SSR-ed Client Component used:

- A server/client branch `if (typeof window !== 'undefined')`.
- Variable input such as `Date.now()` or `Math.random()` which changes each time it's called.
- Date formatting in a user's locale which doesn't match the server.
- External changing data without sending a snapshot of it along with the HTML.
- Invalid HTML tag nesting.

It can also happen if the client has a browser extension installed which messes with the HTML before React loaded.

%s%s https://react.dev/link/hydration-mismatch 

  ...
    <div className="app-inner ...">
      <Sprite>
      <SkipLink>
      <Header>
      <main>
      <Footer>
        <footer className="store-foot..." suppressHydrationWarning={true} data-testid="ox-footer">
          <HookSlot>
          <div>
          <FooterBottom>
            <div className="ox-footer_..." data-testid="ox-footer-...">
              <span>
              <div className="ox-footer_...">
                <p className="ox-footer_...">
                  <Suspense fallback={null}>
                    <HookSlot name="copyright" context={{...}} fallback={<Copyright>}>
                      <Copyright storeName="Optimal X">
                        <Link to="/" className="hover:text...">
                          <TanStackLinkAdapter ref={null} to="/" className="hover:text..." data-spa-link="">
                            <a
                              className="hover:text-primary"
                              style={undefined}
                              title={undefined}
                              target={undefined}
                              rel={undefined}
                              onClick={function handleClick}
                              aria-label={undefined}
                              data-spa-link=""
                              ref={{current:null}}
                              onBlur={function handleLeave}
                              onFocus={function}
                              onMouseEnter={function}
                              onMouseLeave={function handleLeave}
                              onTouchStart={function handleTouchStart}
+                             href="/latest-products"
-                             href="/"
                            >
+                             Optimal X
                        ...
          ...
      ...
 @ http://localhost:3210/@vite/client:532
[  718128ms] [ERROR] A tree hydrated but some attributes of the server rendered HTML didn't match the client properties. This won't be patched up. This can happen if a SSR-ed Client Component used:

- A server/client branch `if (typeof window !== 'undefined')`.
- Variable input such as `Date.now()` or `Math.random()` which changes each time it's called.
- Date formatting in a user's locale which doesn't match the server.
- External changing data without sending a snapshot of it along with the HTML.
- Invalid HTML tag nesting.

It can also happen if the client has a browser extension installed which messes with the HTML before React loaded.

%s%s https://react.dev/link/hydration-mismatch 

  ...
    <Lazy>
      <ProductComponent>
        <ProductPage page={{slug:"prod...", ...}} product={{id:1141798217, ...}}>
          <div className="ox-pdp ox-...">
            <div className="ox-container">
              <Breadcrumb page={{slug:"prod...", ...}} className="ox-crumbs ...">
                <BreadcrumbTrail2 items={[...]} className="ox-crumbs ...">
                  <nav className="ox-crumbs ..." aria-label="Breadcrumb">
                    <ol className="s-breadcru..." itemScope={true} itemType="https://sc...">
                      <li className={"s-breadc..."} aria-current={undefined} itemProp="itemListEl..." itemScope={true} ...>
                        <Link to="/" itemProp="item">
                          <TanStackLinkAdapter ref={null} to="/" itemProp="item" data-spa-link="">
                            <a
                              className={undefined}
                              style={undefined}
                              title={undefined}
                              target={undefined}
                              rel={undefined}
                              onClick={function handleClick}
                              aria-label={undefined}
                              itemProp="item"
                              data-spa-link=""
                              ref={{current:null}}
                              onBlur={function handleLeave}
                              onFocus={function}
                              onMouseEnter={function}
                              onMouseLeave={function handleLeave}
                              onTouchStart={function handleTouchStart}
+                             href="/latest-products"
-                             href="/"
                            >
                        ...
                      ...
                ...
              ...
            ...
 @ http://localhost:3210/@vite/client:532
[  718217ms] [ERROR] A tree hydrated but some attributes of the server rendered HTML didn't match the client properties. This won't be patched up. This can happen if a SSR-ed Client Component used:

- A server/client branch `if (typeof window !== 'undefined')`.
- Variable input such as `Date.now()` or `Math.random()` which changes each time it's called.
- Date formatting in a user's locale which doesn't match the server.
- External changing data without sending a snapshot of it along with the HTML.
- Invalid HTML tag nesting.

It can also happen if the client has a browser extension installed which messes with the HTML before React loaded.

%s%s https://react.dev/link/hydration-mismatch 

  ...
    <Lazy>
      <ProductComponent>
        <ProductPage page={{slug:"prod...", ...}} product={{id:1141798217, ...}}>
          <div className="ox-pdp ox-...">
            <div className="ox-container">
              <Breadcrumb page={{slug:"prod...", ...}} className="ox-crumbs ...">
                <BreadcrumbTrail2 items={[...]} className="ox-crumbs ...">
                  <nav className="ox-crumbs ..." aria-label="Breadcrumb">
                    <ol className="s-breadcru..." itemScope={true} itemType="https://sc...">
                      <li className={"s-breadc..."} aria-current={undefined} itemProp="itemListEl..." itemScope={true} ...>
                        <Link to="/" itemProp="item">
                          <TanStackLinkAdapter ref={null} to="/" itemProp="item" data-spa-link="">
                            <a
                              className={undefined}
                              style={undefined}
                              title={undefined}
                              target={undefined}
                              rel={undefined}
                              onClick={function handleClick}
                              aria-label={undefined}
                              itemProp="item"
                              data-spa-link=""
                              ref={{current:null}}
                              onBlur={function handleLeave}
                              onFocus={function}
                              onMouseEnter={function}
                              onMouseLeave={function handleLeave}
                              onTouchStart={function handleTouchStart}
+                             href="/latest-products"
-                             href="/"
                            >
                        ...
                      ...
                ...
              ...
            ...
 @ http://localhost:3210/@vite/client:532
[  718297ms] [ERROR] A tree hydrated but some attributes of the server rendered HTML didn't match the client properties. This won't be patched up. This can happen if a SSR-ed Client Component used:

- A server/client branch `if (typeof window !== 'undefined')`.
- Variable input such as `Date.now()` or `Math.random()` which changes each time it's called.
- Date formatting in a user's locale which doesn't match the server.
- External changing data without sending a snapshot of it along with the HTML.
- Invalid HTML tag nesting.

It can also happen if the client has a browser extension installed which messes with the HTML before React loaded.

%s%s https://react.dev/link/hydration-mismatch 

  ...
    <Lazy>
      <ProductComponent>
        <ProductPage page={{slug:"prod...", ...}} product={{id:1141798217, ...}}>
          <div className="ox-pdp ox-...">
            <div className="ox-container">
              <Breadcrumb page={{slug:"prod...", ...}} className="ox-crumbs ...">
                <BreadcrumbTrail2 items={[...]} className="ox-crumbs ...">
                  <nav className="ox-crumbs ..." aria-label="Breadcrumb">
                    <ol className="s-breadcru..." itemScope={true} itemType="https://sc...">
                      <li className={"s-breadc..."} aria-current={undefined} itemProp="itemListEl..." itemScope={true} ...>
                        <Link to="/" itemProp="item">
                          <TanStackLinkAdapter ref={null} to="/" itemProp="item" data-spa-link="">
                            <a
                              className={undefined}
                              style={undefined}
                              title={undefined}
                              target={undefined}
                              rel={undefined}
                              onClick={function handleClick}
                              aria-label={undefined}
                              itemProp="item"
                              data-spa-link=""
                              ref={{current:null}}
                              onBlur={function handleLeave}
                              onFocus={function}
                              onMouseEnter={function}
                              onMouseLeave={function handleLeave}
                              onTouchStart={function handleTouchStart}
+                             href="/latest-products"
-                             href="/"
                            >
                        ...
                      ...
                ...
              ...
            ...
 @ http://localhost:3210/@vite/client:532
[  718355ms] [ERROR] A tree hydrated but some attributes of the server rendered HTML didn't match the client properties. This won't be patched up. This can happen if a SSR-ed Client Component used:

- A server/client branch `if (typeof window !== 'undefined')`.
- Variable input such as `Date.now()` or `Math.random()` which changes each time it's called.
- Date formatting in a user's locale which doesn't match the server.
- External changing data without sending a snapshot of it along with the HTML.
- Invalid HTML tag nesting.

It can also happen if the client has a browser extension installed which messes with the HTML before React loaded.

%s%s https://react.dev/link/hydration-mismatch 

  ...
    <Lazy>
      <ProductComponent>
        <ProductPage page={{slug:"prod...", ...}} product={{id:1141798217, ...}}>
          <div className="ox-pdp ox-...">
            <div className="ox-container">
              <Breadcrumb page={{slug:"prod...", ...}} className="ox-crumbs ...">
                <BreadcrumbTrail2 items={[...]} className="ox-crumbs ...">
                  <nav className="ox-crumbs ..." aria-label="Breadcrumb">
                    <ol className="s-breadcru..." itemScope={true} itemType="https://sc...">
                      <li className={"s-breadc..."} aria-current={undefined} itemProp="itemListEl..." itemScope={true} ...>
                        <Link to="/" itemProp="item">
                          <TanStackLinkAdapter ref={null} to="/" itemProp="item" data-spa-link="">
                            <a
                              className={undefined}
                              style={undefined}
                              title={undefined}
                              target={undefined}
                              rel={undefined}
                              onClick={function handleClick}
                              aria-label={undefined}
                              itemProp="item"
                              data-spa-link=""
                              ref={{current:null}}
                              onBlur={function handleLeave}
                              onFocus={function}
                              onMouseEnter={function}
                              onMouseLeave={function handleLeave}
                              onTouchStart={function handleTouchStart}
+                             href="/latest-products"
-                             href="/"
                            >
                        ...
                      ...
                ...
              ...
            ...
 @ http://localhost:3210/@vite/client:532
[  718584ms] [ERROR] TypeError: Cannot read properties of null (reading 'length')
    at v.render (https://cdn.assets.salla.network/dev/@salla.sa/twilight/9b1ad668bb386735f64a045e4c13b4c5508ad4c8/p-8f2ecff5.entry.js:4:25557)
    at Yt (https://cdn.assets.salla.network/dev/@salla.sa/twilight/9b1ad668bb386735f64a045e4c13b4c5508ad4c8/p-Cz6ID6IN.js:4:19885)
    at qt (https://cdn.assets.salla.network/dev/@salla.sa/twilight/9b1ad668bb386735f64a045e4c13b4c5508ad4c8/p-Cz6ID6IN.js:4:19696)
    at https://cdn.assets.salla.network/dev/@salla.sa/twilight/9b1ad668bb386735f64a045e4c13b4c5508ad4c8/p-Cz6ID6IN.js:4:19351 JSHandle@node @ http://localhost:3210/@vite/client:532
[  718814ms] [ERROR] TypeError: Cannot read properties of null (reading 'length')
    at v.emitPromotionViewed (https://cdn.assets.salla.network/dev/@salla.sa/twilight/9b1ad668bb386735f64a045e4c13b4c5508ad4c8/p-8f2ecff5.entry.js:4:22121)
    at v.componentDidLoad (https://cdn.assets.salla.network/dev/@salla.sa/twilight/9b1ad668bb386735f64a045e4c13b4c5508ad4c8/p-8f2ecff5.entry.js:4:25334)
    at Kt (https://cdn.assets.salla.network/dev/@salla.sa/twilight/9b1ad668bb386735f64a045e4c13b4c5508ad4c8/p-Cz6ID6IN.js:4:22621)
    at Gt (https://cdn.assets.salla.network/dev/@salla.sa/twilight/9b1ad668bb386735f64a045e4c13b4c5508ad4c8/p-Cz6ID6IN.js:4:22203)
    at e (https://cdn.assets.salla.network/dev/@salla.sa/twilight/9b1ad668bb386735f64a045e4c13b4c5508ad4c8/p-Cz6ID6IN.js:4:19785)
    at qt (https://cdn.assets.salla.network/dev/@salla.sa/twilight/9b1ad668bb386735f64a045e4c13b4c5508ad4c8/p-Cz6ID6IN.js:4:19804)
    at https://cdn.assets.salla.network/dev/@salla.sa/twilight/9b1ad668bb386735f64a045e4c13b4c5508ad4c8/p-Cz6ID6IN.js:4:19351 JSHandle@node @ http://localhost:3210/@vite/client:532
[  736915ms] [LOG] [offline-api] browser: api.salla.dev + cdn.salla.network -> http://127.0.0.1:5178 @ http://localhost:3210/latest-products/%D8%AD%D8%B2%D9%85%D8%A9-%D8%A7%D9%84%D8%A8%D8%AF%D8%A7%D9%8A%D8%A9-%D9%88%D8%A7%D9%8A-%D9%88%D9%83%D8%B1%D9%8A%D8%A7%D8%AA%D9%8A%D9%86-%D9%88%D9%85%D9%84%D8%AA%D9%8A-%D9%81%D9%8A%D8%AA%D8%A7%D9%85%D9%8A%D9%86-%D8%A7%D9%88%D8%A8%D8%AA%D9%8A%D9%85%D8%A7%D9%84-%D8%A7%D9%83%D8%B3/p1141798217:0
[  737744ms] [INFO] %cDownload the React DevTools for a better development experience: https://react.dev/link/react-devtools font-weight:bold @ http://localhost:3210/node_modules/.vite/deps/react-dom_client.js?v=c58539c0:14335
[  737864ms] [WARNING] [Twilight] Could not hydrate twilight context: no root match in router state @ http://localhost:3210/@vite/client:532
[  738001ms] [ERROR] The result of getServerSnapshot should be cached to avoid an infinite loop @ http://localhost:3210/@vite/client:532
[  738667ms] Error: Hydration failed because the server rendered HTML didn't match the client. As a result this tree will be regenerated on the client. This can happen if a SSR-ed Client Component used:

- A server/client branch `if (typeof window !== 'undefined')`.
- Variable input such as `Date.now()` or `Math.random()` which changes each time it's called.
- Date formatting in a user's locale which doesn't match the server.
- External changing data without sending a snapshot of it along with the HTML.
- Invalid HTML tag nesting.

It can also happen if the client has a browser extension installed which messes with the HTML before React loaded.

https://react.dev/link/hydration-mismatch

  ...
    <Matches>
      <Transitioner>
      <SafeFragment fallback={<Context>}>
        <MatchesInner>
          <CatchBoundary getResetKey={function getResetKey} onCatch={function}>
            <MatchImpl routeId="__root__">
              <MatchView router={{...}} match={{id:"__root__/", ...}}>
                <RootComponent>
                  <html lang="ar" dir="rtl" suppressHydrationWarning={true}>
                    <head>
                    <body suppressHydrationWarning={true}>
                      <noscript>
                      <TwilightProvider>
                      <Suspense fallback={null}>
                        <TanStackRouterDevtools position="bottom-right">
+                         <div ref={{current:null}}>
                      ...

    at throwOnHydrationMismatch (http://localhost:3210/node_modules/.vite/deps/react-dom_client.js?v=c58539c0:2968:51)
    at beginWork (http://localhost:3210/node_modules/.vite/deps/react-dom_client.js?v=c58539c0:6200:914)
    at runWithFiberInDEV (http://localhost:3210/node_modules/.vite/deps/react-dom_client.js?v=c58539c0:851:66)
    at performUnitOfWork (http://localhost:3210/node_modules/.vite/deps/react-dom_client.js?v=c58539c0:8429:92)
    at workLoopConcurrentByScheduler (http://localhost:3210/node_modules/.vite/deps/react-dom_client.js?v=c58539c0:8425:55)
    at renderRootConcurrent (http://localhost:3210/node_modules/.vite/deps/react-dom_client.js?v=c58539c0:8408:64)
    at performWorkOnRoot (http://localhost:3210/node_modules/.vite/deps/react-dom_client.js?v=c58539c0:7957:145)
    at performWorkOnRootViaSchedulerTask (http://localhost:3210/node_modules/.vite/deps/react-dom_client.js?v=c58539c0:9059:4)
    at MessagePort.performWorkUntilDeadline (http://localhost:3210/node_modules/.vite/deps/react-dom_client.js?v=c58539c0:36:38)
[  739387ms] [ERROR] TypeError: Cannot read properties of null (reading 'length')
    at v.render (https://cdn.assets.salla.network/dev/@salla.sa/twilight/9b1ad668bb386735f64a045e4c13b4c5508ad4c8/p-8f2ecff5.entry.js:4:25557)
    at Yt (https://cdn.assets.salla.network/dev/@salla.sa/twilight/9b1ad668bb386735f64a045e4c13b4c5508ad4c8/p-Cz6ID6IN.js:4:19885)
    at qt (https://cdn.assets.salla.network/dev/@salla.sa/twilight/9b1ad668bb386735f64a045e4c13b4c5508ad4c8/p-Cz6ID6IN.js:4:19696)
    at https://cdn.assets.salla.network/dev/@salla.sa/twilight/9b1ad668bb386735f64a045e4c13b4c5508ad4c8/p-Cz6ID6IN.js:4:19351 JSHandle@node @ http://localhost:3210/@vite/client:532
[  739604ms] [ERROR] TypeError: Cannot read properties of null (reading 'length')
    at v.emitPromotionViewed (https://cdn.assets.salla.network/dev/@salla.sa/twilight/9b1ad668bb386735f64a045e4c13b4c5508ad4c8/p-8f2ecff5.entry.js:4:22121)
    at v.componentDidLoad (https://cdn.assets.salla.network/dev/@salla.sa/twilight/9b1ad668bb386735f64a045e4c13b4c5508ad4c8/p-8f2ecff5.entry.js:4:25334)
    at Kt (https://cdn.assets.salla.network/dev/@salla.sa/twilight/9b1ad668bb386735f64a045e4c13b4c5508ad4c8/p-Cz6ID6IN.js:4:22621)
    at Gt (https://cdn.assets.salla.network/dev/@salla.sa/twilight/9b1ad668bb386735f64a045e4c13b4c5508ad4c8/p-Cz6ID6IN.js:4:22203)
    at e (https://cdn.assets.salla.network/dev/@salla.sa/twilight/9b1ad668bb386735f64a045e4c13b4c5508ad4c8/p-Cz6ID6IN.js:4:19785)
    at qt (https://cdn.assets.salla.network/dev/@salla.sa/twilight/9b1ad668bb386735f64a045e4c13b4c5508ad4c8/p-Cz6ID6IN.js:4:19804)
    at https://cdn.assets.salla.network/dev/@salla.sa/twilight/9b1ad668bb386735f64a045e4c13b4c5508ad4c8/p-Cz6ID6IN.js:4:19351 JSHandle@node @ http://localhost:3210/@vite/client:532
[  745221ms] [LOG] [offline-api] browser: api.salla.dev + cdn.salla.network -> http://127.0.0.1:5178 @ http://localhost:3210/latest-products/%D8%AD%D8%B2%D9%85%D8%A9-%D8%A7%D9%84%D8%A8%D8%AF%D8%A7%D9%8A%D8%A9-%D9%88%D8%A7%D9%8A-%D9%88%D9%83%D8%B1%D9%8A%D8%A7%D8%AA%D9%8A%D9%86-%D9%88%D9%85%D9%84%D8%AA%D9%8A-%D9%81%D9%8A%D8%AA%D8%A7%D9%85%D9%8A%D9%86-%D8%A7%D9%88%D8%A8%D8%AA%D9%8A%D9%85%D8%A7%D9%84-%D8%A7%D9%83%D8%B3/p1141798217:0
[  746228ms] [INFO] %cDownload the React DevTools for a better development experience: https://react.dev/link/react-devtools font-weight:bold @ http://localhost:3210/node_modules/.vite/deps/react-dom_client.js?v=c58539c0:14335
[  746374ms] [WARNING] [Twilight] Could not hydrate twilight context: no root match in router state @ http://localhost:3210/@vite/client:532
[  746495ms] [ERROR] The result of getServerSnapshot should be cached to avoid an infinite loop @ http://localhost:3210/@vite/client:532
[  747164ms] Error: Hydration failed because the server rendered HTML didn't match the client. As a result this tree will be regenerated on the client. This can happen if a SSR-ed Client Component used:

- A server/client branch `if (typeof window !== 'undefined')`.
- Variable input such as `Date.now()` or `Math.random()` which changes each time it's called.
- Date formatting in a user's locale which doesn't match the server.
- External changing data without sending a snapshot of it along with the HTML.
- Invalid HTML tag nesting.

It can also happen if the client has a browser extension installed which messes with the HTML before React loaded.

https://react.dev/link/hydration-mismatch

  ...
    <Matches>
      <Transitioner>
      <SafeFragment fallback={<Context>}>
        <MatchesInner>
          <CatchBoundary getResetKey={function getResetKey} onCatch={function}>
            <MatchImpl routeId="__root__">
              <MatchView router={{...}} match={{id:"__root__/", ...}}>
                <RootComponent>
                  <html lang="ar" dir="rtl" suppressHydrationWarning={true}>
                    <head>
                    <body suppressHydrationWarning={true}>
                      <noscript>
                      <TwilightProvider>
                      <Suspense fallback={null}>
                        <TanStackRouterDevtools position="bottom-right">
+                         <div ref={{current:null}}>
                      ...

    at throwOnHydrationMismatch (http://localhost:3210/node_modules/.vite/deps/react-dom_client.js?v=c58539c0:2968:51)
    at beginWork (http://localhost:3210/node_modules/.vite/deps/react-dom_client.js?v=c58539c0:6200:914)
    at runWithFiberInDEV (http://localhost:3210/node_modules/.vite/deps/react-dom_client.js?v=c58539c0:851:66)
    at performUnitOfWork (http://localhost:3210/node_modules/.vite/deps/react-dom_client.js?v=c58539c0:8429:92)
    at workLoopConcurrentByScheduler (http://localhost:3210/node_modules/.vite/deps/react-dom_client.js?v=c58539c0:8425:55)
    at renderRootConcurrent (http://localhost:3210/node_modules/.vite/deps/react-dom_client.js?v=c58539c0:8408:64)
    at performWorkOnRoot (http://localhost:3210/node_modules/.vite/deps/react-dom_client.js?v=c58539c0:7957:145)
    at performWorkOnRootViaSchedulerTask (http://localhost:3210/node_modules/.vite/deps/react-dom_client.js?v=c58539c0:9059:4)
    at MessagePort.performWorkUntilDeadline (http://localhost:3210/node_modules/.vite/deps/react-dom_client.js?v=c58539c0:36:38)
[  747918ms] [ERROR] TypeError: Cannot read properties of null (reading 'length')
    at v.render (https://cdn.assets.salla.network/dev/@salla.sa/twilight/9b1ad668bb386735f64a045e4c13b4c5508ad4c8/p-8f2ecff5.entry.js:4:25557)
    at Yt (https://cdn.assets.salla.network/dev/@salla.sa/twilight/9b1ad668bb386735f64a045e4c13b4c5508ad4c8/p-Cz6ID6IN.js:4:19885)
    at qt (https://cdn.assets.salla.network/dev/@salla.sa/twilight/9b1ad668bb386735f64a045e4c13b4c5508ad4c8/p-Cz6ID6IN.js:4:19696)
    at https://cdn.assets.salla.network/dev/@salla.sa/twilight/9b1ad668bb386735f64a045e4c13b4c5508ad4c8/p-Cz6ID6IN.js:4:19351 JSHandle@node @ http://localhost:3210/@vite/client:532
[  748142ms] [ERROR] TypeError: Cannot read properties of null (reading 'length')
    at v.emitPromotionViewed (https://cdn.assets.salla.network/dev/@salla.sa/twilight/9b1ad668bb386735f64a045e4c13b4c5508ad4c8/p-8f2ecff5.entry.js:4:22121)
    at v.componentDidLoad (https://cdn.assets.salla.network/dev/@salla.sa/twilight/9b1ad668bb386735f64a045e4c13b4c5508ad4c8/p-8f2ecff5.entry.js:4:25334)
    at Kt (https://cdn.assets.salla.network/dev/@salla.sa/twilight/9b1ad668bb386735f64a045e4c13b4c5508ad4c8/p-Cz6ID6IN.js:4:22621)
    at Gt (https://cdn.assets.salla.network/dev/@salla.sa/twilight/9b1ad668bb386735f64a045e4c13b4c5508ad4c8/p-Cz6ID6IN.js:4:22203)
    at e (https://cdn.assets.salla.network/dev/@salla.sa/twilight/9b1ad668bb386735f64a045e4c13b4c5508ad4c8/p-Cz6ID6IN.js:4:19785)
    at qt (https://cdn.assets.salla.network/dev/@salla.sa/twilight/9b1ad668bb386735f64a045e4c13b4c5508ad4c8/p-Cz6ID6IN.js:4:19804)
    at https://cdn.assets.salla.network/dev/@salla.sa/twilight/9b1ad668bb386735f64a045e4c13b4c5508ad4c8/p-Cz6ID6IN.js:4:19351 JSHandle@node @ http://localhost:3210/@vite/client:532
[  955326ms] [LOG] [offline-api] browser: api.salla.dev + cdn.salla.network -> http://127.0.0.1:5178 @ http://localhost:3210/latest-products/%D8%AD%D8%B2%D9%85%D8%A9-%D8%A7%D9%84%D8%A8%D8%AF%D8%A7%D9%8A%D8%A9-%D9%88%D8%A7%D9%8A-%D9%88%D9%83%D8%B1%D9%8A%D8%A7%D8%AA%D9%8A%D9%86-%D9%88%D9%85%D9%84%D8%AA%D9%8A-%D9%81%D9%8A%D8%AA%D8%A7%D9%85%D9%8A%D9%86-%D8%A7%D9%88%D8%A8%D8%AA%D9%8A%D9%85%D8%A7%D9%84-%D8%A7%D9%83%D8%B3/p1141798217:0
[  956305ms] [INFO] %cDownload the React DevTools for a better development experience: https://react.dev/link/react-devtools font-weight:bold @ http://localhost:3210/node_modules/.vite/deps/react-dom_client.js?v=c58539c0:14335
[  956463ms] [WARNING] [Twilight] Could not hydrate twilight context: no root match in router state @ http://localhost:3210/@vite/client:532
[  956595ms] [ERROR] The result of getServerSnapshot should be cached to avoid an infinite loop @ http://localhost:3210/@vite/client:532
[  956649ms] [ERROR] A tree hydrated but some attributes of the server rendered HTML didn't match the client properties. This won't be patched up. This can happen if a SSR-ed Client Component used:

- A server/client branch `if (typeof window !== 'undefined')`.
- Variable input such as `Date.now()` or `Math.random()` which changes each time it's called.
- Date formatting in a user's locale which doesn't match the server.
- External changing data without sending a snapshot of it along with the HTML.
- Invalid HTML tag nesting.

It can also happen if the client has a browser extension installed which messes with the HTML before React loaded.

%s%s https://react.dev/link/hydration-mismatch 

  ...
    <ThemeDocumentSync>
    <TanStackDocumentSync>
    <NavigationSetup>
      <NavigationProvider navigate={function}>
        <LinkProvider adapter={{...}}>
          <WidgetHead>
          <AppsSnippets>
          <HookSlot>
          <Suspense>
          <OptimalXLayout>
            <div>
            <BottomTabBar>
              <nav className="ox-tabbar" aria-label="تنقل سريع" data-testid="ox-tabbar">
                <ul className="ox-tabbar_...">
                  <li>
                  <li>
                  <li>
                    <Link to="/search" className="ox-tab">
                      <TanStackLinkAdapter ref={null} to="/search" className="ox-tab" data-spa-link="">
                        <a
+                         className="ox-tab"
-                         className="ox-tab is-active"
                          style={undefined}
                          title={undefined}
                          target={undefined}
                          rel={undefined}
                          onClick={function handleClick}
                          aria-label={undefined}
                          data-spa-link=""
                          ref={{current:null}}
                          onBlur={function handleLeave}
                          onFocus={function}
                          onMouseEnter={function}
                          onMouseLeave={function handleLeave}
                          onTouchStart={function handleTouchStart}
                          href="/latest-products/search"
-                         aria-current="page"
                        >
                  ...
            ...
          ...
 @ http://localhost:3210/@vite/client:532
[  957334ms] Error: Hydration failed because the server rendered HTML didn't match the client. As a result this tree will be regenerated on the client. This can happen if a SSR-ed Client Component used:

- A server/client branch `if (typeof window !== 'undefined')`.
- Variable input such as `Date.now()` or `Math.random()` which changes each time it's called.
- Date formatting in a user's locale which doesn't match the server.
- External changing data without sending a snapshot of it along with the HTML.
- Invalid HTML tag nesting.

It can also happen if the client has a browser extension installed which messes with the HTML before React loaded.

https://react.dev/link/hydration-mismatch

  ...
    <Matches>
      <Transitioner>
      <SafeFragment fallback={<Context>}>
        <MatchesInner>
          <CatchBoundary getResetKey={function getResetKey} onCatch={function}>
            <MatchImpl routeId="__root__">
              <MatchView router={{...}} match={{id:"__root__/", ...}}>
                <RootComponent>
                  <html lang="ar" dir="rtl" suppressHydrationWarning={true}>
                    <head>
                    <body suppressHydrationWarning={true}>
                      <noscript>
                      <TwilightProvider>
                      <Suspense fallback={null}>
                        <TanStackRouterDevtools position="bottom-right">
+                         <div ref={{current:null}}>
                      ...

    at throwOnHydrationMismatch (http://localhost:3210/node_modules/.vite/deps/react-dom_client.js?v=c58539c0:2968:51)
    at beginWork (http://localhost:3210/node_modules/.vite/deps/react-dom_client.js?v=c58539c0:6200:914)
    at runWithFiberInDEV (http://localhost:3210/node_modules/.vite/deps/react-dom_client.js?v=c58539c0:851:66)
    at performUnitOfWork (http://localhost:3210/node_modules/.vite/deps/react-dom_client.js?v=c58539c0:8429:92)
    at workLoopConcurrentByScheduler (http://localhost:3210/node_modules/.vite/deps/react-dom_client.js?v=c58539c0:8425:55)
    at renderRootConcurrent (http://localhost:3210/node_modules/.vite/deps/react-dom_client.js?v=c58539c0:8408:64)
    at performWorkOnRoot (http://localhost:3210/node_modules/.vite/deps/react-dom_client.js?v=c58539c0:7957:145)
    at performWorkOnRootViaSchedulerTask (http://localhost:3210/node_modules/.vite/deps/react-dom_client.js?v=c58539c0:9059:4)
    at MessagePort.performWorkUntilDeadline (http://localhost:3210/node_modules/.vite/deps/react-dom_client.js?v=c58539c0:36:38)
[  958126ms] [ERROR] TypeError: Cannot read properties of null (reading 'length')
    at v.render (https://cdn.assets.salla.network/dev/@salla.sa/twilight/9b1ad668bb386735f64a045e4c13b4c5508ad4c8/p-8f2ecff5.entry.js:4:25557)
    at Yt (https://cdn.assets.salla.network/dev/@salla.sa/twilight/9b1ad668bb386735f64a045e4c13b4c5508ad4c8/p-Cz6ID6IN.js:4:19885)
    at qt (https://cdn.assets.salla.network/dev/@salla.sa/twilight/9b1ad668bb386735f64a045e4c13b4c5508ad4c8/p-Cz6ID6IN.js:4:19696)
    at https://cdn.assets.salla.network/dev/@salla.sa/twilight/9b1ad668bb386735f64a045e4c13b4c5508ad4c8/p-Cz6ID6IN.js:4:19351 JSHandle@node @ http://localhost:3210/@vite/client:532
[  958348ms] [ERROR] TypeError: Cannot read properties of null (reading 'length')
    at v.emitPromotionViewed (https://cdn.assets.salla.network/dev/@salla.sa/twilight/9b1ad668bb386735f64a045e4c13b4c5508ad4c8/p-8f2ecff5.entry.js:4:22121)
    at v.componentDidLoad (https://cdn.assets.salla.network/dev/@salla.sa/twilight/9b1ad668bb386735f64a045e4c13b4c5508ad4c8/p-8f2ecff5.entry.js:4:25334)
    at Kt (https://cdn.assets.salla.network/dev/@salla.sa/twilight/9b1ad668bb386735f64a045e4c13b4c5508ad4c8/p-Cz6ID6IN.js:4:22621)
    at Gt (https://cdn.assets.salla.network/dev/@salla.sa/twilight/9b1ad668bb386735f64a045e4c13b4c5508ad4c8/p-Cz6ID6IN.js:4:22203)
    at e (https://cdn.assets.salla.network/dev/@salla.sa/twilight/9b1ad668bb386735f64a045e4c13b4c5508ad4c8/p-Cz6ID6IN.js:4:19785)
    at qt (https://cdn.assets.salla.network/dev/@salla.sa/twilight/9b1ad668bb386735f64a045e4c13b4c5508ad4c8/p-Cz6ID6IN.js:4:19804)
    at https://cdn.assets.salla.network/dev/@salla.sa/twilight/9b1ad668bb386735f64a045e4c13b4c5508ad4c8/p-Cz6ID6IN.js:4:19351 JSHandle@node @ http://localhost:3210/@vite/client:532
[ 1113045ms] [ERROR] [store.settings] Failed: TypeError: Failed to execute 'set' on 'Headers': String contains non ISO-8859-1 code point.
    at ky.extend.hooks.beforeRequest (http://localhost:3210/node_modules/.pnpm/@salla.sa+twilight-theme-en_c3cd9c099c8c4c71b5353d842e4aee2e/node_modules/@salla.sa/twilight-theme-engine/dist/chunk-O6XXHXC4.js?v=c58539c0:95:25)
    at http://localhost:3210/node_modules/.pnpm/ky@2.1.0/node_modules/ky/distribution/core/Ky.js?v=c58539c0:731:73
    at #raceWithTotalTimeout (http://localhost:3210/node_modules/.pnpm/ky@2.1.0/node_modules/ky/distribution/core/Ky.js?v=c58539c0:572:20)
    at #runBeforeRequestHooks (http://localhost:3210/node_modules/.pnpm/ky@2.1.0/node_modules/ky/distribution/core/Ky.js?v=c58539c0:731:60)
    at function_ (http://localhost:3210/node_modules/.pnpm/ky@2.1.0/node_modules/ky/distribution/core/Ky.js?v=c58539c0:117:74)
    at async http://localhost:3210/node_modules/.pnpm/ky@2.1.0/node_modules/ky/distribution/core/Ky.js?v=c58539c0:195:24
    at async result.<computed> [as json] (http://localhost:3210/node_modules/.pnpm/ky@2.1.0/node_modules/ky/distribution/core/Ky.js?v=c58539c0:219:34)
    at async Object.settings (http://localhost:3210/node_modules/.pnpm/@salla.sa+twilight-theme-en_c3cd9c099c8c4c71b5353d842e4aee2e/node_modules/@salla.sa/twilight-theme-engine/dist/chunk-WMSOSA74.js?v=c58539c0:34:20) @ http://localhost:3210/@vite/client:532
[ 1223724ms] [LOG] [offline-api] browser: api.salla.dev + cdn.salla.network -> http://127.0.0.1:5178 @ http://localhost:3210/latest-products/%D8%AD%D8%B2%D9%85%D8%A9-%D8%A7%D9%84%D8%A8%D8%AF%D8%A7%D9%8A%D8%A9-%D9%88%D8%A7%D9%8A-%D9%88%D9%83%D8%B1%D9%8A%D8%A7%D8%AA%D9%8A%D9%86-%D9%88%D9%85%D9%84%D8%AA%D9%8A-%D9%81%D9%8A%D8%AA%D8%A7%D9%85%D9%8A%D9%86-%D8%A7%D9%88%D8%A8%D8%AA%D9%8A%D9%85%D8%A7%D9%84-%D8%A7%D9%83%D8%B3/p1141798217:0
[ 1224253ms] [INFO] %cDownload the React DevTools for a better development experience: https://react.dev/link/react-devtools font-weight:bold @ http://localhost:3210/node_modules/.vite/deps/react-dom_client.js?v=c58539c0:14335
[ 1224353ms] [WARNING] [Twilight] Could not hydrate twilight context: no root match in router state @ http://localhost:3210/@vite/client:532
[ 1224428ms] [ERROR] The result of getServerSnapshot should be cached to avoid an infinite loop @ http://localhost:3210/@vite/client:532
[ 1224962ms] Error: Hydration failed because the server rendered HTML didn't match the client. As a result this tree will be regenerated on the client. This can happen if a SSR-ed Client Component used:

- A server/client branch `if (typeof window !== 'undefined')`.
- Variable input such as `Date.now()` or `Math.random()` which changes each time it's called.
- Date formatting in a user's locale which doesn't match the server.
- External changing data without sending a snapshot of it along with the HTML.
- Invalid HTML tag nesting.

It can also happen if the client has a browser extension installed which messes with the HTML before React loaded.

https://react.dev/link/hydration-mismatch

  ...
    <Matches>
      <Transitioner>
      <SafeFragment fallback={<Context>}>
        <MatchesInner>
          <CatchBoundary getResetKey={function getResetKey} onCatch={function}>
            <MatchImpl routeId="__root__">
              <MatchView router={{...}} match={{id:"__root__/", ...}}>
                <RootComponent>
                  <html lang="ar" dir="rtl" suppressHydrationWarning={true}>
                    <head>
                    <body suppressHydrationWarning={true}>
                      <noscript>
                      <TwilightProvider>
                      <Suspense fallback={null}>
                        <TanStackRouterDevtools position="bottom-right">
+                         <div ref={{current:null}}>
                      ...

    at throwOnHydrationMismatch (http://localhost:3210/node_modules/.vite/deps/react-dom_client.js?v=c58539c0:2968:51)
    at beginWork (http://localhost:3210/node_modules/.vite/deps/react-dom_client.js?v=c58539c0:6200:914)
    at runWithFiberInDEV (http://localhost:3210/node_modules/.vite/deps/react-dom_client.js?v=c58539c0:851:66)
    at performUnitOfWork (http://localhost:3210/node_modules/.vite/deps/react-dom_client.js?v=c58539c0:8429:92)
    at workLoopConcurrentByScheduler (http://localhost:3210/node_modules/.vite/deps/react-dom_client.js?v=c58539c0:8425:55)
    at renderRootConcurrent (http://localhost:3210/node_modules/.vite/deps/react-dom_client.js?v=c58539c0:8408:64)
    at performWorkOnRoot (http://localhost:3210/node_modules/.vite/deps/react-dom_client.js?v=c58539c0:7957:145)
    at performWorkOnRootViaSchedulerTask (http://localhost:3210/node_modules/.vite/deps/react-dom_client.js?v=c58539c0:9059:4)
    at MessagePort.performWorkUntilDeadline (http://localhost:3210/node_modules/.vite/deps/react-dom_client.js?v=c58539c0:36:38)
[ 1225619ms] [ERROR] TypeError: Cannot read properties of null (reading 'length')
    at v.render (https://cdn.assets.salla.network/dev/@salla.sa/twilight/9b1ad668bb386735f64a045e4c13b4c5508ad4c8/p-8f2ecff5.entry.js:4:25557)
    at Yt (https://cdn.assets.salla.network/dev/@salla.sa/twilight/9b1ad668bb386735f64a045e4c13b4c5508ad4c8/p-Cz6ID6IN.js:4:19885)
    at qt (https://cdn.assets.salla.network/dev/@salla.sa/twilight/9b1ad668bb386735f64a045e4c13b4c5508ad4c8/p-Cz6ID6IN.js:4:19696)
    at https://cdn.assets.salla.network/dev/@salla.sa/twilight/9b1ad668bb386735f64a045e4c13b4c5508ad4c8/p-Cz6ID6IN.js:4:19351 JSHandle@node @ http://localhost:3210/@vite/client:532
[ 1225785ms] [ERROR] TypeError: Cannot read properties of null (reading 'length')
    at v.emitPromotionViewed (https://cdn.assets.salla.network/dev/@salla.sa/twilight/9b1ad668bb386735f64a045e4c13b4c5508ad4c8/p-8f2ecff5.entry.js:4:22121)
    at v.componentDidLoad (https://cdn.assets.salla.network/dev/@salla.sa/twilight/9b1ad668bb386735f64a045e4c13b4c5508ad4c8/p-8f2ecff5.entry.js:4:25334)
    at Kt (https://cdn.assets.salla.network/dev/@salla.sa/twilight/9b1ad668bb386735f64a045e4c13b4c5508ad4c8/p-Cz6ID6IN.js:4:22621)
    at Gt (https://cdn.assets.salla.network/dev/@salla.sa/twilight/9b1ad668bb386735f64a045e4c13b4c5508ad4c8/p-Cz6ID6IN.js:4:22203)
    at e (https://cdn.assets.salla.network/dev/@salla.sa/twilight/9b1ad668bb386735f64a045e4c13b4c5508ad4c8/p-Cz6ID6IN.js:4:19785)
    at qt (https://cdn.assets.salla.network/dev/@salla.sa/twilight/9b1ad668bb386735f64a045e4c13b4c5508ad4c8/p-Cz6ID6IN.js:4:19804)
    at https://cdn.assets.salla.network/dev/@salla.sa/twilight/9b1ad668bb386735f64a045e4c13b4c5508ad4c8/p-Cz6ID6IN.js:4:19351 JSHandle@node @ http://localhost:3210/@vite/client:532
[ 1359584ms] [LOG] [vite] server connection lost. Polling for restart... @ http://localhost:3210/@vite/client:1002
[ 1480300ms] [LOG] [offline-api] browser: api.salla.dev + cdn.salla.network -> http://127.0.0.1:5178 @ http://localhost:3210/latest-products/%D8%AD%D8%B2%D9%85%D8%A9-%D8%A7%D9%84%D8%A8%D8%AF%D8%A7%D9%8A%D8%A9-%D9%88%D8%A7%D9%8A-%D9%88%D9%83%D8%B1%D9%8A%D8%A7%D8%AA%D9%8A%D9%86-%D9%88%D9%85%D9%84%D8%AA%D9%8A-%D9%81%D9%8A%D8%AA%D8%A7%D9%85%D9%8A%D9%86-%D8%A7%D9%88%D8%A8%D8%AA%D9%8A%D9%85%D8%A7%D9%84-%D8%A7%D9%83%D8%B3/p1141798217:0
