[     799ms] [LOG] [offline-api] browser: api.salla.dev + cdn.salla.network -> http://127.0.0.1:5178 @ http://localhost:3210/latest-products?storeId=1888890798:0
[    1579ms] [INFO] %cDownload the React DevTools for a better development experience: https://react.dev/link/react-devtools font-weight:bold @ http://localhost:3210/node_modules/.vite/deps/react-dom_client.js?v=c58539c0:14335
[    1693ms] [WARNING] [Twilight] Could not hydrate twilight context: no root match in router state @ http://localhost:3210/@vite/client:532
[    1943ms] [ERROR] The result of getServerSnapshot should be cached to avoid an infinite loop @ http://localhost:3210/@vite/client:532
[    1974ms] [ERROR] A tree hydrated but some attributes of the server rendered HTML didn't match the client properties. This won't be patched up. This can happen if a SSR-ed Client Component used:

- A server/client branch `if (typeof window !== 'undefined')`.
- Variable input such as `Date.now()` or `Math.random()` which changes each time it's called.
- Date formatting in a user's locale which doesn't match the server.
- External changing data without sending a snapshot of it along with the HTML.
- Invalid HTML tag nesting.

It can also happen if the client has a browser extension installed which messes with the HTML before React loaded.

%s%s https://react.dev/link/hydration-mismatch 

  ...
    <div className="app-inner ...">
      <Sprite>
      <SkipLink>
      <Header>
        <header ref={{current:null}} className="store-head..." suppressHydrationWarning={true} data-testid="ox-header">
          <HookSlot>
          <div>
          <AnnouncementBar>
          <UtilityBar>
          <div className="ox-mainbar">
            <MainBar>
              <div className="ox-mainbar...">
                <Logo>
                <NavBar>
                  <nav className="ox-nav" aria-label="التنقل الر..." data-testid="ox-navbar">
                    <ul className="ox-nav__list" ref={{current:null}}>
                      <li className="ox-nav__item" data-nav-item="">
                        <Link to="/latest-pr..." className="ox-nav__link">
                          <TanStackLinkAdapter ref={null} to="/latest-pr..." className="ox-nav__link" data-spa-link="">
                            <a
+                             className="ox-nav__link active"
-                             className="ox-nav__link is-active active"
                              style={undefined}
                              title={undefined}
                              target={undefined}
                              rel={undefined}
                              onClick={function handleClick}
                              aria-label={undefined}
                              data-spa-link=""
                              ref={{current:null}}
                              onBlur={function handleLeave}
                              onFocus={function}
                              onMouseEnter={function}
                              onMouseLeave={function handleLeave}
                              onTouchStart={function handleTouchStart}
                              href="/latest-products"
                              data-status="active"
                              aria-current="page"
                            >
+                             المنتجات
                      ...
                ...
            ...
          ...
      ...
 @ http://localhost:3210/@vite/client:532
[    3102ms] Error: Hydration failed because the server rendered HTML didn't match the client. As a result this tree will be regenerated on the client. This can happen if a SSR-ed Client Component used:

- A server/client branch `if (typeof window !== 'undefined')`.
- Variable input such as `Date.now()` or `Math.random()` which changes each time it's called.
- Date formatting in a user's locale which doesn't match the server.
- External changing data without sending a snapshot of it along with the HTML.
- Invalid HTML tag nesting.

It can also happen if the client has a browser extension installed which messes with the HTML before React loaded.

https://react.dev/link/hydration-mismatch

  ...
    <div className="s-items-li..." id={undefined} aria-label="قائمة المن..." aria-busy={false} aria-live="polite">
      <link>
      <div ref={{current:null}} className="s-items-li..." id={undefined} style={{...}}>
        <ProductCard2 product={{id:1141798217, ...}} index={0} sizes="(min-width...">
          <OxProductCard product={{id:1141798217, ...}} index={0} sizes="(min-width...">
            <article className="ox-card-pr..." data-ox-product={1141798217}>
              <div>
              <div className="ox-card-pr...">
                <h3>
                <p>
                <div>
                <p>
                <BuyControls product={{id:1141798217, ...}} outOfStock={false}>
                  <div className="ox-card-pr...">
                    <div>
                    <div className="ox-card-pr...">
                      <AddButton product={{id:1141798217, ...}} quantity={1} submit={false}>
                        <WebComponentBoundary label="card add 1...">
                          <salla-add-product-button productId={1141798217} productType="group_prod..." ...>
                            <SallaAddProductButtonElement_runtime productId={1141798217} productType="group_prod..." ...>
                              <salla-add-product-button suppressHydrationWarning={true} ref={function}>
+                               <span className="ox-card-product__add-label">
-                               
                  ...
        ...
      ...

    at throwOnHydrationMismatch (http://localhost:3210/node_modules/.vite/deps/react-dom_client.js?v=c58539c0:2968:51)
    at beginWork (http://localhost:3210/node_modules/.vite/deps/react-dom_client.js?v=c58539c0:6200:914)
    at runWithFiberInDEV (http://localhost:3210/node_modules/.vite/deps/react-dom_client.js?v=c58539c0:851:66)
    at performUnitOfWork (http://localhost:3210/node_modules/.vite/deps/react-dom_client.js?v=c58539c0:8429:92)
    at workLoopConcurrentByScheduler (http://localhost:3210/node_modules/.vite/deps/react-dom_client.js?v=c58539c0:8425:55)
    at renderRootConcurrent (http://localhost:3210/node_modules/.vite/deps/react-dom_client.js?v=c58539c0:8408:64)
    at performWorkOnRoot (http://localhost:3210/node_modules/.vite/deps/react-dom_client.js?v=c58539c0:7957:145)
    at performWorkOnRootViaSchedulerTask (http://localhost:3210/node_modules/.vite/deps/react-dom_client.js?v=c58539c0:9059:4)
    at MessagePort.performWorkUntilDeadline (http://localhost:3210/node_modules/.vite/deps/react-dom_client.js?v=c58539c0:36:38)
