[    6416ms] [WARNING] The resource https://cdn.assets.salla.network/themes/customization/1888890798/1298199463/499745075.js?v=17898351681 was preloaded using link preload but not used within a few seconds from the window's load event. Please make sure it has an appropriate `as` value and it is preloaded intentionally. @ http://localhost:5188/optimal-x/%D8%B4%D9%88%D9%81%D8%A7%D9%86-%D8%B3%D8%B1%D9%8A%D8%B9-%D8%A7%D9%84%D8%AA%D8%AD%D8%B6%D9%8A%D8%B1-1-%D9%83%D8%AC%D9%85-%D9%85%D8%A7%D9%8A-%D8%A8%D8%B1%D9%88%D8%AA%D9%8A%D9%86/p1746003438:0
[   17183ms] [ERROR] Failed to load resource: the server responded with a status of 500 (Internal Server Error) @ http://localhost:5188/optimal-x/%D8%B4%D9%88%D9%81%D8%A7%D9%86-%D8%B3%D8%B1%D9%8A%D8%B9-%D8%A7%D9%84%D8%AA%D8%AD%D8%B6%D9%8A%D8%B1-1-%D9%83%D8%AC%D9%85-%D9%85%D8%A7%D9%8A-%D8%A8%D8%B1%D9%88%D8%AA%D9%8A%D9%86/p1746003438:0
[   21451ms] [INFO] %cDownload the React DevTools for a better development experience: https://react.dev/link/react-devtools font-weight:bold @ http://localhost:5188/node_modules/.vite/deps/react-dom_client.js?v=dba44219:14335
[   21548ms] [WARNING] [Twilight] Could not hydrate twilight context: no root match in router state @ http://localhost:5188/@vite/client:532
[   21599ms] Error: Hydration failed because the server rendered HTML didn't match the client. As a result this tree will be regenerated on the client. This can happen if a SSR-ed Client Component used:

- A server/client branch `if (typeof window !== 'undefined')`.
- Variable input such as `Date.now()` or `Math.random()` which changes each time it's called.
- Date formatting in a user's locale which doesn't match the server.
- External changing data without sending a snapshot of it along with the HTML.
- Invalid HTML tag nesting.

It can also happen if the client has a browser extension installed which messes with the HTML before React loaded.

https://react.dev/link/hydration-mismatch

  ...
    <CatchBoundary getResetKey={function getResetKey} onCatch={function}>
      <MatchImpl routeId="__root__">
        <MatchView router={{...}} match={{id:"__root__/", ...}}>
          <RootComponent>
            <html lang="ar" dir="rtl" suppressHydrationWarning={true}>
              <head>
              <body suppressHydrationWarning={true}>
                <noscript>
                <TwilightProvider translations={{ar.trans:{...}, ...}} layout={function OptimalXLayout}>
                  <DocumentClassProvider>
                    <I18nProvider i18nInstance={{observers:{}, ...}} themeTranslations={{ar.trans:{...}, ...}}>
                      <I18nextProvider i18n={{observers:{}, ...}}>
                        <ThemeDocumentSync>
                        <TanStackDocumentSync>
+                       <div className="loading-overlay">
-                       <salla-hook className="hydrated">
                    ...
                ...

    at throwOnHydrationMismatch (http://localhost:5188/node_modules/.vite/deps/react-dom_client.js?v=dba44219:2968:51)
    at beginWork (http://localhost:5188/node_modules/.vite/deps/react-dom_client.js?v=dba44219:6200:914)
    at runWithFiberInDEV (http://localhost:5188/node_modules/.vite/deps/react-dom_client.js?v=dba44219:851:66)
    at performUnitOfWork (http://localhost:5188/node_modules/.vite/deps/react-dom_client.js?v=dba44219:8429:92)
    at workLoopConcurrentByScheduler (http://localhost:5188/node_modules/.vite/deps/react-dom_client.js?v=dba44219:8425:55)
    at renderRootConcurrent (http://localhost:5188/node_modules/.vite/deps/react-dom_client.js?v=dba44219:8408:64)
    at performWorkOnRoot (http://localhost:5188/node_modules/.vite/deps/react-dom_client.js?v=dba44219:7957:145)
    at performWorkOnRootViaSchedulerTask (http://localhost:5188/node_modules/.vite/deps/react-dom_client.js?v=dba44219:9059:4)
    at MessagePort.performWorkUntilDeadline (http://localhost:5188/node_modules/.vite/deps/react-dom_client.js?v=dba44219:36:38)
[   21599ms] [ERROR] Trying to init Twilight without store.id! @ http://localhost:5188/@vite/client:532
[   21600ms] [LOG] you can initiate twilight using this line only: Salla.init({store:{id:1234}}) @ https://cdn.assets.salla.network/dev/@salla.sa/twilight/9b1ad668bb386735f64a045e4c13b4c5508ad4c8/p-CynV-zYl.js:3
[   21602ms] [ERROR] Trying to init Twilight without store.id! @ http://localhost:5188/@vite/client:532
[   21602ms] [LOG] you can initiate twilight using this line only: Salla.init({store:{id:1234}}) @ https://cdn.assets.salla.network/dev/@salla.sa/twilight/9b1ad668bb386735f64a045e4c13b4c5508ad4c8/p-CynV-zYl.js:3
[   24985ms] [WARNING] The resource https://cdn.assets.salla.network/themes/customization/1888890798/1298199463/499745075.js?v=17898351681 was preloaded using link preload but not used within a few seconds from the window's load event. Please make sure it has an appropriate `as` value and it is preloaded intentionally. @ http://localhost:5188/optimal-x/%D8%B4%D9%88%D9%81%D8%A7%D9%86-%D8%B3%D8%B1%D9%8A%D8%B9-%D8%A7%D9%84%D8%AA%D8%AD%D8%B6%D9%8A%D8%B1-1-%D9%83%D8%AC%D9%85-%D9%85%D8%A7%D9%8A-%D8%A8%D8%B1%D9%88%D8%AA%D9%8A%D9%86/p1746003438:0
