[ 1677749ms] [LOG] response {status: 200, success: true, data: Object} @ https://cdn.assets.salla.network/prod/store-auth/v0.1.84/static/js/main.js:1
[ 1683952ms] Uncaught (in promise) Error: Please insert required fields
    at <anonymous> (https://cdn.assets.salla.network/prod/store-auth/v0.1.84/static/js/main.js:1:1068940)
[ 1693870ms] [ERROR] Failed to load resource: the server responded with a status of 422 () @ https://api.salla.dev/store/v1/auth/register:0
[ 1848155ms] [ERROR] Failed to load resource: the server responded with a status of 429 () @ https://api.salla.dev/store/v1/store/settings?include[]=store&include[]=settings&include[]=theme&include[]=theme_settings&include[]=external_services&include[]=currencies&include[]=languages&include[]=payments&include[]=product_widgets&include[]=rating&include[]=ratings:0
[ 1848797ms] [ERROR] [store.settings] Failed: TypeError: Failed to execute 'set' on 'Headers': String contains non ISO-8859-1 code point.
    at Ct.extend.hooks.beforeRequest (http://localhost:4390/assets/queryOptions-BTB-gAVe.js:1:28888)
    at http://localhost:4390/assets/queryOptions-BTB-gAVe.js:1:24294
    at #x (http://localhost:4390/assets/queryOptions-BTB-gAVe.js:1:22593)
    at #A (http://localhost:4390/assets/queryOptions-BTB-gAVe.js:1:24284)
    at o (http://localhost:4390/assets/queryOptions-BTB-gAVe.js:1:15951)
    at async http://localhost:4390/assets/queryOptions-BTB-gAVe.js:1:16880
    at async s.<computed> [as json] (http://localhost:4390/assets/queryOptions-BTB-gAVe.js:1:17199)
    at async Object.settings (http://localhost:4390/assets/chunk-QVPMWMPP-CHtIm2Rd.js:2:14973) @ http://localhost:4390/assets/chunk-QVPMWMPP-CHtIm2Rd.js:1
[ 1848825ms] [ERROR] Failed to load resource: the server responded with a status of 429 () @ https://api.salla.dev/store/v1/store/settings?include[]=store&include[]=settings&include[]=theme&include[]=theme_settings&include[]=external_services&include[]=currencies&include[]=languages&include[]=payments&include[]=product_widgets&include[]=rating&include[]=ratings:0
[ 1849645ms] [ERROR] Failed to load resource: the server responded with a status of 429 () @ https://api.salla.dev/store/v1/store/settings?include[]=store&include[]=settings&include[]=theme&include[]=theme_settings&include[]=external_services&include[]=currencies&include[]=languages&include[]=payments&include[]=product_widgets&include[]=rating&include[]=ratings:0
[ 1849754ms] [ERROR] [store.settings] Failed: HTTPError: Request failed with status code 429: GET https://api.salla.dev/store/v1/store/settings?include[]=store&include[]=settings&include[]=theme&include[]=theme_settings&include[]=external_services&include[]=currencies&include[]=languages&include[]=payments&include[]=product_widgets&include[]=rating&include[]=ratings
    at o (http://localhost:4390/assets/queryOptions-BTB-gAVe.js:1:16367)
    at async http://localhost:4390/assets/queryOptions-BTB-gAVe.js:1:16880
    at async s.<computed> [as json] (http://localhost:4390/assets/queryOptions-BTB-gAVe.js:1:17199)
    at async Object.settings (http://localhost:4390/assets/chunk-QVPMWMPP-CHtIm2Rd.js:2:14973) @ http://localhost:4390/assets/chunk-QVPMWMPP-CHtIm2Rd.js:1
[ 1863426ms] [ERROR] [store.settings] Failed: TypeError: Failed to execute 'set' on 'Headers': String contains non ISO-8859-1 code point.
    at Ct.extend.hooks.beforeRequest (http://localhost:4390/assets/queryOptions-BTB-gAVe.js:1:28888)
    at http://localhost:4390/assets/queryOptions-BTB-gAVe.js:1:24294
    at #x (http://localhost:4390/assets/queryOptions-BTB-gAVe.js:1:22593)
    at #A (http://localhost:4390/assets/queryOptions-BTB-gAVe.js:1:24284)
    at o (http://localhost:4390/assets/queryOptions-BTB-gAVe.js:1:15951)
    at async http://localhost:4390/assets/queryOptions-BTB-gAVe.js:1:16880
    at async s.<computed> [as json] (http://localhost:4390/assets/queryOptions-BTB-gAVe.js:1:17199)
    at async Object.settings (http://localhost:4390/assets/chunk-QVPMWMPP-CHtIm2Rd.js:2:14973) @ http://localhost:4390/assets/chunk-QVPMWMPP-CHtIm2Rd.js:1
[ 1864042ms] [ERROR] [store.settings] Failed: TypeError: Failed to execute 'set' on 'Headers': String contains non ISO-8859-1 code point.
    at Ct.extend.hooks.beforeRequest (http://localhost:4390/assets/queryOptions-BTB-gAVe.js:1:28888)
    at http://localhost:4390/assets/queryOptions-BTB-gAVe.js:1:24294
    at #x (http://localhost:4390/assets/queryOptions-BTB-gAVe.js:1:22593)
    at #A (http://localhost:4390/assets/queryOptions-BTB-gAVe.js:1:24284)
    at o (http://localhost:4390/assets/queryOptions-BTB-gAVe.js:1:15951)
    at async http://localhost:4390/assets/queryOptions-BTB-gAVe.js:1:16880
    at async s.<computed> [as json] (http://localhost:4390/assets/queryOptions-BTB-gAVe.js:1:17199)
    at async Object.settings (http://localhost:4390/assets/chunk-QVPMWMPP-CHtIm2Rd.js:2:14973) @ http://localhost:4390/assets/chunk-QVPMWMPP-CHtIm2Rd.js:1
[ 1866159ms] [ERROR] [store.settings] Failed: TypeError: Failed to execute 'set' on 'Headers': String contains non ISO-8859-1 code point.
    at Ct.extend.hooks.beforeRequest (http://localhost:4390/assets/queryOptions-BTB-gAVe.js:1:28888)
    at http://localhost:4390/assets/queryOptions-BTB-gAVe.js:1:24294
    at #x (http://localhost:4390/assets/queryOptions-BTB-gAVe.js:1:22593)
    at #A (http://localhost:4390/assets/queryOptions-BTB-gAVe.js:1:24284)
    at o (http://localhost:4390/assets/queryOptions-BTB-gAVe.js:1:15951)
    at async http://localhost:4390/assets/queryOptions-BTB-gAVe.js:1:16880
    at async s.<computed> [as json] (http://localhost:4390/assets/queryOptions-BTB-gAVe.js:1:17199)
    at async Object.settings (http://localhost:4390/assets/chunk-QVPMWMPP-CHtIm2Rd.js:2:14973) @ http://localhost:4390/assets/chunk-QVPMWMPP-CHtIm2Rd.js:1
[ 1868125ms] [ERROR] [store.settings] Failed: TypeError: Failed to execute 'set' on 'Headers': String contains non ISO-8859-1 code point.
    at Ct.extend.hooks.beforeRequest (http://localhost:4390/assets/queryOptions-BTB-gAVe.js:1:28888)
    at http://localhost:4390/assets/queryOptions-BTB-gAVe.js:1:24294
    at #x (http://localhost:4390/assets/queryOptions-BTB-gAVe.js:1:22593)
    at #A (http://localhost:4390/assets/queryOptions-BTB-gAVe.js:1:24284)
    at o (http://localhost:4390/assets/queryOptions-BTB-gAVe.js:1:15951)
    at async http://localhost:4390/assets/queryOptions-BTB-gAVe.js:1:16880
    at async s.<computed> [as json] (http://localhost:4390/assets/queryOptions-BTB-gAVe.js:1:17199)
    at async Object.settings (http://localhost:4390/assets/chunk-QVPMWMPP-CHtIm2Rd.js:2:14973) @ http://localhost:4390/assets/chunk-QVPMWMPP-CHtIm2Rd.js:1
[ 1869359ms] [ERROR] [store.settings] Failed: TypeError: Failed to execute 'set' on 'Headers': String contains non ISO-8859-1 code point.
    at Ct.extend.hooks.beforeRequest (http://localhost:4390/assets/queryOptions-BTB-gAVe.js:1:28888)
    at http://localhost:4390/assets/queryOptions-BTB-gAVe.js:1:24294
    at #x (http://localhost:4390/assets/queryOptions-BTB-gAVe.js:1:22593)
    at #A (http://localhost:4390/assets/queryOptions-BTB-gAVe.js:1:24284)
    at o (http://localhost:4390/assets/queryOptions-BTB-gAVe.js:1:15951)
    at async http://localhost:4390/assets/queryOptions-BTB-gAVe.js:1:16880
    at async s.<computed> [as json] (http://localhost:4390/assets/queryOptions-BTB-gAVe.js:1:17199)
    at async Object.settings (http://localhost:4390/assets/chunk-QVPMWMPP-CHtIm2Rd.js:2:14973) @ http://localhost:4390/assets/chunk-QVPMWMPP-CHtIm2Rd.js:1
