[   47534ms] [INFO] %cDownload the React DevTools for a better development experience: https://react.dev/link/react-devtools font-weight:bold @ http://localhost:5488/node_modules/.vite/deps/react-dom_client.js?v=8379d83e:14335
[   47636ms] [WARNING] [Twilight] Could not hydrate twilight context: no root match in router state @ http://localhost:5488/@vite/client:532
[   47785ms] [LOG] [HomeComponentRenderer] RENDER: path=ox-hero, index=0, renderCount=1 @ http://localhost:5488/node_modules/.pnpm/@salla.sa+twilight-theme-en_c3cd9c099c8c4c71b5353d842e4aee2e/node_modules/@salla.sa/twilight-theme-engine/dist/chunk-WITIL2MK.js?v=8379d83e:670
[   47786ms] [LOG] [HomeComponentRenderer] RENDER: path=ox-hero, index=0, renderCount=2 @ http://localhost:5488/node_modules/.pnpm/@salla.sa+twilight-theme-en_c3cd9c099c8c4c71b5353d842e4aee2e/node_modules/@salla.sa/twilight-theme-engine/dist/chunk-WITIL2MK.js?v=8379d83e:670
[   47816ms] Error: Hydration failed because the server rendered HTML didn't match the client. As a result this tree will be regenerated on the client. This can happen if a SSR-ed Client Component used:

- A server/client branch `if (typeof window !== 'undefined')`.
- Variable input such as `Date.now()` or `Math.random()` which changes each time it's called.
- Date formatting in a user's locale which doesn't match the server.
- External changing data without sending a snapshot of it along with the HTML.
- Invalid HTML tag nesting.

It can also happen if the client has a browser extension installed which messes with the HTML before React loaded.

https://react.dev/link/hydration-mismatch

  ...
    <QueryClientProvider client={{}}>
      <Matches>
        <Transitioner>
        <SafeFragment fallback={<Context>}>
          <MatchesInner>
            <CatchBoundary getResetKey={function getResetKey} onCatch={function}>
              <MatchImpl routeId="__root__">
                <MatchView router={{...}} match={{id:"__root__/", ...}}>
                  <RootComponent>
                    <html lang="ar" dir="rtl" suppressHydrationWarning={true}>
                      <head>
                        <meta>
                        <meta>
                        <meta>
                        <HeadContent>
                          <Asset>
                          <Asset>
                          <Asset>
                          <Asset>
                          <Asset>
                          <Asset>
                          <Asset>
                          <Asset>
                          <Asset>
                          <Asset>
                          <Asset>
                          <Asset>
                          <Asset>
                          <Asset>
                          <Asset>
                          <Asset>
                          <Asset>
                          <Asset>
                          <Asset>
                          <Asset>
                          <Asset>
                          <Asset>
                          <Asset>
                          <Asset>
                          <Asset>
                          <Asset>
                          <Asset>
                          <Asset>
                          <Asset>
                          <Asset>
                          <Asset>
                          <Asset>
                          <Asset>
                          <Asset>
                          <Asset tag="style" attrs={{id:"twilig...", ...}} nonce={undefined}>
                            <style
+                             id="twilight-loading"
-                             id={null}
                              nonce={undefined}
                              dangerouslySetInnerHTML={{
+                               __html: ".loading-overlay{position:fixed;inset:0;display:flex;align-items:center;justi..."
-                               __html: "salla-mini-checkout-modal,salla-mini-checkout-widget{visibility:hidden}.hydra..."
                              }}
-                             data-styles=""
                            >
                          ...
                      ...
                        <NavigationProvider navigate={function}>
                          <LinkProvider adapter={{...}}>
                            <WidgetHead>
                            <AppsSnippets>
                              <script
+                               src="https://cdn.portal.files.salla.network/snippets/dev/691365818/198903744.js?t=1789..."
-                               src={null}
+                               defer={true}
-                               defer={null}
+                               data-scope-id="1496036480"
-                               data-scope-id={null}
+                               data-snippet-id="10158"
-                               data-snippet-id={null}
-                               type="application/ld+json"
                              >
-                               {"{\"@context\":\"https://schema.org\",\"@graph\":[{\"@type\":\"Organization\",\"@id..."}
                            ...

    at throwOnHydrationMismatch (http://localhost:5488/node_modules/.vite/deps/react-dom_client.js?v=8379d83e:2968:51)
    at popHydrationState (http://localhost:5488/node_modules/.vite/deps/react-dom_client.js?v=8379d83e:3051:5)
    at completeWork (http://localhost:5488/node_modules/.vite/deps/react-dom_client.js?v=8379d83e:6332:11)
    at runWithFiberInDEV (http://localhost:5488/node_modules/.vite/deps/react-dom_client.js?v=8379d83e:851:66)
    at completeUnitOfWork (http://localhost:5488/node_modules/.vite/deps/react-dom_client.js?v=8379d83e:8492:15)
    at performUnitOfWork (http://localhost:5488/node_modules/.vite/deps/react-dom_client.js?v=8379d83e:8431:23)
    at workLoopConcurrentByScheduler (http://localhost:5488/node_modules/.vite/deps/react-dom_client.js?v=8379d83e:8425:55)
    at renderRootConcurrent (http://localhost:5488/node_modules/.vite/deps/react-dom_client.js?v=8379d83e:8408:64)
    at performWorkOnRoot (http://localhost:5488/node_modules/.vite/deps/react-dom_client.js?v=8379d83e:7957:145)
    at performWorkOnRootViaSchedulerTask (http://localhost:5488/node_modules/.vite/deps/react-dom_client.js?v=8379d83e:9059:4)
[   47893ms] [LOG] allowed_pages: [thank-you] @ :10
[   47893ms] [LOG] title: شاهدتها مؤخرا @ :11
[   47893ms] [LOG] limit: 32 @ :12
[   47921ms] [LOG] [HomeComponentRenderer] RENDER: path=ox-hero, index=0, renderCount=1 @ http://localhost:5488/node_modules/.pnpm/@salla.sa+twilight-theme-en_c3cd9c099c8c4c71b5353d842e4aee2e/node_modules/@salla.sa/twilight-theme-engine/dist/chunk-WITIL2MK.js?v=8379d83e:670
[   47922ms] [LOG] [HomeComponentRenderer] RENDER: path=ox-hero, index=0, renderCount=2 @ http://localhost:5488/node_modules/.pnpm/@salla.sa+twilight-theme-en_c3cd9c099c8c4c71b5353d842e4aee2e/node_modules/@salla.sa/twilight-theme-engine/dist/chunk-WITIL2MK.js?v=8379d83e:670
[   47928ms] [LOG] [HomeComponentRenderer] RENDER: path=ox-trust-strip, index=1, renderCount=1 @ http://localhost:5488/node_modules/.pnpm/@salla.sa+twilight-theme-en_c3cd9c099c8c4c71b5353d842e4aee2e/node_modules/@salla.sa/twilight-theme-engine/dist/chunk-WITIL2MK.js?v=8379d83e:670
[   47928ms] [LOG] [HomeComponentRenderer] RENDER: path=ox-trust-strip, index=1, renderCount=2 @ http://localhost:5488/node_modules/.pnpm/@salla.sa+twilight-theme-en_c3cd9c099c8c4c71b5353d842e4aee2e/node_modules/@salla.sa/twilight-theme-engine/dist/chunk-WITIL2MK.js?v=8379d83e:670
[   47935ms] [LOG] [HomeComponentRenderer] RENDER: path=ox-goals, index=2, renderCount=1 @ http://localhost:5488/node_modules/.pnpm/@salla.sa+twilight-theme-en_c3cd9c099c8c4c71b5353d842e4aee2e/node_modules/@salla.sa/twilight-theme-engine/dist/chunk-WITIL2MK.js?v=8379d83e:670
[   47936ms] [LOG] [HomeComponentRenderer] RENDER: path=ox-goals, index=2, renderCount=2 @ http://localhost:5488/node_modules/.pnpm/@salla.sa+twilight-theme-en_c3cd9c099c8c4c71b5353d842e4aee2e/node_modules/@salla.sa/twilight-theme-engine/dist/chunk-WITIL2MK.js?v=8379d83e:670
[   47949ms] [LOG] [HomeComponentRenderer] RENDER: path=ox-categories, index=3, renderCount=1 @ http://localhost:5488/node_modules/.pnpm/@salla.sa+twilight-theme-en_c3cd9c099c8c4c71b5353d842e4aee2e/node_modules/@salla.sa/twilight-theme-engine/dist/chunk-WITIL2MK.js?v=8379d83e:670
[   47950ms] [LOG] [HomeComponentRenderer] RENDER: path=ox-categories, index=3, renderCount=2 @ http://localhost:5488/node_modules/.pnpm/@salla.sa+twilight-theme-en_c3cd9c099c8c4c71b5353d842e4aee2e/node_modules/@salla.sa/twilight-theme-engine/dist/chunk-WITIL2MK.js?v=8379d83e:670
[   47952ms] [LOG] [HomeComponentRenderer] RENDER: path=ox-products, index=4, renderCount=1 @ http://localhost:5488/node_modules/.pnpm/@salla.sa+twilight-theme-en_c3cd9c099c8c4c71b5353d842e4aee2e/node_modules/@salla.sa/twilight-theme-engine/dist/chunk-WITIL2MK.js?v=8379d83e:670
[   47952ms] [LOG] [HomeComponentRenderer] RENDER: path=ox-products, index=4, renderCount=2 @ http://localhost:5488/node_modules/.pnpm/@salla.sa+twilight-theme-en_c3cd9c099c8c4c71b5353d842e4aee2e/node_modules/@salla.sa/twilight-theme-engine/dist/chunk-WITIL2MK.js?v=8379d83e:670
[   47954ms] [LOG] [HomeComponentRenderer] RENDER: path=ox-brands, index=5, renderCount=1 @ http://localhost:5488/node_modules/.pnpm/@salla.sa+twilight-theme-en_c3cd9c099c8c4c71b5353d842e4aee2e/node_modules/@salla.sa/twilight-theme-engine/dist/chunk-WITIL2MK.js?v=8379d83e:670
[   47955ms] [LOG] [HomeComponentRenderer] RENDER: path=ox-brands, index=5, renderCount=2 @ http://localhost:5488/node_modules/.pnpm/@salla.sa+twilight-theme-en_c3cd9c099c8c4c71b5353d842e4aee2e/node_modules/@salla.sa/twilight-theme-engine/dist/chunk-WITIL2MK.js?v=8379d83e:670
[   47956ms] [LOG] [HomeComponentRenderer] RENDER: path=ox-services, index=6, renderCount=1 @ http://localhost:5488/node_modules/.pnpm/@salla.sa+twilight-theme-en_c3cd9c099c8c4c71b5353d842e4aee2e/node_modules/@salla.sa/twilight-theme-engine/dist/chunk-WITIL2MK.js?v=8379d83e:670
[   47957ms] [LOG] [HomeComponentRenderer] RENDER: path=ox-services, index=6, renderCount=2 @ http://localhost:5488/node_modules/.pnpm/@salla.sa+twilight-theme-en_c3cd9c099c8c4c71b5353d842e4aee2e/node_modules/@salla.sa/twilight-theme-engine/dist/chunk-WITIL2MK.js?v=8379d83e:670
[   47958ms] [LOG] [HomeComponentRenderer] RENDER: path=ox-guides, index=7, renderCount=1 @ http://localhost:5488/node_modules/.pnpm/@salla.sa+twilight-theme-en_c3cd9c099c8c4c71b5353d842e4aee2e/node_modules/@salla.sa/twilight-theme-engine/dist/chunk-WITIL2MK.js?v=8379d83e:670
[   47958ms] [LOG] [HomeComponentRenderer] RENDER: path=ox-guides, index=7, renderCount=2 @ http://localhost:5488/node_modules/.pnpm/@salla.sa+twilight-theme-en_c3cd9c099c8c4c71b5353d842e4aee2e/node_modules/@salla.sa/twilight-theme-engine/dist/chunk-WITIL2MK.js?v=8379d83e:670
[   47960ms] [LOG] [HomeComponentRenderer] RENDER: path=ox-branch, index=8, renderCount=1 @ http://localhost:5488/node_modules/.pnpm/@salla.sa+twilight-theme-en_c3cd9c099c8c4c71b5353d842e4aee2e/node_modules/@salla.sa/twilight-theme-engine/dist/chunk-WITIL2MK.js?v=8379d83e:670
[   47960ms] [LOG] [HomeComponentRenderer] RENDER: path=ox-branch, index=8, renderCount=2 @ http://localhost:5488/node_modules/.pnpm/@salla.sa+twilight-theme-en_c3cd9c099c8c4c71b5353d842e4aee2e/node_modules/@salla.sa/twilight-theme-engine/dist/chunk-WITIL2MK.js?v=8379d83e:670
[   47968ms] [LOG] [HomeComponentRenderer] RENDER: path=ox-faq, index=9, renderCount=1 @ http://localhost:5488/node_modules/.pnpm/@salla.sa+twilight-theme-en_c3cd9c099c8c4c71b5353d842e4aee2e/node_modules/@salla.sa/twilight-theme-engine/dist/chunk-WITIL2MK.js?v=8379d83e:670
[   47969ms] [LOG] [HomeComponentRenderer] RENDER: path=ox-faq, index=9, renderCount=2 @ http://localhost:5488/node_modules/.pnpm/@salla.sa+twilight-theme-en_c3cd9c099c8c4c71b5353d842e4aee2e/node_modules/@salla.sa/twilight-theme-engine/dist/chunk-WITIL2MK.js?v=8379d83e:670
[   47970ms] [LOG] [HomeComponentRenderer] RENDER: path=ox-newsletter, index=10, renderCount=1 @ http://localhost:5488/node_modules/.pnpm/@salla.sa+twilight-theme-en_c3cd9c099c8c4c71b5353d842e4aee2e/node_modules/@salla.sa/twilight-theme-engine/dist/chunk-WITIL2MK.js?v=8379d83e:670
[   47970ms] [LOG] [HomeComponentRenderer] RENDER: path=ox-newsletter, index=10, renderCount=2 @ http://localhost:5488/node_modules/.pnpm/@salla.sa+twilight-theme-en_c3cd9c099c8c4c71b5353d842e4aee2e/node_modules/@salla.sa/twilight-theme-engine/dist/chunk-WITIL2MK.js?v=8379d83e:670
[   47971ms] [LOG] [HomeComponentRenderer] RENDER: path=ox-banner, index=11, renderCount=1 @ http://localhost:5488/node_modules/.pnpm/@salla.sa+twilight-theme-en_c3cd9c099c8c4c71b5353d842e4aee2e/node_modules/@salla.sa/twilight-theme-engine/dist/chunk-WITIL2MK.js?v=8379d83e:670
[   47972ms] [LOG] [HomeComponentRenderer] RENDER: path=ox-banner, index=11, renderCount=2 @ http://localhost:5488/node_modules/.pnpm/@salla.sa+twilight-theme-en_c3cd9c099c8c4c71b5353d842e4aee2e/node_modules/@salla.sa/twilight-theme-engine/dist/chunk-WITIL2MK.js?v=8379d83e:670
[   49308ms] [INFO] %cDownload the React DevTools for a better development experience: https://react.dev/link/react-devtools font-weight:bold @ http://localhost:5488/node_modules/.vite/deps/react-dom_client.js?v=8379d83e:14335
[   49425ms] [WARNING] [Twilight] Could not hydrate twilight context: no root match in router state @ http://localhost:5488/@vite/client:532
[   49569ms] [LOG] [HomeComponentRenderer] RENDER: path=ox-hero, index=0, renderCount=1 @ http://localhost:5488/node_modules/.pnpm/@salla.sa+twilight-theme-en_c3cd9c099c8c4c71b5353d842e4aee2e/node_modules/@salla.sa/twilight-theme-engine/dist/chunk-WITIL2MK.js?v=8379d83e:670
[   49569ms] [LOG] [HomeComponentRenderer] RENDER: path=ox-hero, index=0, renderCount=2 @ http://localhost:5488/node_modules/.pnpm/@salla.sa+twilight-theme-en_c3cd9c099c8c4c71b5353d842e4aee2e/node_modules/@salla.sa/twilight-theme-engine/dist/chunk-WITIL2MK.js?v=8379d83e:670
[   49614ms] Error: Hydration failed because the server rendered HTML didn't match the client. As a result this tree will be regenerated on the client. This can happen if a SSR-ed Client Component used:

- A server/client branch `if (typeof window !== 'undefined')`.
- Variable input such as `Date.now()` or `Math.random()` which changes each time it's called.
- Date formatting in a user's locale which doesn't match the server.
- External changing data without sending a snapshot of it along with the HTML.
- Invalid HTML tag nesting.

It can also happen if the client has a browser extension installed which messes with the HTML before React loaded.

https://react.dev/link/hydration-mismatch

  ...
    <QueryClientProvider client={{}}>
      <Matches>
        <Transitioner>
        <SafeFragment fallback={<Context>}>
          <MatchesInner>
            <CatchBoundary getResetKey={function getResetKey} onCatch={function}>
              <MatchImpl routeId="__root__">
                <MatchView router={{...}} match={{id:"__root__/", ...}}>
                  <RootComponent>
                    <html lang="ar" dir="rtl" suppressHydrationWarning={true}>
                      <head>
                        <meta>
                        <meta>
                        <meta>
                        <HeadContent>
                          <Asset>
                          <Asset>
                          <Asset>
                          <Asset>
                          <Asset>
                          <Asset>
                          <Asset>
                          <Asset>
                          <Asset>
                          <Asset>
                          <Asset>
                          <Asset>
                          <Asset>
                          <Asset>
                          <Asset>
                          <Asset>
                          <Asset>
                          <Asset>
                          <Asset>
                          <Asset>
                          <Asset>
                          <Asset>
                          <Asset>
                          <Asset>
                          <Asset>
                          <Asset>
                          <Asset>
                          <Asset>
                          <Asset>
                          <Asset>
                          <Asset>
                          <Asset>
                          <Asset>
                          <Asset>
                          <Asset tag="style" attrs={{id:"twilig...", ...}} nonce={undefined}>
                            <style
+                             id="twilight-loading"
-                             id={null}
                              nonce={undefined}
                              dangerouslySetInnerHTML={{
+                               __html: ".loading-overlay{position:fixed;inset:0;display:flex;align-items:center;justi..."
-                               __html: "salla-mini-checkout-modal,salla-mini-checkout-widget{visibility:hidden}.hydra..."
                              }}
-                             data-styles=""
                            >
                          ...
                      ...
                        <NavigationProvider navigate={function}>
                          <LinkProvider adapter={{...}}>
                            <WidgetHead>
                            <AppsSnippets>
                              <script
+                               src="https://cdn.portal.files.salla.network/snippets/dev/691365818/198903744.js?t=1789..."
-                               src={null}
+                               defer={true}
-                               defer={null}
+                               data-scope-id="1496036480"
-                               data-scope-id={null}
+                               data-snippet-id="10158"
-                               data-snippet-id={null}
-                               type="application/ld+json"
                              >
-                               {"{\"@context\":\"https://schema.org\",\"@graph\":[{\"@type\":\"Organization\",\"@id..."}
                            ...

    at throwOnHydrationMismatch (http://localhost:5488/node_modules/.vite/deps/react-dom_client.js?v=8379d83e:2968:51)
    at popHydrationState (http://localhost:5488/node_modules/.vite/deps/react-dom_client.js?v=8379d83e:3051:5)
    at completeWork (http://localhost:5488/node_modules/.vite/deps/react-dom_client.js?v=8379d83e:6332:11)
    at runWithFiberInDEV (http://localhost:5488/node_modules/.vite/deps/react-dom_client.js?v=8379d83e:851:66)
    at completeUnitOfWork (http://localhost:5488/node_modules/.vite/deps/react-dom_client.js?v=8379d83e:8492:15)
    at performUnitOfWork (http://localhost:5488/node_modules/.vite/deps/react-dom_client.js?v=8379d83e:8431:23)
    at workLoopConcurrentByScheduler (http://localhost:5488/node_modules/.vite/deps/react-dom_client.js?v=8379d83e:8425:55)
    at renderRootConcurrent (http://localhost:5488/node_modules/.vite/deps/react-dom_client.js?v=8379d83e:8408:64)
    at performWorkOnRoot (http://localhost:5488/node_modules/.vite/deps/react-dom_client.js?v=8379d83e:7957:145)
    at performWorkOnRootViaSchedulerTask (http://localhost:5488/node_modules/.vite/deps/react-dom_client.js?v=8379d83e:9059:4)
[   49680ms] [LOG] allowed_pages: [thank-you] @ :10
[   49681ms] [LOG] title: شاهدتها مؤخرا @ :11
[   49681ms] [LOG] limit: 32 @ :12
[   49721ms] [LOG] [HomeComponentRenderer] RENDER: path=ox-hero, index=0, renderCount=1 @ http://localhost:5488/node_modules/.pnpm/@salla.sa+twilight-theme-en_c3cd9c099c8c4c71b5353d842e4aee2e/node_modules/@salla.sa/twilight-theme-engine/dist/chunk-WITIL2MK.js?v=8379d83e:670
[   49721ms] [LOG] [HomeComponentRenderer] RENDER: path=ox-hero, index=0, renderCount=2 @ http://localhost:5488/node_modules/.pnpm/@salla.sa+twilight-theme-en_c3cd9c099c8c4c71b5353d842e4aee2e/node_modules/@salla.sa/twilight-theme-engine/dist/chunk-WITIL2MK.js?v=8379d83e:670
[   49728ms] [LOG] [HomeComponentRenderer] RENDER: path=ox-trust-strip, index=1, renderCount=1 @ http://localhost:5488/node_modules/.pnpm/@salla.sa+twilight-theme-en_c3cd9c099c8c4c71b5353d842e4aee2e/node_modules/@salla.sa/twilight-theme-engine/dist/chunk-WITIL2MK.js?v=8379d83e:670
[   49728ms] [LOG] [HomeComponentRenderer] RENDER: path=ox-trust-strip, index=1, renderCount=2 @ http://localhost:5488/node_modules/.pnpm/@salla.sa+twilight-theme-en_c3cd9c099c8c4c71b5353d842e4aee2e/node_modules/@salla.sa/twilight-theme-engine/dist/chunk-WITIL2MK.js?v=8379d83e:670
[   49734ms] [LOG] [HomeComponentRenderer] RENDER: path=ox-goals, index=2, renderCount=1 @ http://localhost:5488/node_modules/.pnpm/@salla.sa+twilight-theme-en_c3cd9c099c8c4c71b5353d842e4aee2e/node_modules/@salla.sa/twilight-theme-engine/dist/chunk-WITIL2MK.js?v=8379d83e:670
[   49735ms] [LOG] [HomeComponentRenderer] RENDER: path=ox-goals, index=2, renderCount=2 @ http://localhost:5488/node_modules/.pnpm/@salla.sa+twilight-theme-en_c3cd9c099c8c4c71b5353d842e4aee2e/node_modules/@salla.sa/twilight-theme-engine/dist/chunk-WITIL2MK.js?v=8379d83e:670
[   49749ms] [LOG] [HomeComponentRenderer] RENDER: path=ox-categories, index=3, renderCount=1 @ http://localhost:5488/node_modules/.pnpm/@salla.sa+twilight-theme-en_c3cd9c099c8c4c71b5353d842e4aee2e/node_modules/@salla.sa/twilight-theme-engine/dist/chunk-WITIL2MK.js?v=8379d83e:670
[   49749ms] [LOG] [HomeComponentRenderer] RENDER: path=ox-categories, index=3, renderCount=2 @ http://localhost:5488/node_modules/.pnpm/@salla.sa+twilight-theme-en_c3cd9c099c8c4c71b5353d842e4aee2e/node_modules/@salla.sa/twilight-theme-engine/dist/chunk-WITIL2MK.js?v=8379d83e:670
[   49752ms] [LOG] [HomeComponentRenderer] RENDER: path=ox-products, index=4, renderCount=1 @ http://localhost:5488/node_modules/.pnpm/@salla.sa+twilight-theme-en_c3cd9c099c8c4c71b5353d842e4aee2e/node_modules/@salla.sa/twilight-theme-engine/dist/chunk-WITIL2MK.js?v=8379d83e:670
[   49753ms] [LOG] [HomeComponentRenderer] RENDER: path=ox-products, index=4, renderCount=2 @ http://localhost:5488/node_modules/.pnpm/@salla.sa+twilight-theme-en_c3cd9c099c8c4c71b5353d842e4aee2e/node_modules/@salla.sa/twilight-theme-engine/dist/chunk-WITIL2MK.js?v=8379d83e:670
[   49755ms] [LOG] [HomeComponentRenderer] RENDER: path=ox-brands, index=5, renderCount=1 @ http://localhost:5488/node_modules/.pnpm/@salla.sa+twilight-theme-en_c3cd9c099c8c4c71b5353d842e4aee2e/node_modules/@salla.sa/twilight-theme-engine/dist/chunk-WITIL2MK.js?v=8379d83e:670
[   49755ms] [LOG] [HomeComponentRenderer] RENDER: path=ox-brands, index=5, renderCount=2 @ http://localhost:5488/node_modules/.pnpm/@salla.sa+twilight-theme-en_c3cd9c099c8c4c71b5353d842e4aee2e/node_modules/@salla.sa/twilight-theme-engine/dist/chunk-WITIL2MK.js?v=8379d83e:670
[   49757ms] [LOG] [HomeComponentRenderer] RENDER: path=ox-services, index=6, renderCount=1 @ http://localhost:5488/node_modules/.pnpm/@salla.sa+twilight-theme-en_c3cd9c099c8c4c71b5353d842e4aee2e/node_modules/@salla.sa/twilight-theme-engine/dist/chunk-WITIL2MK.js?v=8379d83e:670
[   49757ms] [LOG] [HomeComponentRenderer] RENDER: path=ox-services, index=6, renderCount=2 @ http://localhost:5488/node_modules/.pnpm/@salla.sa+twilight-theme-en_c3cd9c099c8c4c71b5353d842e4aee2e/node_modules/@salla.sa/twilight-theme-engine/dist/chunk-WITIL2MK.js?v=8379d83e:670
[   49759ms] [LOG] [HomeComponentRenderer] RENDER: path=ox-guides, index=7, renderCount=1 @ http://localhost:5488/node_modules/.pnpm/@salla.sa+twilight-theme-en_c3cd9c099c8c4c71b5353d842e4aee2e/node_modules/@salla.sa/twilight-theme-engine/dist/chunk-WITIL2MK.js?v=8379d83e:670
[   49759ms] [LOG] [HomeComponentRenderer] RENDER: path=ox-guides, index=7, renderCount=2 @ http://localhost:5488/node_modules/.pnpm/@salla.sa+twilight-theme-en_c3cd9c099c8c4c71b5353d842e4aee2e/node_modules/@salla.sa/twilight-theme-engine/dist/chunk-WITIL2MK.js?v=8379d83e:670
[   49761ms] [LOG] [HomeComponentRenderer] RENDER: path=ox-branch, index=8, renderCount=1 @ http://localhost:5488/node_modules/.pnpm/@salla.sa+twilight-theme-en_c3cd9c099c8c4c71b5353d842e4aee2e/node_modules/@salla.sa/twilight-theme-engine/dist/chunk-WITIL2MK.js?v=8379d83e:670
[   49762ms] [LOG] [HomeComponentRenderer] RENDER: path=ox-branch, index=8, renderCount=2 @ http://localhost:5488/node_modules/.pnpm/@salla.sa+twilight-theme-en_c3cd9c099c8c4c71b5353d842e4aee2e/node_modules/@salla.sa/twilight-theme-engine/dist/chunk-WITIL2MK.js?v=8379d83e:670
[   49763ms] [LOG] [HomeComponentRenderer] RENDER: path=ox-faq, index=9, renderCount=1 @ http://localhost:5488/node_modules/.pnpm/@salla.sa+twilight-theme-en_c3cd9c099c8c4c71b5353d842e4aee2e/node_modules/@salla.sa/twilight-theme-engine/dist/chunk-WITIL2MK.js?v=8379d83e:670
[   49764ms] [LOG] [HomeComponentRenderer] RENDER: path=ox-faq, index=9, renderCount=2 @ http://localhost:5488/node_modules/.pnpm/@salla.sa+twilight-theme-en_c3cd9c099c8c4c71b5353d842e4aee2e/node_modules/@salla.sa/twilight-theme-engine/dist/chunk-WITIL2MK.js?v=8379d83e:670
[   49765ms] [LOG] [HomeComponentRenderer] RENDER: path=ox-newsletter, index=10, renderCount=1 @ http://localhost:5488/node_modules/.pnpm/@salla.sa+twilight-theme-en_c3cd9c099c8c4c71b5353d842e4aee2e/node_modules/@salla.sa/twilight-theme-engine/dist/chunk-WITIL2MK.js?v=8379d83e:670
[   49765ms] [LOG] [HomeComponentRenderer] RENDER: path=ox-newsletter, index=10, renderCount=2 @ http://localhost:5488/node_modules/.pnpm/@salla.sa+twilight-theme-en_c3cd9c099c8c4c71b5353d842e4aee2e/node_modules/@salla.sa/twilight-theme-engine/dist/chunk-WITIL2MK.js?v=8379d83e:670
[   49767ms] [LOG] [HomeComponentRenderer] RENDER: path=ox-banner, index=11, renderCount=1 @ http://localhost:5488/node_modules/.pnpm/@salla.sa+twilight-theme-en_c3cd9c099c8c4c71b5353d842e4aee2e/node_modules/@salla.sa/twilight-theme-engine/dist/chunk-WITIL2MK.js?v=8379d83e:670
[   49767ms] [LOG] [HomeComponentRenderer] RENDER: path=ox-banner, index=11, renderCount=2 @ http://localhost:5488/node_modules/.pnpm/@salla.sa+twilight-theme-en_c3cd9c099c8c4c71b5353d842e4aee2e/node_modules/@salla.sa/twilight-theme-engine/dist/chunk-WITIL2MK.js?v=8379d83e:670
[   49866ms] [LOG] [HomeComponentRenderer] RENDER: path=ox-hero, index=0, renderCount=1 @ http://localhost:5488/node_modules/.pnpm/@salla.sa+twilight-theme-en_c3cd9c099c8c4c71b5353d842e4aee2e/node_modules/@salla.sa/twilight-theme-engine/dist/chunk-WITIL2MK.js?v=8379d83e:670
[   49867ms] [LOG] [HomeComponentRenderer] RENDER: path=ox-hero, index=0, renderCount=2 @ http://localhost:5488/node_modules/.pnpm/@salla.sa+twilight-theme-en_c3cd9c099c8c4c71b5353d842e4aee2e/node_modules/@salla.sa/twilight-theme-engine/dist/chunk-WITIL2MK.js?v=8379d83e:670
[   49870ms] [LOG] [HomeComponentRenderer] RENDER: path=ox-trust-strip, index=1, renderCount=1 @ http://localhost:5488/node_modules/.pnpm/@salla.sa+twilight-theme-en_c3cd9c099c8c4c71b5353d842e4aee2e/node_modules/@salla.sa/twilight-theme-engine/dist/chunk-WITIL2MK.js?v=8379d83e:670
[   49870ms] [LOG] [HomeComponentRenderer] RENDER: path=ox-trust-strip, index=1, renderCount=2 @ http://localhost:5488/node_modules/.pnpm/@salla.sa+twilight-theme-en_c3cd9c099c8c4c71b5353d842e4aee2e/node_modules/@salla.sa/twilight-theme-engine/dist/chunk-WITIL2MK.js?v=8379d83e:670
[   49874ms] [LOG] [HomeComponentRenderer] RENDER: path=ox-goals, index=2, renderCount=1 @ http://localhost:5488/node_modules/.pnpm/@salla.sa+twilight-theme-en_c3cd9c099c8c4c71b5353d842e4aee2e/node_modules/@salla.sa/twilight-theme-engine/dist/chunk-WITIL2MK.js?v=8379d83e:670
[   49874ms] [LOG] [HomeComponentRenderer] RENDER: path=ox-goals, index=2, renderCount=2 @ http://localhost:5488/node_modules/.pnpm/@salla.sa+twilight-theme-en_c3cd9c099c8c4c71b5353d842e4aee2e/node_modules/@salla.sa/twilight-theme-engine/dist/chunk-WITIL2MK.js?v=8379d83e:670
[   49885ms] [LOG] [HomeComponentRenderer] RENDER: path=ox-categories, index=3, renderCount=1 @ http://localhost:5488/node_modules/.pnpm/@salla.sa+twilight-theme-en_c3cd9c099c8c4c71b5353d842e4aee2e/node_modules/@salla.sa/twilight-theme-engine/dist/chunk-WITIL2MK.js?v=8379d83e:670
[   49885ms] [LOG] [HomeComponentRenderer] RENDER: path=ox-categories, index=3, renderCount=2 @ http://localhost:5488/node_modules/.pnpm/@salla.sa+twilight-theme-en_c3cd9c099c8c4c71b5353d842e4aee2e/node_modules/@salla.sa/twilight-theme-engine/dist/chunk-WITIL2MK.js?v=8379d83e:670
[   49887ms] [LOG] [HomeComponentRenderer] RENDER: path=ox-products, index=4, renderCount=1 @ http://localhost:5488/node_modules/.pnpm/@salla.sa+twilight-theme-en_c3cd9c099c8c4c71b5353d842e4aee2e/node_modules/@salla.sa/twilight-theme-engine/dist/chunk-WITIL2MK.js?v=8379d83e:670
[   49887ms] [LOG] [HomeComponentRenderer] RENDER: path=ox-products, index=4, renderCount=2 @ http://localhost:5488/node_modules/.pnpm/@salla.sa+twilight-theme-en_c3cd9c099c8c4c71b5353d842e4aee2e/node_modules/@salla.sa/twilight-theme-engine/dist/chunk-WITIL2MK.js?v=8379d83e:670
[   49888ms] [LOG] [HomeComponentRenderer] RENDER: path=ox-brands, index=5, renderCount=1 @ http://localhost:5488/node_modules/.pnpm/@salla.sa+twilight-theme-en_c3cd9c099c8c4c71b5353d842e4aee2e/node_modules/@salla.sa/twilight-theme-engine/dist/chunk-WITIL2MK.js?v=8379d83e:670
[   49889ms] [LOG] [HomeComponentRenderer] RENDER: path=ox-brands, index=5, renderCount=2 @ http://localhost:5488/node_modules/.pnpm/@salla.sa+twilight-theme-en_c3cd9c099c8c4c71b5353d842e4aee2e/node_modules/@salla.sa/twilight-theme-engine/dist/chunk-WITIL2MK.js?v=8379d83e:670
[   49890ms] [LOG] [HomeComponentRenderer] RENDER: path=ox-services, index=6, renderCount=1 @ http://localhost:5488/node_modules/.pnpm/@salla.sa+twilight-theme-en_c3cd9c099c8c4c71b5353d842e4aee2e/node_modules/@salla.sa/twilight-theme-engine/dist/chunk-WITIL2MK.js?v=8379d83e:670
[   49891ms] [LOG] [HomeComponentRenderer] RENDER: path=ox-services, index=6, renderCount=2 @ http://localhost:5488/node_modules/.pnpm/@salla.sa+twilight-theme-en_c3cd9c099c8c4c71b5353d842e4aee2e/node_modules/@salla.sa/twilight-theme-engine/dist/chunk-WITIL2MK.js?v=8379d83e:670
[   49892ms] [LOG] [HomeComponentRenderer] RENDER: path=ox-guides, index=7, renderCount=1 @ http://localhost:5488/node_modules/.pnpm/@salla.sa+twilight-theme-en_c3cd9c099c8c4c71b5353d842e4aee2e/node_modules/@salla.sa/twilight-theme-engine/dist/chunk-WITIL2MK.js?v=8379d83e:670
[   49892ms] [LOG] [HomeComponentRenderer] RENDER: path=ox-guides, index=7, renderCount=2 @ http://localhost:5488/node_modules/.pnpm/@salla.sa+twilight-theme-en_c3cd9c099c8c4c71b5353d842e4aee2e/node_modules/@salla.sa/twilight-theme-engine/dist/chunk-WITIL2MK.js?v=8379d83e:670
[   49896ms] [LOG] [HomeComponentRenderer] RENDER: path=ox-branch, index=8, renderCount=1 @ http://localhost:5488/node_modules/.pnpm/@salla.sa+twilight-theme-en_c3cd9c099c8c4c71b5353d842e4aee2e/node_modules/@salla.sa/twilight-theme-engine/dist/chunk-WITIL2MK.js?v=8379d83e:670
[   49897ms] [LOG] [HomeComponentRenderer] RENDER: path=ox-branch, index=8, renderCount=2 @ http://localhost:5488/node_modules/.pnpm/@salla.sa+twilight-theme-en_c3cd9c099c8c4c71b5353d842e4aee2e/node_modules/@salla.sa/twilight-theme-engine/dist/chunk-WITIL2MK.js?v=8379d83e:670
[   49898ms] [LOG] [HomeComponentRenderer] RENDER: path=ox-faq, index=9, renderCount=1 @ http://localhost:5488/node_modules/.pnpm/@salla.sa+twilight-theme-en_c3cd9c099c8c4c71b5353d842e4aee2e/node_modules/@salla.sa/twilight-theme-engine/dist/chunk-WITIL2MK.js?v=8379d83e:670
[   49898ms] [LOG] [HomeComponentRenderer] RENDER: path=ox-faq, index=9, renderCount=2 @ http://localhost:5488/node_modules/.pnpm/@salla.sa+twilight-theme-en_c3cd9c099c8c4c71b5353d842e4aee2e/node_modules/@salla.sa/twilight-theme-engine/dist/chunk-WITIL2MK.js?v=8379d83e:670
[   49900ms] [LOG] [HomeComponentRenderer] RENDER: path=ox-newsletter, index=10, renderCount=1 @ http://localhost:5488/node_modules/.pnpm/@salla.sa+twilight-theme-en_c3cd9c099c8c4c71b5353d842e4aee2e/node_modules/@salla.sa/twilight-theme-engine/dist/chunk-WITIL2MK.js?v=8379d83e:670
[   49900ms] [LOG] [HomeComponentRenderer] RENDER: path=ox-newsletter, index=10, renderCount=2 @ http://localhost:5488/node_modules/.pnpm/@salla.sa+twilight-theme-en_c3cd9c099c8c4c71b5353d842e4aee2e/node_modules/@salla.sa/twilight-theme-engine/dist/chunk-WITIL2MK.js?v=8379d83e:670
[   49901ms] [LOG] [HomeComponentRenderer] RENDER: path=ox-banner, index=11, renderCount=1 @ http://localhost:5488/node_modules/.pnpm/@salla.sa+twilight-theme-en_c3cd9c099c8c4c71b5353d842e4aee2e/node_modules/@salla.sa/twilight-theme-engine/dist/chunk-WITIL2MK.js?v=8379d83e:670
[   49902ms] [LOG] [HomeComponentRenderer] RENDER: path=ox-banner, index=11, renderCount=2 @ http://localhost:5488/node_modules/.pnpm/@salla.sa+twilight-theme-en_c3cd9c099c8c4c71b5353d842e4aee2e/node_modules/@salla.sa/twilight-theme-engine/dist/chunk-WITIL2MK.js?v=8379d83e:670
[   49913ms] [LOG] [HomeComponentRenderer] MOUNT: path=ox-hero, index=0, renderCount=2 @ http://localhost:5488/node_modules/.pnpm/@salla.sa+twilight-theme-en_c3cd9c099c8c4c71b5353d842e4aee2e/node_modules/@salla.sa/twilight-theme-engine/dist/chunk-WITIL2MK.js?v=8379d83e:673
[   49915ms] [LOG] [HomeComponentRenderer] MOUNT: path=ox-trust-strip, index=1, renderCount=2 @ http://localhost:5488/node_modules/.pnpm/@salla.sa+twilight-theme-en_c3cd9c099c8c4c71b5353d842e4aee2e/node_modules/@salla.sa/twilight-theme-engine/dist/chunk-WITIL2MK.js?v=8379d83e:673
[   49916ms] [LOG] [HomeComponentRenderer] MOUNT: path=ox-goals, index=2, renderCount=2 @ http://localhost:5488/node_modules/.pnpm/@salla.sa+twilight-theme-en_c3cd9c099c8c4c71b5353d842e4aee2e/node_modules/@salla.sa/twilight-theme-engine/dist/chunk-WITIL2MK.js?v=8379d83e:673
[   49917ms] [LOG] [HomeComponentRenderer] MOUNT: path=ox-categories, index=3, renderCount=2 @ http://localhost:5488/node_modules/.pnpm/@salla.sa+twilight-theme-en_c3cd9c099c8c4c71b5353d842e4aee2e/node_modules/@salla.sa/twilight-theme-engine/dist/chunk-WITIL2MK.js?v=8379d83e:673
[   49918ms] [LOG] [HomeComponentRenderer] MOUNT: path=ox-products, index=4, renderCount=2 @ http://localhost:5488/node_modules/.pnpm/@salla.sa+twilight-theme-en_c3cd9c099c8c4c71b5353d842e4aee2e/node_modules/@salla.sa/twilight-theme-engine/dist/chunk-WITIL2MK.js?v=8379d83e:673
[   49918ms] [LOG] [HomeComponentRenderer] MOUNT: path=ox-brands, index=5, renderCount=2 @ http://localhost:5488/node_modules/.pnpm/@salla.sa+twilight-theme-en_c3cd9c099c8c4c71b5353d842e4aee2e/node_modules/@salla.sa/twilight-theme-engine/dist/chunk-WITIL2MK.js?v=8379d83e:673
[   49919ms] [LOG] [HomeComponentRenderer] MOUNT: path=ox-services, index=6, renderCount=2 @ http://localhost:5488/node_modules/.pnpm/@salla.sa+twilight-theme-en_c3cd9c099c8c4c71b5353d842e4aee2e/node_modules/@salla.sa/twilight-theme-engine/dist/chunk-WITIL2MK.js?v=8379d83e:673
[   49920ms] [LOG] [HomeComponentRenderer] MOUNT: path=ox-guides, index=7, renderCount=2 @ http://localhost:5488/node_modules/.pnpm/@salla.sa+twilight-theme-en_c3cd9c099c8c4c71b5353d842e4aee2e/node_modules/@salla.sa/twilight-theme-engine/dist/chunk-WITIL2MK.js?v=8379d83e:673
[   49920ms] [LOG] [HomeComponentRenderer] MOUNT: path=ox-branch, index=8, renderCount=2 @ http://localhost:5488/node_modules/.pnpm/@salla.sa+twilight-theme-en_c3cd9c099c8c4c71b5353d842e4aee2e/node_modules/@salla.sa/twilight-theme-engine/dist/chunk-WITIL2MK.js?v=8379d83e:673
[   49921ms] [LOG] [HomeComponentRenderer] MOUNT: path=ox-faq, index=9, renderCount=2 @ http://localhost:5488/node_modules/.pnpm/@salla.sa+twilight-theme-en_c3cd9c099c8c4c71b5353d842e4aee2e/node_modules/@salla.sa/twilight-theme-engine/dist/chunk-WITIL2MK.js?v=8379d83e:673
[   49921ms] [LOG] [HomeComponentRenderer] MOUNT: path=ox-newsletter, index=10, renderCount=2 @ http://localhost:5488/node_modules/.pnpm/@salla.sa+twilight-theme-en_c3cd9c099c8c4c71b5353d842e4aee2e/node_modules/@salla.sa/twilight-theme-engine/dist/chunk-WITIL2MK.js?v=8379d83e:673
[   49922ms] [LOG] [HomeComponentRenderer] MOUNT: path=ox-banner, index=11, renderCount=2 @ http://localhost:5488/node_modules/.pnpm/@salla.sa+twilight-theme-en_c3cd9c099c8c4c71b5353d842e4aee2e/node_modules/@salla.sa/twilight-theme-engine/dist/chunk-WITIL2MK.js?v=8379d83e:673
[   49929ms] [LOG] [HomeComponentRenderer] UNMOUNT: path=ox-hero, index=0 @ http://localhost:5488/node_modules/.pnpm/@salla.sa+twilight-theme-en_c3cd9c099c8c4c71b5353d842e4aee2e/node_modules/@salla.sa/twilight-theme-engine/dist/chunk-WITIL2MK.js?v=8379d83e:675
[   49930ms] [LOG] [HomeComponentRenderer] UNMOUNT: path=ox-trust-strip, index=1 @ http://localhost:5488/node_modules/.pnpm/@salla.sa+twilight-theme-en_c3cd9c099c8c4c71b5353d842e4aee2e/node_modules/@salla.sa/twilight-theme-engine/dist/chunk-WITIL2MK.js?v=8379d83e:675
[   49930ms] [LOG] [HomeComponentRenderer] UNMOUNT: path=ox-goals, index=2 @ http://localhost:5488/node_modules/.pnpm/@salla.sa+twilight-theme-en_c3cd9c099c8c4c71b5353d842e4aee2e/node_modules/@salla.sa/twilight-theme-engine/dist/chunk-WITIL2MK.js?v=8379d83e:675
[   49931ms] [LOG] [HomeComponentRenderer] UNMOUNT: path=ox-categories, index=3 @ http://localhost:5488/node_modules/.pnpm/@salla.sa+twilight-theme-en_c3cd9c099c8c4c71b5353d842e4aee2e/node_modules/@salla.sa/twilight-theme-engine/dist/chunk-WITIL2MK.js?v=8379d83e:675
[   49931ms] [LOG] [HomeComponentRenderer] UNMOUNT: path=ox-products, index=4 @ http://localhost:5488/node_modules/.pnpm/@salla.sa+twilight-theme-en_c3cd9c099c8c4c71b5353d842e4aee2e/node_modules/@salla.sa/twilight-theme-engine/dist/chunk-WITIL2MK.js?v=8379d83e:675
[   49932ms] [LOG] [HomeComponentRenderer] UNMOUNT: path=ox-brands, index=5 @ http://localhost:5488/node_modules/.pnpm/@salla.sa+twilight-theme-en_c3cd9c099c8c4c71b5353d842e4aee2e/node_modules/@salla.sa/twilight-theme-engine/dist/chunk-WITIL2MK.js?v=8379d83e:675
[   49932ms] [LOG] [HomeComponentRenderer] UNMOUNT: path=ox-services, index=6 @ http://localhost:5488/node_modules/.pnpm/@salla.sa+twilight-theme-en_c3cd9c099c8c4c71b5353d842e4aee2e/node_modules/@salla.sa/twilight-theme-engine/dist/chunk-WITIL2MK.js?v=8379d83e:675
[   49932ms] [LOG] [HomeComponentRenderer] UNMOUNT: path=ox-guides, index=7 @ http://localhost:5488/node_modules/.pnpm/@salla.sa+twilight-theme-en_c3cd9c099c8c4c71b5353d842e4aee2e/node_modules/@salla.sa/twilight-theme-engine/dist/chunk-WITIL2MK.js?v=8379d83e:675
[   49933ms] [LOG] [HomeComponentRenderer] UNMOUNT: path=ox-branch, index=8 @ http://localhost:5488/node_modules/.pnpm/@salla.sa+twilight-theme-en_c3cd9c099c8c4c71b5353d842e4aee2e/node_modules/@salla.sa/twilight-theme-engine/dist/chunk-WITIL2MK.js?v=8379d83e:675
[   49933ms] [LOG] [HomeComponentRenderer] UNMOUNT: path=ox-faq, index=9 @ http://localhost:5488/node_modules/.pnpm/@salla.sa+twilight-theme-en_c3cd9c099c8c4c71b5353d842e4aee2e/node_modules/@salla.sa/twilight-theme-engine/dist/chunk-WITIL2MK.js?v=8379d83e:675
[   49934ms] [LOG] [HomeComponentRenderer] UNMOUNT: path=ox-newsletter, index=10 @ http://localhost:5488/node_modules/.pnpm/@salla.sa+twilight-theme-en_c3cd9c099c8c4c71b5353d842e4aee2e/node_modules/@salla.sa/twilight-theme-engine/dist/chunk-WITIL2MK.js?v=8379d83e:675
[   49934ms] [LOG] [HomeComponentRenderer] UNMOUNT: path=ox-banner, index=11 @ http://localhost:5488/node_modules/.pnpm/@salla.sa+twilight-theme-en_c3cd9c099c8c4c71b5353d842e4aee2e/node_modules/@salla.sa/twilight-theme-engine/dist/chunk-WITIL2MK.js?v=8379d83e:675
[   49935ms] [LOG] [HomeComponentRenderer] MOUNT: path=ox-hero, index=0, renderCount=2 @ http://localhost:5488/node_modules/.pnpm/@salla.sa+twilight-theme-en_c3cd9c099c8c4c71b5353d842e4aee2e/node_modules/@salla.sa/twilight-theme-engine/dist/chunk-WITIL2MK.js?v=8379d83e:673
[   49936ms] [LOG] [HomeComponentRenderer] MOUNT: path=ox-trust-strip, index=1, renderCount=2 @ http://localhost:5488/node_modules/.pnpm/@salla.sa+twilight-theme-en_c3cd9c099c8c4c71b5353d842e4aee2e/node_modules/@salla.sa/twilight-theme-engine/dist/chunk-WITIL2MK.js?v=8379d83e:673
[   49937ms] [LOG] [HomeComponentRenderer] MOUNT: path=ox-goals, index=2, renderCount=2 @ http://localhost:5488/node_modules/.pnpm/@salla.sa+twilight-theme-en_c3cd9c099c8c4c71b5353d842e4aee2e/node_modules/@salla.sa/twilight-theme-engine/dist/chunk-WITIL2MK.js?v=8379d83e:673
[   49937ms] [LOG] [HomeComponentRenderer] MOUNT: path=ox-categories, index=3, renderCount=2 @ http://localhost:5488/node_modules/.pnpm/@salla.sa+twilight-theme-en_c3cd9c099c8c4c71b5353d842e4aee2e/node_modules/@salla.sa/twilight-theme-engine/dist/chunk-WITIL2MK.js?v=8379d83e:673
[   49938ms] [LOG] [HomeComponentRenderer] MOUNT: path=ox-products, index=4, renderCount=2 @ http://localhost:5488/node_modules/.pnpm/@salla.sa+twilight-theme-en_c3cd9c099c8c4c71b5353d842e4aee2e/node_modules/@salla.sa/twilight-theme-engine/dist/chunk-WITIL2MK.js?v=8379d83e:673
[   49938ms] [LOG] [HomeComponentRenderer] MOUNT: path=ox-brands, index=5, renderCount=2 @ http://localhost:5488/node_modules/.pnpm/@salla.sa+twilight-theme-en_c3cd9c099c8c4c71b5353d842e4aee2e/node_modules/@salla.sa/twilight-theme-engine/dist/chunk-WITIL2MK.js?v=8379d83e:673
[   49939ms] [LOG] [HomeComponentRenderer] MOUNT: path=ox-services, index=6, renderCount=2 @ http://localhost:5488/node_modules/.pnpm/@salla.sa+twilight-theme-en_c3cd9c099c8c4c71b5353d842e4aee2e/node_modules/@salla.sa/twilight-theme-engine/dist/chunk-WITIL2MK.js?v=8379d83e:673
[   49939ms] [LOG] [HomeComponentRenderer] MOUNT: path=ox-guides, index=7, renderCount=2 @ http://localhost:5488/node_modules/.pnpm/@salla.sa+twilight-theme-en_c3cd9c099c8c4c71b5353d842e4aee2e/node_modules/@salla.sa/twilight-theme-engine/dist/chunk-WITIL2MK.js?v=8379d83e:673
[   49940ms] [LOG] [HomeComponentRenderer] MOUNT: path=ox-branch, index=8, renderCount=2 @ http://localhost:5488/node_modules/.pnpm/@salla.sa+twilight-theme-en_c3cd9c099c8c4c71b5353d842e4aee2e/node_modules/@salla.sa/twilight-theme-engine/dist/chunk-WITIL2MK.js?v=8379d83e:673
[   49940ms] [LOG] [HomeComponentRenderer] MOUNT: path=ox-faq, index=9, renderCount=2 @ http://localhost:5488/node_modules/.pnpm/@salla.sa+twilight-theme-en_c3cd9c099c8c4c71b5353d842e4aee2e/node_modules/@salla.sa/twilight-theme-engine/dist/chunk-WITIL2MK.js?v=8379d83e:673
[   49941ms] [LOG] [HomeComponentRenderer] MOUNT: path=ox-newsletter, index=10, renderCount=2 @ http://localhost:5488/node_modules/.pnpm/@salla.sa+twilight-theme-en_c3cd9c099c8c4c71b5353d842e4aee2e/node_modules/@salla.sa/twilight-theme-engine/dist/chunk-WITIL2MK.js?v=8379d83e:673
[   49941ms] [LOG] [HomeComponentRenderer] MOUNT: path=ox-banner, index=11, renderCount=2 @ http://localhost:5488/node_modules/.pnpm/@salla.sa+twilight-theme-en_c3cd9c099c8c4c71b5353d842e4aee2e/node_modules/@salla.sa/twilight-theme-engine/dist/chunk-WITIL2MK.js?v=8379d83e:673
[   53131ms] [ERROR] Failed to load resource: the server responded with a status of 410 () @ https://api.salla.dev/store/v1/products/2000960449/details?with[]=images&with[]=category&with[]=rating&with[]=notify_availability&with[]=tags&with[]=brand&with[]=options&with[]=skus&with[]=skus_availability&with[]=included_products&with[]=bundle&with[]=sold_quantity:0
[   53132ms] [ERROR] Failed to load resource: the server responded with a status of 410 () @ https://api.salla.dev/store/v1/products/487045117/details?with[]=images&with[]=category&with[]=rating&with[]=notify_availability&with[]=tags&with[]=brand&with[]=options&with[]=skus&with[]=skus_availability&with[]=included_products&with[]=bundle&with[]=sold_quantity:0
[   53132ms] [ERROR] Failed to load resource: the server responded with a status of 410 () @ https://api.salla.dev/store/v1/products/1051830221/details?with[]=images&with[]=category&with[]=rating&with[]=notify_availability&with[]=tags&with[]=brand&with[]=options&with[]=skus&with[]=skus_availability&with[]=included_products&with[]=bundle&with[]=sold_quantity:0
[   54351ms] [ERROR] Failed to load resource: the server responded with a status of 410 () @ https://api.salla.dev/store/v1/products/2000960449/details?with[]=images&with[]=category&with[]=rating&with[]=notify_availability&with[]=tags&with[]=brand&with[]=options&with[]=skus&with[]=skus_availability&with[]=included_products&with[]=bundle&with[]=sold_quantity:0
[   54400ms] [ERROR] Failed to load resource: the server responded with a status of 410 () @ https://api.salla.dev/store/v1/products/487045117/details?with[]=images&with[]=category&with[]=rating&with[]=notify_availability&with[]=tags&with[]=brand&with[]=options&with[]=skus&with[]=skus_availability&with[]=included_products&with[]=bundle&with[]=sold_quantity:0
[   54406ms] [ERROR] Failed to load resource: the server responded with a status of 410 () @ https://api.salla.dev/store/v1/products/1051830221/details?with[]=images&with[]=category&with[]=rating&with[]=notify_availability&with[]=tags&with[]=brand&with[]=options&with[]=skus&with[]=skus_availability&with[]=included_products&with[]=bundle&with[]=sold_quantity:0
[   64005ms] [ERROR] Failed to load resource: the server responded with a status of 403 () @ https://api.salla.dev/store/v1/blog:0
