[    1086ms] [LOG] allowed_pages: [thank-you] @ :10
[    1086ms] [LOG] title: شاهدتها مؤخرا @ :11
[    1086ms] [LOG] limit: 32 @ :12
[    1217ms] [ERROR] Failed to load resource: the server responded with a status of 429 () @ https://api.salla.dev/store/v1/menus/footer?lang=ar:0
[    1476ms] [LOG] [HomeComponentRenderer] MOUNT: path=ox-hero, index=0, renderCount=1 @ http://localhost:5482/assets/chunk-WITIL2MK-CmviYLdO.js:1
[    1477ms] [LOG] [HomeComponentRenderer] MOUNT: path=ox-trust-strip, index=1, renderCount=1 @ http://localhost:5482/assets/chunk-WITIL2MK-CmviYLdO.js:1
[    1477ms] [LOG] [HomeComponentRenderer] MOUNT: path=ox-goals, index=2, renderCount=1 @ http://localhost:5482/assets/chunk-WITIL2MK-CmviYLdO.js:1
[    1478ms] [LOG] [HomeComponentRenderer] MOUNT: path=ox-categories, index=3, renderCount=1 @ http://localhost:5482/assets/chunk-WITIL2MK-CmviYLdO.js:1
[    1478ms] [LOG] [HomeComponentRenderer] MOUNT: path=ox-products, index=4, renderCount=1 @ http://localhost:5482/assets/chunk-WITIL2MK-CmviYLdO.js:1
[    1479ms] [LOG] [HomeComponentRenderer] MOUNT: path=ox-brands, index=5, renderCount=1 @ http://localhost:5482/assets/chunk-WITIL2MK-CmviYLdO.js:1
[    1479ms] [LOG] [HomeComponentRenderer] MOUNT: path=ox-services, index=6, renderCount=1 @ http://localhost:5482/assets/chunk-WITIL2MK-CmviYLdO.js:1
[    1480ms] [LOG] [HomeComponentRenderer] MOUNT: path=ox-guides, index=7, renderCount=1 @ http://localhost:5482/assets/chunk-WITIL2MK-CmviYLdO.js:1
[    1480ms] [LOG] [HomeComponentRenderer] MOUNT: path=ox-branch, index=8, renderCount=1 @ http://localhost:5482/assets/chunk-WITIL2MK-CmviYLdO.js:1
[    1481ms] [LOG] [HomeComponentRenderer] MOUNT: path=ox-faq, index=9, renderCount=1 @ http://localhost:5482/assets/chunk-WITIL2MK-CmviYLdO.js:1
[    1481ms] [LOG] [HomeComponentRenderer] MOUNT: path=ox-newsletter, index=10, renderCount=1 @ http://localhost:5482/assets/chunk-WITIL2MK-CmviYLdO.js:1
[    1482ms] [LOG] [HomeComponentRenderer] MOUNT: path=ox-banner, index=11, renderCount=1 @ http://localhost:5482/assets/chunk-WITIL2MK-CmviYLdO.js:1
[    1689ms] [ERROR] Failed to load resource: the server responded with a status of 429 () @ https://api.salla.dev/store/v1/menus/footer?lang=ar:0
[    2428ms] [ERROR] Failed to load resource: the server responded with a status of 429 () @ https://api.salla.dev/store/v1/menus/footer?lang=ar:0
[    3550ms] [ERROR] Failed to load resource: the server responded with a status of 429 () @ https://api.salla.dev/store/v1/menus/footer?lang=ar:0
[    3969ms] [ERROR] Failed to load resource: the server responded with a status of 429 () @ https://api.salla.dev/store/v1/menus/footer?lang=ar:0
[    4718ms] [ERROR] Failed to load resource: the server responded with a status of 429 () @ https://api.salla.dev/store/v1/menus/footer?lang=ar:0
[    7653ms] [ERROR] Failed to load resource: the server responded with a status of 410 () @ https://api.salla.dev/store/v1/products/487045117/details?with[]=images&with[]=category&with[]=rating&with[]=notify_availability&with[]=tags&with[]=brand&with[]=options&with[]=skus&with[]=skus_availability&with[]=included_products&with[]=bundle&with[]=sold_quantity:0
[    7663ms] [ERROR] Failed to load resource: the server responded with a status of 410 () @ https://api.salla.dev/store/v1/products/2000960449/details?with[]=images&with[]=category&with[]=rating&with[]=notify_availability&with[]=tags&with[]=brand&with[]=options&with[]=skus&with[]=skus_availability&with[]=included_products&with[]=bundle&with[]=sold_quantity:0
[    7668ms] [ERROR] Failed to load resource: the server responded with a status of 410 () @ https://api.salla.dev/store/v1/products/1051830221/details?with[]=images&with[]=category&with[]=rating&with[]=notify_availability&with[]=tags&with[]=brand&with[]=options&with[]=skus&with[]=skus_availability&with[]=included_products&with[]=bundle&with[]=sold_quantity:0
[    7988ms] [ERROR] Failed to load resource: the server responded with a status of 403 () @ https://api.salla.dev/store/v1/blog:0
[    8822ms] [ERROR] Failed to load resource: the server responded with a status of 410 () @ https://api.salla.dev/store/v1/products/487045117/details?with[]=images&with[]=category&with[]=rating&with[]=notify_availability&with[]=tags&with[]=brand&with[]=options&with[]=skus&with[]=skus_availability&with[]=included_products&with[]=bundle&with[]=sold_quantity:0
[    8826ms] [ERROR] Failed to load resource: the server responded with a status of 410 () @ https://api.salla.dev/store/v1/products/2000960449/details?with[]=images&with[]=category&with[]=rating&with[]=notify_availability&with[]=tags&with[]=brand&with[]=options&with[]=skus&with[]=skus_availability&with[]=included_products&with[]=bundle&with[]=sold_quantity:0
[    8844ms] [ERROR] Failed to load resource: the server responded with a status of 410 () @ https://api.salla.dev/store/v1/products/1051830221/details?with[]=images&with[]=category&with[]=rating&with[]=notify_availability&with[]=tags&with[]=brand&with[]=options&with[]=skus&with[]=skus_availability&with[]=included_products&with[]=bundle&with[]=sold_quantity:0
[   67395ms] [ERROR] [store.settings] Failed: TypeError: Failed to execute 'set' on 'Headers': String contains non ISO-8859-1 code point.
    at Ct.extend.hooks.beforeRequest (http://localhost:5482/assets/queryOptions-DMAUEhc3.js:1:28888)
    at http://localhost:5482/assets/queryOptions-DMAUEhc3.js:1:24294
    at #x (http://localhost:5482/assets/queryOptions-DMAUEhc3.js:1:22593)
    at #A (http://localhost:5482/assets/queryOptions-DMAUEhc3.js:1:24284)
    at o (http://localhost:5482/assets/queryOptions-DMAUEhc3.js:1:15951)
    at async http://localhost:5482/assets/queryOptions-DMAUEhc3.js:1:16880
    at async s.<computed> [as json] (http://localhost:5482/assets/queryOptions-DMAUEhc3.js:1:17199)
    at async Object.settings (http://localhost:5482/assets/chunk-QVPMWMPP-BjqPOtBc.js:2:14973) @ http://localhost:5482/assets/chunk-QVPMWMPP-BjqPOtBc.js:1
[   69148ms] [ERROR] [store.settings] Failed: TypeError: Failed to execute 'set' on 'Headers': String contains non ISO-8859-1 code point.
    at Ct.extend.hooks.beforeRequest (http://localhost:5482/assets/queryOptions-DMAUEhc3.js:1:28888)
    at http://localhost:5482/assets/queryOptions-DMAUEhc3.js:1:24294
    at #x (http://localhost:5482/assets/queryOptions-DMAUEhc3.js:1:22593)
    at #A (http://localhost:5482/assets/queryOptions-DMAUEhc3.js:1:24284)
    at o (http://localhost:5482/assets/queryOptions-DMAUEhc3.js:1:15951)
    at async http://localhost:5482/assets/queryOptions-DMAUEhc3.js:1:16880
    at async s.<computed> [as json] (http://localhost:5482/assets/queryOptions-DMAUEhc3.js:1:17199)
    at async Object.settings (http://localhost:5482/assets/chunk-QVPMWMPP-BjqPOtBc.js:2:14973) @ http://localhost:5482/assets/chunk-QVPMWMPP-BjqPOtBc.js:1
[   69613ms] [ERROR] [store.settings] Failed: TypeError: Failed to execute 'set' on 'Headers': String contains non ISO-8859-1 code point.
    at Ct.extend.hooks.beforeRequest (http://localhost:5482/assets/queryOptions-DMAUEhc3.js:1:28888)
    at http://localhost:5482/assets/queryOptions-DMAUEhc3.js:1:24294
    at #x (http://localhost:5482/assets/queryOptions-DMAUEhc3.js:1:22593)
    at #A (http://localhost:5482/assets/queryOptions-DMAUEhc3.js:1:24284)
    at o (http://localhost:5482/assets/queryOptions-DMAUEhc3.js:1:15951)
    at async http://localhost:5482/assets/queryOptions-DMAUEhc3.js:1:16880
    at async s.<computed> [as json] (http://localhost:5482/assets/queryOptions-DMAUEhc3.js:1:17199)
    at async Object.settings (http://localhost:5482/assets/chunk-QVPMWMPP-BjqPOtBc.js:2:14973) @ http://localhost:5482/assets/chunk-QVPMWMPP-BjqPOtBc.js:1
[   70060ms] [ERROR] [store.settings] Failed: TypeError: Failed to execute 'set' on 'Headers': String contains non ISO-8859-1 code point.
    at Ct.extend.hooks.beforeRequest (http://localhost:5482/assets/queryOptions-DMAUEhc3.js:1:28888)
    at http://localhost:5482/assets/queryOptions-DMAUEhc3.js:1:24294
    at #x (http://localhost:5482/assets/queryOptions-DMAUEhc3.js:1:22593)
    at #A (http://localhost:5482/assets/queryOptions-DMAUEhc3.js:1:24284)
    at o (http://localhost:5482/assets/queryOptions-DMAUEhc3.js:1:15951)
    at async http://localhost:5482/assets/queryOptions-DMAUEhc3.js:1:16880
    at async s.<computed> [as json] (http://localhost:5482/assets/queryOptions-DMAUEhc3.js:1:17199)
    at async Object.settings (http://localhost:5482/assets/chunk-QVPMWMPP-BjqPOtBc.js:2:14973) @ http://localhost:5482/assets/chunk-QVPMWMPP-BjqPOtBc.js:1
[   72179ms] [ERROR] [store.settings] Failed: TypeError: Failed to execute 'set' on 'Headers': String contains non ISO-8859-1 code point.
    at Ct.extend.hooks.beforeRequest (http://localhost:5482/assets/queryOptions-DMAUEhc3.js:1:28888)
    at http://localhost:5482/assets/queryOptions-DMAUEhc3.js:1:24294
    at #x (http://localhost:5482/assets/queryOptions-DMAUEhc3.js:1:22593)
    at #A (http://localhost:5482/assets/queryOptions-DMAUEhc3.js:1:24284)
    at o (http://localhost:5482/assets/queryOptions-DMAUEhc3.js:1:15951)
    at async http://localhost:5482/assets/queryOptions-DMAUEhc3.js:1:16880
    at async s.<computed> [as json] (http://localhost:5482/assets/queryOptions-DMAUEhc3.js:1:17199)
    at async Object.settings (http://localhost:5482/assets/chunk-QVPMWMPP-BjqPOtBc.js:2:14973) @ http://localhost:5482/assets/chunk-QVPMWMPP-BjqPOtBc.js:1
[   89396ms] [ERROR] [store.settings] Failed: TypeError: Failed to execute 'set' on 'Headers': String contains non ISO-8859-1 code point.
    at Ct.extend.hooks.beforeRequest (http://localhost:5482/assets/queryOptions-DMAUEhc3.js:1:28888)
    at http://localhost:5482/assets/queryOptions-DMAUEhc3.js:1:24294
    at #x (http://localhost:5482/assets/queryOptions-DMAUEhc3.js:1:22593)
    at #A (http://localhost:5482/assets/queryOptions-DMAUEhc3.js:1:24284)
    at o (http://localhost:5482/assets/queryOptions-DMAUEhc3.js:1:15951)
    at async http://localhost:5482/assets/queryOptions-DMAUEhc3.js:1:16880
    at async s.<computed> [as json] (http://localhost:5482/assets/queryOptions-DMAUEhc3.js:1:17199)
    at async Object.settings (http://localhost:5482/assets/chunk-QVPMWMPP-BjqPOtBc.js:2:14973) @ http://localhost:5482/assets/chunk-QVPMWMPP-BjqPOtBc.js:1
[  126427ms] [ERROR] [store.settings] Failed: TypeError: Failed to execute 'set' on 'Headers': String contains non ISO-8859-1 code point.
    at Ct.extend.hooks.beforeRequest (http://localhost:5482/assets/queryOptions-DMAUEhc3.js:1:28888)
    at http://localhost:5482/assets/queryOptions-DMAUEhc3.js:1:24294
    at #x (http://localhost:5482/assets/queryOptions-DMAUEhc3.js:1:22593)
    at #A (http://localhost:5482/assets/queryOptions-DMAUEhc3.js:1:24284)
    at o (http://localhost:5482/assets/queryOptions-DMAUEhc3.js:1:15951)
    at async http://localhost:5482/assets/queryOptions-DMAUEhc3.js:1:16880
    at async s.<computed> [as json] (http://localhost:5482/assets/queryOptions-DMAUEhc3.js:1:17199)
    at async Object.settings (http://localhost:5482/assets/chunk-QVPMWMPP-BjqPOtBc.js:2:14973) @ http://localhost:5482/assets/chunk-QVPMWMPP-BjqPOtBc.js:1
[  139861ms] [ERROR] [store.settings] Failed: TypeError: Failed to execute 'set' on 'Headers': String contains non ISO-8859-1 code point.
    at Ct.extend.hooks.beforeRequest (http://localhost:5482/assets/queryOptions-DMAUEhc3.js:1:28888)
    at http://localhost:5482/assets/queryOptions-DMAUEhc3.js:1:24294
    at #x (http://localhost:5482/assets/queryOptions-DMAUEhc3.js:1:22593)
    at #A (http://localhost:5482/assets/queryOptions-DMAUEhc3.js:1:24284)
    at o (http://localhost:5482/assets/queryOptions-DMAUEhc3.js:1:15951)
    at async http://localhost:5482/assets/queryOptions-DMAUEhc3.js:1:16880
    at async s.<computed> [as json] (http://localhost:5482/assets/queryOptions-DMAUEhc3.js:1:17199)
    at async Object.settings (http://localhost:5482/assets/chunk-QVPMWMPP-BjqPOtBc.js:2:14973) @ http://localhost:5482/assets/chunk-QVPMWMPP-BjqPOtBc.js:1
[  173201ms] [ERROR] Failed to load resource: the server responded with a status of 410 () @ https://api.salla.dev/store/v1/products/2000960449/details?with[]=images&with[]=category&with[]=rating&with[]=notify_availability&with[]=tags&with[]=brand&with[]=options&with[]=skus&with[]=skus_availability&with[]=included_products&with[]=bundle&with[]=sold_quantity:0
[  193011ms] [ERROR] Failed to load resource: the server responded with a status of 410 () @ https://api.salla.dev/store/v1/products/2000960449/details?with[]=images&with[]=category&with[]=rating&with[]=notify_availability&with[]=tags&with[]=brand&with[]=options&with[]=skus&with[]=skus_availability&with[]=included_products&with[]=bundle&with[]=sold_quantity:0
[  193267ms] [ERROR] Failed to load resource: the server responded with a status of 410 () @ https://api.salla.dev/store/v1/products/2000960449/details?with[]=images&with[]=category&with[]=rating&with[]=notify_availability&with[]=tags&with[]=brand&with[]=options&with[]=skus&with[]=skus_availability&with[]=included_products&with[]=bundle&with[]=sold_quantity:0
[  193409ms] [ERROR] NotFoundError: Not Found
    at y (http://localhost:5482/assets/chunk-JK77XRXR-BEboE4Em.js:1:1959)
    at async Uu (http://localhost:5482/assets/index-CbiYaz3g.js:67:46282)
    at async Object.Gu [as loader] (http://localhost:5482/assets/index-CbiYaz3g.js:67:48241)
    at async Qt (http://localhost:5482/assets/vendor-router-DsQr8yC7.js:2:24878) @ http://localhost:5482/assets/vendor-react-wbUKKZou.js:7
[  193409ms] [LOG] [HomeComponentRenderer] UNMOUNT: path=ox-hero, index=0 @ http://localhost:5482/assets/chunk-WITIL2MK-CmviYLdO.js:1
[  193410ms] [LOG] [HomeComponentRenderer] UNMOUNT: path=ox-trust-strip, index=1 @ http://localhost:5482/assets/chunk-WITIL2MK-CmviYLdO.js:1
[  193410ms] [LOG] [HomeComponentRenderer] UNMOUNT: path=ox-goals, index=2 @ http://localhost:5482/assets/chunk-WITIL2MK-CmviYLdO.js:1
[  193410ms] [LOG] [HomeComponentRenderer] UNMOUNT: path=ox-categories, index=3 @ http://localhost:5482/assets/chunk-WITIL2MK-CmviYLdO.js:1
[  193411ms] [LOG] [HomeComponentRenderer] UNMOUNT: path=ox-products, index=4 @ http://localhost:5482/assets/chunk-WITIL2MK-CmviYLdO.js:1
[  193411ms] [LOG] [HomeComponentRenderer] UNMOUNT: path=ox-brands, index=5 @ http://localhost:5482/assets/chunk-WITIL2MK-CmviYLdO.js:1
[  193411ms] [LOG] [HomeComponentRenderer] UNMOUNT: path=ox-services, index=6 @ http://localhost:5482/assets/chunk-WITIL2MK-CmviYLdO.js:1
[  193412ms] [LOG] [HomeComponentRenderer] UNMOUNT: path=ox-guides, index=7 @ http://localhost:5482/assets/chunk-WITIL2MK-CmviYLdO.js:1
[  193412ms] [LOG] [HomeComponentRenderer] UNMOUNT: path=ox-branch, index=8 @ http://localhost:5482/assets/chunk-WITIL2MK-CmviYLdO.js:1
[  193413ms] [LOG] [HomeComponentRenderer] UNMOUNT: path=ox-faq, index=9 @ http://localhost:5482/assets/chunk-WITIL2MK-CmviYLdO.js:1
[  193413ms] [LOG] [HomeComponentRenderer] UNMOUNT: path=ox-newsletter, index=10 @ http://localhost:5482/assets/chunk-WITIL2MK-CmviYLdO.js:1
[  193414ms] [LOG] [HomeComponentRenderer] UNMOUNT: path=ox-banner, index=11 @ http://localhost:5482/assets/chunk-WITIL2MK-CmviYLdO.js:1
[  195305ms] [LOG] [HomeComponentRenderer] MOUNT: path=ox-hero, index=0, renderCount=1 @ http://localhost:5482/assets/chunk-WITIL2MK-CmviYLdO.js:1
[  195306ms] [LOG] [HomeComponentRenderer] MOUNT: path=ox-trust-strip, index=1, renderCount=1 @ http://localhost:5482/assets/chunk-WITIL2MK-CmviYLdO.js:1
[  195307ms] [LOG] [HomeComponentRenderer] MOUNT: path=ox-goals, index=2, renderCount=1 @ http://localhost:5482/assets/chunk-WITIL2MK-CmviYLdO.js:1
[  195307ms] [LOG] [HomeComponentRenderer] MOUNT: path=ox-categories, index=3, renderCount=1 @ http://localhost:5482/assets/chunk-WITIL2MK-CmviYLdO.js:1
[  195308ms] [LOG] [HomeComponentRenderer] MOUNT: path=ox-products, index=4, renderCount=1 @ http://localhost:5482/assets/chunk-WITIL2MK-CmviYLdO.js:1
[  195308ms] [LOG] [HomeComponentRenderer] MOUNT: path=ox-brands, index=5, renderCount=1 @ http://localhost:5482/assets/chunk-WITIL2MK-CmviYLdO.js:1
[  195309ms] [LOG] [HomeComponentRenderer] MOUNT: path=ox-services, index=6, renderCount=1 @ http://localhost:5482/assets/chunk-WITIL2MK-CmviYLdO.js:1
[  195309ms] [LOG] [HomeComponentRenderer] MOUNT: path=ox-guides, index=7, renderCount=1 @ http://localhost:5482/assets/chunk-WITIL2MK-CmviYLdO.js:1
[  195310ms] [LOG] [HomeComponentRenderer] MOUNT: path=ox-branch, index=8, renderCount=1 @ http://localhost:5482/assets/chunk-WITIL2MK-CmviYLdO.js:1
[  195310ms] [LOG] [HomeComponentRenderer] MOUNT: path=ox-faq, index=9, renderCount=1 @ http://localhost:5482/assets/chunk-WITIL2MK-CmviYLdO.js:1
[  195310ms] [LOG] [HomeComponentRenderer] MOUNT: path=ox-newsletter, index=10, renderCount=1 @ http://localhost:5482/assets/chunk-WITIL2MK-CmviYLdO.js:1
[  195310ms] [LOG] [HomeComponentRenderer] MOUNT: path=ox-banner, index=11, renderCount=1 @ http://localhost:5482/assets/chunk-WITIL2MK-CmviYLdO.js:1
[  448346ms] [ERROR] Failed to load resource: the server responded with a status of 500 (Internal Server Error) @ http://localhost:5482/assets/index-uR-MgC-O.css:0
[  448352ms] [ERROR] Failed to load resource: the server responded with a status of 500 (Internal Server Error) @ http://localhost:5482/assets/index-CbiYaz3g.js:0
[  448616ms] [ERROR] Failed to load resource: the server responded with a status of 500 (Internal Server Error) @ http://localhost:5482/assets/listingCopy-TS_UVgH-.js:0
[  448644ms] [ERROR] Failed to load resource: the server responded with a status of 500 (Internal Server Error) @ http://localhost:5482/assets/chunk-WITIL2MK-CmviYLdO.js:0
[  448782ms] [ERROR] Failed to load resource: the server responded with a status of 500 (Internal Server Error) @ http://localhost:5482/assets/chunk-UQRLBMIO-Ctin_fzo.js:0
[  448789ms] [ERROR] Failed to load resource: the server responded with a status of 500 (Internal Server Error) @ http://localhost:5482/assets/product-BT2KyCyQ.js:0
[  448803ms] [ERROR] Failed to load resource: the server responded with a status of 500 (Internal Server Error) @ http://localhost:5482/assets/ProductsSliderWrapper-BW55BuKt.js:0
[  448814ms] [ERROR] Failed to load resource: the server responded with a status of 500 (Internal Server Error) @ http://localhost:5482/assets/chunk-L42W6YS3-CkL05AXp.js:0
[  448835ms] [ERROR] Failed to load resource: the server responded with a status of 500 (Internal Server Error) @ http://localhost:5482/assets/HookSlot-Dl1TgDCW.js:0
[  448849ms] [ERROR] Failed to load resource: the server responded with a status of 500 (Internal Server Error) @ http://localhost:5482/assets/skeleton-DPfJbK1w.js:0
[  449055ms] [ERROR] Failed to load resource: the server responded with a status of 500 (Internal Server Error) @ http://localhost:5482/assets/routes-DOeQVoz3.js:0
[  718831ms] [ERROR] Failed to load resource: the server responded with a status of 500 (Internal Server Error) @ http://localhost:5482/assets/SallaProductsSlider-BdCbVP5L.css:0
[  718848ms] [ERROR] Failed to load resource: the server responded with a status of 500 (Internal Server Error) @ http://localhost:5482/assets/index-uR-MgC-O.css:0
[  718867ms] [ERROR] Failed to load resource: the server responded with a status of 500 (Internal Server Error) @ http://localhost:5482/assets/index-CbiYaz3g.js:0
[  718868ms] [ERROR] Failed to load resource: the server responded with a status of 500 (Internal Server Error) @ http://localhost:5482/assets/rolldown-runtime-Dd_uD5pT.js:0
[  718879ms] [ERROR] Failed to load resource: the server responded with a status of 500 (Internal Server Error) @ http://localhost:5482/assets/vendor-hooks-DoccjKVF.js:0
[  718887ms] [ERROR] Failed to load resource: the server responded with a status of 500 (Internal Server Error) @ http://localhost:5482/assets/vendor-react-wbUKKZou.js:0
[  718898ms] [ERROR] Failed to load resource: the server responded with a status of 500 (Internal Server Error) @ http://localhost:5482/assets/vendor-router-DsQr8yC7.js:0
[  718904ms] [ERROR] Failed to load resource: the server responded with a status of 500 (Internal Server Error) @ http://localhost:5482/assets/tanstack-e4JhNrmD.js:0
[  718913ms] [ERROR] Failed to load resource: the server responded with a status of 500 (Internal Server Error) @ http://localhost:5482/assets/i18nInstance-D6DB3zVt.js:0
[  718919ms] [ERROR] Failed to load resource: the server responded with a status of 500 (Internal Server Error) @ http://localhost:5482/assets/chunk-XTMHHLNK-yB3cjDhG.js:0
[  718948ms] [ERROR] Failed to load resource: the server responded with a status of 500 (Internal Server Error) @ http://localhost:5482/assets/chunk-TYNZ5B2B-DxNOVMxO.js:0
[  718953ms] [ERROR] Failed to load resource: the server responded with a status of 500 (Internal Server Error) @ http://localhost:5482/assets/chunk-QVPMWMPP-BjqPOtBc.js:0
[  718964ms] [ERROR] Failed to load resource: the server responded with a status of 500 (Internal Server Error) @ http://localhost:5482/assets/queryOptions-DMAUEhc3.js:0
[  718970ms] [ERROR] Failed to load resource: the server responded with a status of 500 (Internal Server Error) @ http://localhost:5482/assets/chunk-CPQXPECC-BZa-7aQ6.js:0
[  718978ms] [ERROR] Failed to load resource: the server responded with a status of 500 (Internal Server Error) @ http://localhost:5482/assets/useQuery-DibBgSsV.js:0
[  718985ms] [ERROR] Failed to load resource: the server responded with a status of 500 (Internal Server Error) @ http://localhost:5482/assets/chunk-TZ3E5BN4-LtjEiCZY.js:0
[  718997ms] [ERROR] Failed to load resource: the server responded with a status of 500 (Internal Server Error) @ http://localhost:5482/assets/chunk-JK77XRXR-BEboE4Em.js:0
[  719000ms] [ERROR] Failed to load resource: the server responded with a status of 500 (Internal Server Error) @ http://localhost:5482/assets/chunk-DF6FBKDN-BoLjs45z.js:0
[  719009ms] [ERROR] Failed to load resource: the server responded with a status of 500 (Internal Server Error) @ http://localhost:5482/assets/chunk-JWXJPJBO-F3OYtdz9.js:0
[  719016ms] [ERROR] Failed to load resource: the server responded with a status of 500 (Internal Server Error) @ http://localhost:5482/assets/skeletons-CYhSbOwe.js:0
[  719023ms] [ERROR] Failed to load resource: the server responded with a status of 500 (Internal Server Error) @ http://localhost:5482/assets/preload-helper-Czpn1I53.js:0
[  719030ms] [ERROR] Failed to load resource: the server responded with a status of 500 (Internal Server Error) @ http://localhost:5482/assets/chunk-BYMOPN2S-BbcZGFfL.js:0
[  719036ms] [ERROR] Failed to load resource: the server responded with a status of 500 (Internal Server Error) @ http://localhost:5482/assets/chunk-342EPVXN-BeWX7X3X.js:0
[  719045ms] [ERROR] Failed to load resource: the server responded with a status of 500 (Internal Server Error) @ http://localhost:5482/assets/chunk-Q7VWURUR-_Rfo7Xhe.js:0
[  719049ms] [ERROR] Failed to load resource: the server responded with a status of 500 (Internal Server Error) @ http://localhost:5482/assets/withDeferredHydration-iv4lZ9Lc.js:0
[  719062ms] [ERROR] Failed to load resource: the server responded with a status of 500 (Internal Server Error) @ http://localhost:5482/assets/chunk-LKBWIN26-Bm0CWo9T.js:0
[  719069ms] [ERROR] Failed to load resource: the server responded with a status of 500 (Internal Server Error) @ http://localhost:5482/assets/salla-add-product-button-DRK5Y5OV.js:0
[  719078ms] [ERROR] Failed to load resource: the server responded with a status of 500 (Internal Server Error) @ http://localhost:5482/assets/chunk-OAMIDZKW-CX76D01C.js:0
[  719082ms] [ERROR] Failed to load resource: the server responded with a status of 500 (Internal Server Error) @ http://localhost:5482/assets/salla-comments-DQo_sKgK.js:0
[  719089ms] [ERROR] Failed to load resource: the server responded with a status of 500 (Internal Server Error) @ http://localhost:5482/assets/chunk-65Z2ZDKZ-CtcF8Et9.js:0
[  719098ms] [ERROR] Failed to load resource: the server responded with a status of 500 (Internal Server Error) @ http://localhost:5482/assets/listingCopy-TS_UVgH-.js:0
[  719106ms] [ERROR] Failed to load resource: the server responded with a status of 500 (Internal Server Error) @ http://localhost:5482/assets/salla-offer-DookRMbY.js:0
[  719116ms] [ERROR] Failed to load resource: the server responded with a status of 500 (Internal Server Error) @ http://localhost:5482/assets/chunk-WITIL2MK-CmviYLdO.js:0
[  719123ms] [ERROR] Failed to load resource: the server responded with a status of 500 (Internal Server Error) @ http://localhost:5482/assets/chunk-AXW67SY7-B6AlkgwL.js:0
[  719130ms] [ERROR] Failed to load resource: the server responded with a status of 500 (Internal Server Error) @ http://localhost:5482/assets/chunk-JKIRRMBU-i1Pvi6cb.js:0
[  719136ms] [ERROR] Failed to load resource: the server responded with a status of 500 (Internal Server Error) @ http://localhost:5482/assets/chunk-RJPPO3ET-vZFFQ4km.js:0
[  719143ms] [ERROR] Failed to load resource: the server responded with a status of 500 (Internal Server Error) @ http://localhost:5482/assets/chunk-YMVLYYLU-D8mc_cFz.js:0
[  719149ms] [ERROR] Failed to load resource: the server responded with a status of 500 (Internal Server Error) @ http://localhost:5482/assets/chunk-FZKRSGLP-Bcipmwzf.js:0
[  719155ms] [ERROR] Failed to load resource: the server responded with a status of 500 (Internal Server Error) @ http://localhost:5482/assets/chunk-HX3YKS5W-D3EoDQSo.js:0
[  719162ms] [ERROR] Failed to load resource: the server responded with a status of 500 (Internal Server Error) @ http://localhost:5482/assets/dist-BHNvopLi.js:0
[  719168ms] [ERROR] Failed to load resource: the server responded with a status of 500 (Internal Server Error) @ http://localhost:5482/assets/common-Q7JFMpn0.js:0
[  719174ms] [ERROR] Failed to load resource: the server responded with a status of 500 (Internal Server Error) @ http://localhost:5482/assets/useTheme-szy02X8m.js:0
[  719181ms] [ERROR] Failed to load resource: the server responded with a status of 500 (Internal Server Error) @ http://localhost:5482/assets/i18n-DHpGlfQF.js:0
[  719188ms] [ERROR] Failed to load resource: the server responded with a status of 500 (Internal Server Error) @ http://localhost:5482/assets/useWishlist-wToxVXft.js:0
[  719199ms] [ERROR] Failed to load resource: the server responded with a status of 500 (Internal Server Error) @ http://localhost:5482/assets/useStore-CwR5mFId.js:0
[  719207ms] [ERROR] Failed to load resource: the server responded with a status of 500 (Internal Server Error) @ http://localhost:5482/assets/Wordmark-B6w1GN5K.js:0
[  719215ms] [ERROR] Failed to load resource: the server responded with a status of 500 (Internal Server Error) @ http://localhost:5482/assets/MainBar-xRKiaShC.js:0
[  719222ms] [ERROR] Failed to load resource: the server responded with a status of 500 (Internal Server Error) @ http://localhost:5482/assets/Icon-vHCCVV2k.js:0
[  719229ms] [ERROR] Failed to load resource: the server responded with a status of 500 (Internal Server Error) @ http://localhost:5482/assets/chunk-UV5BRJH4-Dw0xn9Vz.js:0
[  719237ms] [ERROR] Failed to load resource: the server responded with a status of 500 (Internal Server Error) @ http://localhost:5482/assets/menu-slUiAWEv.js:0
[  719241ms] [ERROR] Failed to load resource: the server responded with a status of 500 (Internal Server Error) @ http://localhost:5482/assets/goals-B30V-fZ-.js:0
[  719248ms] [ERROR] Failed to load resource: the server responded with a status of 500 (Internal Server Error) @ http://localhost:5482/assets/useHeaderMenu-D61ebov4.js:0
[  719260ms] [ERROR] Failed to load resource: the server responded with a status of 500 (Internal Server Error) @ http://localhost:5482/assets/hooks-CwR5mFId.js:0
[  719266ms] [ERROR] Failed to load resource: the server responded with a status of 500 (Internal Server Error) @ http://localhost:5482/assets/useMediaQuery-DZM-b6Gd.js:0
[  719273ms] [ERROR] Failed to load resource: the server responded with a status of 500 (Internal Server Error) @ http://localhost:5482/assets/sanitizeHtml-DCHaxfXB.js:0
[  719281ms] [ERROR] Failed to load resource: the server responded with a status of 500 (Internal Server Error) @ http://localhost:5482/assets/href-FkOlRJaG.js:0
[  719286ms] [ERROR] Failed to load resource: the server responded with a status of 500 (Internal Server Error) @ http://localhost:5482/assets/Button-BTEt7uL4.js:0
[  719295ms] [ERROR] Failed to load resource: the server responded with a status of 500 (Internal Server Error) @ http://localhost:5482/assets/chunk-UQRLBMIO-Ctin_fzo.js:0
[  719302ms] [ERROR] Failed to load resource: the server responded with a status of 500 (Internal Server Error) @ http://localhost:5482/assets/product-BT2KyCyQ.js:0
[  719310ms] [ERROR] Failed to load resource: the server responded with a status of 500 (Internal Server Error) @ http://localhost:5482/assets/SectionHeader-CHsM7R12.js:0
[  719316ms] [ERROR] Failed to load resource: the server responded with a status of 500 (Internal Server Error) @ http://localhost:5482/assets/ProductsSliderWrapper-BW55BuKt.js:0
[  719322ms] [ERROR] Failed to load resource: the server responded with a status of 500 (Internal Server Error) @ http://localhost:5482/assets/claims-B8sa48-U.js:0
[  719328ms] [ERROR] Failed to load resource: the server responded with a status of 500 (Internal Server Error) @ http://localhost:5482/assets/chunk-L42W6YS3-CkL05AXp.js:0
[  719336ms] [ERROR] Failed to load resource: the server responded with a status of 500 (Internal Server Error) @ http://localhost:5482/assets/HomeSkeleton-DeCBEnDL.js:0
[  719352ms] [ERROR] Failed to load resource: the server responded with a status of 500 (Internal Server Error) @ http://localhost:5482/assets/head-B9GpK6jX.js:0
[  719359ms] [ERROR] Failed to load resource: the server responded with a status of 500 (Internal Server Error) @ http://localhost:5482/assets/HookSlot-Dl1TgDCW.js:0
[  719368ms] [ERROR] Failed to load resource: the server responded with a status of 500 (Internal Server Error) @ http://localhost:5482/assets/jsonld-WeFRAk4M.js:0
[  719377ms] [ERROR] Failed to load resource: the server responded with a status of 500 (Internal Server Error) @ http://localhost:5482/assets/skeleton-DPfJbK1w.js:0
[  719400ms] [ERROR] Failed to load resource: the server responded with a status of 500 (Internal Server Error) @ http://localhost:5482/assets/blog-BOf1Wbua.js:0
[  719401ms] [ERROR] Failed to load resource: the server responded with a status of 500 (Internal Server Error) @ http://localhost:5482/assets/head-f3NZu3A2.js:0
[  719404ms] [ERROR] Failed to load resource: the server responded with a status of 500 (Internal Server Error) @ http://localhost:5482/assets/faq-CoixTuUD.js:0
[  719411ms] [ERROR] Failed to load resource: the server responded with a status of 500 (Internal Server Error) @ http://localhost:5482/assets/branch-Cwgnfaq6.js:0
[  719418ms] [ERROR] Failed to load resource: the server responded with a status of 500 (Internal Server Error) @ http://localhost:5482/assets/Bdi-xCsQOd0x.js:0
[  719424ms] [ERROR] Failed to load resource: the server responded with a status of 500 (Internal Server Error) @ http://localhost:5482/assets/OxBranch-DiKQ62o7.js:0
[  719432ms] [ERROR] Failed to load resource: the server responded with a status of 500 (Internal Server Error) @ http://localhost:5482/assets/Accordion-C12g9z6f.js:0
[  719439ms] [ERROR] Failed to load resource: the server responded with a status of 500 (Internal Server Error) @ http://localhost:5482/assets/Panel-CcRGpo0V.js:0
[  719447ms] [ERROR] Failed to load resource: the server responded with a status of 500 (Internal Server Error) @ http://localhost:5482/assets/ContactRow-BJDlVVO9.js:0
[  719453ms] [ERROR] Failed to load resource: the server responded with a status of 500 (Internal Server Error) @ http://localhost:5482/assets/chunk-IH3TQ3LD-D9GMLY6B.js:0
[  719462ms] [ERROR] Failed to load resource: the server responded with a status of 500 (Internal Server Error) @ http://localhost:5482/assets/chunk-EMKO3C2V-B-Lbi8BB.js:0
[  719468ms] [ERROR] Failed to load resource: the server responded with a status of 500 (Internal Server Error) @ http://localhost:5482/assets/chunk-WHOWSSX4-AQ03In1i.js:0
[  719473ms] [ERROR] Failed to load resource: the server responded with a status of 500 (Internal Server Error) @ http://localhost:5482/assets/categories-Chv4x9s0.js:0
[  719479ms] [ERROR] Failed to load resource: the server responded with a status of 500 (Internal Server Error) @ http://localhost:5482/assets/salla-ids-DAK_5TDq.js:0
[  719486ms] [ERROR] Failed to load resource: the server responded with a status of 500 (Internal Server Error) @ http://localhost:5482/assets/Price-DtZ7XYLP.js:0
[  719492ms] [ERROR] Failed to load resource: the server responded with a status of 500 (Internal Server Error) @ http://localhost:5482/assets/ChannelCard-DrTIEHXR.js:0
[  719498ms] [ERROR] Failed to load resource: the server responded with a status of 500 (Internal Server Error) @ http://localhost:5482/assets/Band-CT6Xmy8D.js:0
[  719503ms] [ERROR] Failed to load resource: the server responded with a status of 500 (Internal Server Error) @ http://localhost:5482/assets/services-Vh8foF90.js:0
[  719510ms] [ERROR] Failed to load resource: the server responded with a status of 500 (Internal Server Error) @ http://localhost:5482/assets/ServiceSection-YAqxuNNZ.js:0
[  719516ms] [ERROR] Failed to load resource: the server responded with a status of 500 (Internal Server Error) @ http://localhost:5482/assets/PageAnchors-BLxnA9zg.js:0
[  719525ms] [ERROR] Failed to load resource: the server responded with a status of 500 (Internal Server Error) @ http://localhost:5482/assets/faq-L50OGLkO.js:0
[  719532ms] [ERROR] Failed to load resource: the server responded with a status of 500 (Internal Server Error) @ http://localhost:5482/assets/glossary-DKWMCXiG.js:0
[  719541ms] [ERROR] Failed to load resource: the server responded with a status of 500 (Internal Server Error) @ http://localhost:5482/assets/chunk-OKP6LUT7-DfWJcEX-.js:0
[  719546ms] [ERROR] Failed to load resource: the server responded with a status of 500 (Internal Server Error) @ http://localhost:5482/assets/chunk-AVPIY3Y4-IuawIe4A.js:0
[  719554ms] [ERROR] Failed to load resource: the server responded with a status of 500 (Internal Server Error) @ http://localhost:5482/assets/account-9dcPxZuO.js:0
[  719560ms] [ERROR] Failed to load resource: the server responded with a status of 500 (Internal Server Error) @ http://localhost:5482/assets/orders-B6gxGqMq.js:0
[  719566ms] [ERROR] Failed to load resource: the server responded with a status of 500 (Internal Server Error) @ http://localhost:5482/assets/Table-DUngaic5.js:0
[  719572ms] [ERROR] Failed to load resource: the server responded with a status of 500 (Internal Server Error) @ http://localhost:5482/assets/freeShipping-BQCjdm52.js:0
[  719578ms] [ERROR] Failed to load resource: the server responded with a status of 500 (Internal Server Error) @ http://localhost:5482/assets/_locale-DmI-WAao.js:0
[  719584ms] [ERROR] Failed to load resource: the server responded with a status of 500 (Internal Server Error) @ http://localhost:5482/assets/routes-DOeQVoz3.js:0
[  721262ms] [ERROR] Failed to load resource: the server responded with a status of 500 (Internal Server Error) @ http://localhost:5482/assets/SallaProductsSlider-BdCbVP5L.css:0
[  721265ms] [ERROR] Failed to load resource: the server responded with a status of 500 (Internal Server Error) @ http://localhost:5482/assets/index-uR-MgC-O.css:0
[  721329ms] [ERROR] Failed to load resource: the server responded with a status of 500 (Internal Server Error) @ http://localhost:5482/assets/index-CbiYaz3g.js:0
[  721333ms] [ERROR] Failed to load resource: the server responded with a status of 500 (Internal Server Error) @ http://localhost:5482/assets/rolldown-runtime-Dd_uD5pT.js:0
[  721335ms] [ERROR] Failed to load resource: the server responded with a status of 500 (Internal Server Error) @ http://localhost:5482/assets/vendor-hooks-DoccjKVF.js:0
[  721338ms] [ERROR] Failed to load resource: the server responded with a status of 500 (Internal Server Error) @ http://localhost:5482/assets/vendor-react-wbUKKZou.js:0
[  721341ms] [ERROR] Failed to load resource: the server responded with a status of 500 (Internal Server Error) @ http://localhost:5482/assets/vendor-router-DsQr8yC7.js:0
[  721354ms] [ERROR] Failed to load resource: the server responded with a status of 500 (Internal Server Error) @ http://localhost:5482/assets/tanstack-e4JhNrmD.js:0
[  721360ms] [ERROR] Failed to load resource: the server responded with a status of 500 (Internal Server Error) @ http://localhost:5482/assets/i18nInstance-D6DB3zVt.js:0
[  721377ms] [ERROR] Failed to load resource: the server responded with a status of 500 (Internal Server Error) @ http://localhost:5482/assets/chunk-TYNZ5B2B-DxNOVMxO.js:0
[  721377ms] [ERROR] Failed to load resource: the server responded with a status of 500 (Internal Server Error) @ http://localhost:5482/assets/chunk-QVPMWMPP-BjqPOtBc.js:0
[  721380ms] [ERROR] Failed to load resource: the server responded with a status of 500 (Internal Server Error) @ http://localhost:5482/assets/queryOptions-DMAUEhc3.js:0
[  721381ms] [ERROR] Failed to load resource: the server responded with a status of 500 (Internal Server Error) @ http://localhost:5482/assets/chunk-XTMHHLNK-yB3cjDhG.js:0
[  721396ms] [ERROR] Failed to load resource: the server responded with a status of 500 (Internal Server Error) @ http://localhost:5482/assets/chunk-CPQXPECC-BZa-7aQ6.js:0
[  721396ms] [ERROR] Failed to load resource: the server responded with a status of 500 (Internal Server Error) @ http://localhost:5482/assets/useQuery-DibBgSsV.js:0
[  721405ms] [ERROR] Failed to load resource: the server responded with a status of 500 (Internal Server Error) @ http://localhost:5482/assets/chunk-TZ3E5BN4-LtjEiCZY.js:0
[  721414ms] [ERROR] Failed to load resource: the server responded with a status of 500 (Internal Server Error) @ http://localhost:5482/assets/chunk-JK77XRXR-BEboE4Em.js:0
[  721419ms] [ERROR] Failed to load resource: the server responded with a status of 500 (Internal Server Error) @ http://localhost:5482/assets/chunk-DF6FBKDN-BoLjs45z.js:0
[  721429ms] [ERROR] Failed to load resource: the server responded with a status of 500 (Internal Server Error) @ http://localhost:5482/assets/chunk-JWXJPJBO-F3OYtdz9.js:0
[  721434ms] [ERROR] Failed to load resource: the server responded with a status of 500 (Internal Server Error) @ http://localhost:5482/assets/skeletons-CYhSbOwe.js:0
[  721441ms] [ERROR] Failed to load resource: the server responded with a status of 500 (Internal Server Error) @ http://localhost:5482/assets/preload-helper-Czpn1I53.js:0
[  721446ms] [ERROR] Failed to load resource: the server responded with a status of 500 (Internal Server Error) @ http://localhost:5482/assets/chunk-BYMOPN2S-BbcZGFfL.js:0
[  721452ms] [ERROR] Failed to load resource: the server responded with a status of 500 (Internal Server Error) @ http://localhost:5482/assets/chunk-342EPVXN-BeWX7X3X.js:0
[  721463ms] [ERROR] Failed to load resource: the server responded with a status of 500 (Internal Server Error) @ http://localhost:5482/assets/chunk-Q7VWURUR-_Rfo7Xhe.js:0
[  721469ms] [ERROR] Failed to load resource: the server responded with a status of 500 (Internal Server Error) @ http://localhost:5482/assets/withDeferredHydration-iv4lZ9Lc.js:0
[  721478ms] [ERROR] Failed to load resource: the server responded with a status of 500 (Internal Server Error) @ http://localhost:5482/assets/chunk-LKBWIN26-Bm0CWo9T.js:0
[  721483ms] [ERROR] Failed to load resource: the server responded with a status of 500 (Internal Server Error) @ http://localhost:5482/assets/salla-add-product-button-DRK5Y5OV.js:0
[  721491ms] [ERROR] Failed to load resource: the server responded with a status of 500 (Internal Server Error) @ http://localhost:5482/assets/chunk-OAMIDZKW-CX76D01C.js:0
[  721499ms] [ERROR] Failed to load resource: the server responded with a status of 500 (Internal Server Error) @ http://localhost:5482/assets/salla-comments-DQo_sKgK.js:0
[  721504ms] [ERROR] Failed to load resource: the server responded with a status of 500 (Internal Server Error) @ http://localhost:5482/assets/chunk-65Z2ZDKZ-CtcF8Et9.js:0
[  721516ms] [ERROR] Failed to load resource: the server responded with a status of 500 (Internal Server Error) @ http://localhost:5482/assets/listingCopy-TS_UVgH-.js:0
[  721522ms] [ERROR] Failed to load resource: the server responded with a status of 500 (Internal Server Error) @ http://localhost:5482/assets/salla-offer-DookRMbY.js:0
[  721533ms] [ERROR] Failed to load resource: the server responded with a status of 500 (Internal Server Error) @ http://localhost:5482/assets/chunk-WITIL2MK-CmviYLdO.js:0
[  721541ms] [ERROR] Failed to load resource: the server responded with a status of 500 (Internal Server Error) @ http://localhost:5482/assets/chunk-AXW67SY7-B6AlkgwL.js:0
[  721547ms] [ERROR] Failed to load resource: the server responded with a status of 500 (Internal Server Error) @ http://localhost:5482/assets/chunk-JKIRRMBU-i1Pvi6cb.js:0
[  721552ms] [ERROR] Failed to load resource: the server responded with a status of 500 (Internal Server Error) @ http://localhost:5482/assets/chunk-RJPPO3ET-vZFFQ4km.js:0
[  721559ms] [ERROR] Failed to load resource: the server responded with a status of 500 (Internal Server Error) @ http://localhost:5482/assets/chunk-YMVLYYLU-D8mc_cFz.js:0
[  721565ms] [ERROR] Failed to load resource: the server responded with a status of 500 (Internal Server Error) @ http://localhost:5482/assets/chunk-FZKRSGLP-Bcipmwzf.js:0
[  721572ms] [ERROR] Failed to load resource: the server responded with a status of 500 (Internal Server Error) @ http://localhost:5482/assets/chunk-HX3YKS5W-D3EoDQSo.js:0
[  721578ms] [ERROR] Failed to load resource: the server responded with a status of 500 (Internal Server Error) @ http://localhost:5482/assets/dist-BHNvopLi.js:0
[  721584ms] [ERROR] Failed to load resource: the server responded with a status of 500 (Internal Server Error) @ http://localhost:5482/assets/common-Q7JFMpn0.js:0
[  721590ms] [ERROR] Failed to load resource: the server responded with a status of 500 (Internal Server Error) @ http://localhost:5482/assets/useTheme-szy02X8m.js:0
[  721595ms] [ERROR] Failed to load resource: the server responded with a status of 500 (Internal Server Error) @ http://localhost:5482/assets/i18n-DHpGlfQF.js:0
[  721601ms] [ERROR] Failed to load resource: the server responded with a status of 500 (Internal Server Error) @ http://localhost:5482/assets/useWishlist-wToxVXft.js:0
[  721608ms] [ERROR] Failed to load resource: the server responded with a status of 500 (Internal Server Error) @ http://localhost:5482/assets/useStore-CwR5mFId.js:0
[  721613ms] [ERROR] Failed to load resource: the server responded with a status of 500 (Internal Server Error) @ http://localhost:5482/assets/Wordmark-B6w1GN5K.js:0
[  721619ms] [ERROR] Failed to load resource: the server responded with a status of 500 (Internal Server Error) @ http://localhost:5482/assets/MainBar-xRKiaShC.js:0
[  721626ms] [ERROR] Failed to load resource: the server responded with a status of 500 (Internal Server Error) @ http://localhost:5482/assets/Icon-vHCCVV2k.js:0
[  721632ms] [ERROR] Failed to load resource: the server responded with a status of 500 (Internal Server Error) @ http://localhost:5482/assets/chunk-UV5BRJH4-Dw0xn9Vz.js:0
[  721637ms] [ERROR] Failed to load resource: the server responded with a status of 500 (Internal Server Error) @ http://localhost:5482/assets/menu-slUiAWEv.js:0
[  721644ms] [ERROR] Failed to load resource: the server responded with a status of 500 (Internal Server Error) @ http://localhost:5482/assets/goals-B30V-fZ-.js:0
[  721649ms] [ERROR] Failed to load resource: the server responded with a status of 500 (Internal Server Error) @ http://localhost:5482/assets/useHeaderMenu-D61ebov4.js:0
[  721655ms] [ERROR] Failed to load resource: the server responded with a status of 500 (Internal Server Error) @ http://localhost:5482/assets/hooks-CwR5mFId.js:0
[  721662ms] [ERROR] Failed to load resource: the server responded with a status of 500 (Internal Server Error) @ http://localhost:5482/assets/useMediaQuery-DZM-b6Gd.js:0
[  721668ms] [ERROR] Failed to load resource: the server responded with a status of 500 (Internal Server Error) @ http://localhost:5482/assets/sanitizeHtml-DCHaxfXB.js:0
[  721675ms] [ERROR] Failed to load resource: the server responded with a status of 500 (Internal Server Error) @ http://localhost:5482/assets/href-FkOlRJaG.js:0
[  721680ms] [ERROR] Failed to load resource: the server responded with a status of 500 (Internal Server Error) @ http://localhost:5482/assets/Button-BTEt7uL4.js:0
[  721686ms] [ERROR] Failed to load resource: the server responded with a status of 500 (Internal Server Error) @ http://localhost:5482/assets/chunk-UQRLBMIO-Ctin_fzo.js:0
[  721693ms] [ERROR] Failed to load resource: the server responded with a status of 500 (Internal Server Error) @ http://localhost:5482/assets/product-BT2KyCyQ.js:0
[  721700ms] [ERROR] Failed to load resource: the server responded with a status of 500 (Internal Server Error) @ http://localhost:5482/assets/SectionHeader-CHsM7R12.js:0
[  721703ms] [ERROR] Failed to load resource: the server responded with a status of 500 (Internal Server Error) @ http://localhost:5482/assets/ProductsSliderWrapper-BW55BuKt.js:0
[  721709ms] [ERROR] Failed to load resource: the server responded with a status of 500 (Internal Server Error) @ http://localhost:5482/assets/claims-B8sa48-U.js:0
[  721715ms] [ERROR] Failed to load resource: the server responded with a status of 500 (Internal Server Error) @ http://localhost:5482/assets/chunk-L42W6YS3-CkL05AXp.js:0
[  721721ms] [ERROR] Failed to load resource: the server responded with a status of 500 (Internal Server Error) @ http://localhost:5482/assets/HomeSkeleton-DeCBEnDL.js:0
[  721728ms] [ERROR] Failed to load resource: the server responded with a status of 500 (Internal Server Error) @ http://localhost:5482/assets/head-B9GpK6jX.js:0
[  721734ms] [ERROR] Failed to load resource: the server responded with a status of 500 (Internal Server Error) @ http://localhost:5482/assets/HookSlot-Dl1TgDCW.js:0
[  721743ms] [ERROR] Failed to load resource: the server responded with a status of 500 (Internal Server Error) @ http://localhost:5482/assets/jsonld-WeFRAk4M.js:0
[  721753ms] [ERROR] Failed to load resource: the server responded with a status of 500 (Internal Server Error) @ http://localhost:5482/assets/skeleton-DPfJbK1w.js:0
[  721759ms] [ERROR] Failed to load resource: the server responded with a status of 500 (Internal Server Error) @ http://localhost:5482/assets/blog-BOf1Wbua.js:0
[  721767ms] [ERROR] Failed to load resource: the server responded with a status of 500 (Internal Server Error) @ http://localhost:5482/assets/head-f3NZu3A2.js:0
[  721776ms] [ERROR] Failed to load resource: the server responded with a status of 500 (Internal Server Error) @ http://localhost:5482/assets/faq-CoixTuUD.js:0
[  721784ms] [ERROR] Failed to load resource: the server responded with a status of 500 (Internal Server Error) @ http://localhost:5482/assets/branch-Cwgnfaq6.js:0
[  721792ms] [ERROR] Failed to load resource: the server responded with a status of 500 (Internal Server Error) @ http://localhost:5482/assets/Bdi-xCsQOd0x.js:0
[  721802ms] [ERROR] Failed to load resource: the server responded with a status of 500 (Internal Server Error) @ http://localhost:5482/assets/OxBranch-DiKQ62o7.js:0
[  721809ms] [ERROR] Failed to load resource: the server responded with a status of 500 (Internal Server Error) @ http://localhost:5482/assets/Accordion-C12g9z6f.js:0
[  721817ms] [ERROR] Failed to load resource: the server responded with a status of 500 (Internal Server Error) @ http://localhost:5482/assets/Panel-CcRGpo0V.js:0
[  721822ms] [ERROR] Failed to load resource: the server responded with a status of 500 (Internal Server Error) @ http://localhost:5482/assets/ContactRow-BJDlVVO9.js:0
[  721832ms] [ERROR] Failed to load resource: the server responded with a status of 500 (Internal Server Error) @ http://localhost:5482/assets/chunk-IH3TQ3LD-D9GMLY6B.js:0
[  721841ms] [ERROR] Failed to load resource: the server responded with a status of 500 (Internal Server Error) @ http://localhost:5482/assets/chunk-EMKO3C2V-B-Lbi8BB.js:0
[  721850ms] [ERROR] Failed to load resource: the server responded with a status of 500 (Internal Server Error) @ http://localhost:5482/assets/chunk-WHOWSSX4-AQ03In1i.js:0
[  721861ms] [ERROR] Failed to load resource: the server responded with a status of 500 (Internal Server Error) @ http://localhost:5482/assets/categories-Chv4x9s0.js:0
[  721867ms] [ERROR] Failed to load resource: the server responded with a status of 500 (Internal Server Error) @ http://localhost:5482/assets/salla-ids-DAK_5TDq.js:0
[  721873ms] [ERROR] Failed to load resource: the server responded with a status of 500 (Internal Server Error) @ http://localhost:5482/assets/Price-DtZ7XYLP.js:0
[  721882ms] [ERROR] Failed to load resource: the server responded with a status of 500 (Internal Server Error) @ http://localhost:5482/assets/ChannelCard-DrTIEHXR.js:0
[  721890ms] [ERROR] Failed to load resource: the server responded with a status of 500 (Internal Server Error) @ http://localhost:5482/assets/Band-CT6Xmy8D.js:0
[  721898ms] [ERROR] Failed to load resource: the server responded with a status of 500 (Internal Server Error) @ http://localhost:5482/assets/services-Vh8foF90.js:0
[  721905ms] [ERROR] Failed to load resource: the server responded with a status of 500 (Internal Server Error) @ http://localhost:5482/assets/ServiceSection-YAqxuNNZ.js:0
[  721912ms] [ERROR] Failed to load resource: the server responded with a status of 500 (Internal Server Error) @ http://localhost:5482/assets/PageAnchors-BLxnA9zg.js:0
[  721919ms] [ERROR] Failed to load resource: the server responded with a status of 500 (Internal Server Error) @ http://localhost:5482/assets/faq-L50OGLkO.js:0
[  721927ms] [ERROR] Failed to load resource: the server responded with a status of 500 (Internal Server Error) @ http://localhost:5482/assets/glossary-DKWMCXiG.js:0
[  721936ms] [ERROR] Failed to load resource: the server responded with a status of 500 (Internal Server Error) @ http://localhost:5482/assets/chunk-OKP6LUT7-DfWJcEX-.js:0
[  721944ms] [ERROR] Failed to load resource: the server responded with a status of 500 (Internal Server Error) @ http://localhost:5482/assets/chunk-AVPIY3Y4-IuawIe4A.js:0
[  721951ms] [ERROR] Failed to load resource: the server responded with a status of 500 (Internal Server Error) @ http://localhost:5482/assets/account-9dcPxZuO.js:0
[  721958ms] [ERROR] Failed to load resource: the server responded with a status of 500 (Internal Server Error) @ http://localhost:5482/assets/orders-B6gxGqMq.js:0
[  721965ms] [ERROR] Failed to load resource: the server responded with a status of 500 (Internal Server Error) @ http://localhost:5482/assets/Table-DUngaic5.js:0
[  721971ms] [ERROR] Failed to load resource: the server responded with a status of 500 (Internal Server Error) @ http://localhost:5482/assets/freeShipping-BQCjdm52.js:0
[  721979ms] [ERROR] Failed to load resource: the server responded with a status of 500 (Internal Server Error) @ http://localhost:5482/assets/_locale-DmI-WAao.js:0
[  721984ms] [ERROR] Failed to load resource: the server responded with a status of 500 (Internal Server Error) @ http://localhost:5482/assets/routes-DOeQVoz3.js:0
[  974465ms] [ERROR] Failed to load resource: the server responded with a status of 500 (Internal Server Error) @ http://localhost:5482/assets/index-uR-MgC-O.css:0
[  974469ms] [ERROR] Failed to load resource: the server responded with a status of 500 (Internal Server Error) @ http://localhost:5482/assets/index-CbiYaz3g.js:0
[  974654ms] [ERROR] Failed to load resource: the server responded with a status of 500 (Internal Server Error) @ http://localhost:5482/assets/listingCopy-TS_UVgH-.js:0
[  974672ms] [ERROR] Failed to load resource: the server responded with a status of 500 (Internal Server Error) @ http://localhost:5482/assets/chunk-WITIL2MK-CmviYLdO.js:0
[  974809ms] [ERROR] Failed to load resource: the server responded with a status of 500 (Internal Server Error) @ http://localhost:5482/assets/chunk-UQRLBMIO-Ctin_fzo.js:0
[  974816ms] [ERROR] Failed to load resource: the server responded with a status of 500 (Internal Server Error) @ http://localhost:5482/assets/product-BT2KyCyQ.js:0
[  974831ms] [ERROR] Failed to load resource: the server responded with a status of 500 (Internal Server Error) @ http://localhost:5482/assets/ProductsSliderWrapper-BW55BuKt.js:0
[  974846ms] [ERROR] Failed to load resource: the server responded with a status of 500 (Internal Server Error) @ http://localhost:5482/assets/chunk-L42W6YS3-CkL05AXp.js:0
[  974855ms] [ERROR] Failed to load resource: the server responded with a status of 500 (Internal Server Error) @ http://localhost:5482/assets/HomeSkeleton-DeCBEnDL.js:0
[  974868ms] [ERROR] Failed to load resource: the server responded with a status of 500 (Internal Server Error) @ http://localhost:5482/assets/HookSlot-Dl1TgDCW.js:0
[  974880ms] [ERROR] Failed to load resource: the server responded with a status of 500 (Internal Server Error) @ http://localhost:5482/assets/skeleton-DPfJbK1w.js:0
[  975090ms] [ERROR] Failed to load resource: the server responded with a status of 500 (Internal Server Error) @ http://localhost:5482/assets/routes-DOeQVoz3.js:0
[ 1218586ms] [ERROR] Failed to load resource: the server responded with a status of 500 (Internal Server Error) @ http://localhost:5482/assets/index-uR-MgC-O.css:0
[ 1218600ms] [ERROR] Failed to load resource: the server responded with a status of 500 (Internal Server Error) @ http://localhost:5482/assets/index-CbiYaz3g.js:0
[ 1218807ms] [ERROR] Failed to load resource: the server responded with a status of 500 (Internal Server Error) @ http://localhost:5482/assets/listingCopy-TS_UVgH-.js:0
[ 1218821ms] [ERROR] Failed to load resource: the server responded with a status of 500 (Internal Server Error) @ http://localhost:5482/assets/chunk-WITIL2MK-CmviYLdO.js:0
[ 1218988ms] [ERROR] Failed to load resource: the server responded with a status of 500 (Internal Server Error) @ http://localhost:5482/assets/chunk-UQRLBMIO-Ctin_fzo.js:0
[ 1218996ms] [ERROR] Failed to load resource: the server responded with a status of 500 (Internal Server Error) @ http://localhost:5482/assets/product-BT2KyCyQ.js:0
[ 1219016ms] [ERROR] Failed to load resource: the server responded with a status of 500 (Internal Server Error) @ http://localhost:5482/assets/ProductsSliderWrapper-BW55BuKt.js:0
[ 1219029ms] [ERROR] Failed to load resource: the server responded with a status of 500 (Internal Server Error) @ http://localhost:5482/assets/chunk-L42W6YS3-CkL05AXp.js:0
[ 1219037ms] [ERROR] Failed to load resource: the server responded with a status of 500 (Internal Server Error) @ http://localhost:5482/assets/HomeSkeleton-DeCBEnDL.js:0
[ 1219058ms] [ERROR] Failed to load resource: the server responded with a status of 500 (Internal Server Error) @ http://localhost:5482/assets/HookSlot-Dl1TgDCW.js:0
[ 1219072ms] [ERROR] Failed to load resource: the server responded with a status of 500 (Internal Server Error) @ http://localhost:5482/assets/skeleton-DPfJbK1w.js:0
[ 1219295ms] [ERROR] Failed to load resource: the server responded with a status of 500 (Internal Server Error) @ http://localhost:5482/assets/routes-DOeQVoz3.js:0
[ 1365187ms] [ERROR] Failed to load resource: the server responded with a status of 500 (Internal Server Error) @ http://localhost:5482/assets/index-uR-MgC-O.css:0
[ 1365189ms] [ERROR] Failed to load resource: the server responded with a status of 500 (Internal Server Error) @ http://localhost:5482/assets/index-CbiYaz3g.js:0
[ 1365198ms] [ERROR] Failed to load resource: the server responded with a status of 500 (Internal Server Error) @ http://localhost:5482/assets/listingCopy-TS_UVgH-.js:0
[ 1365206ms] [ERROR] Failed to load resource: the server responded with a status of 500 (Internal Server Error) @ http://localhost:5482/assets/chunk-WITIL2MK-CmviYLdO.js:0
[ 1365226ms] [ERROR] Failed to load resource: the server responded with a status of 500 (Internal Server Error) @ http://localhost:5482/assets/chunk-UQRLBMIO-Ctin_fzo.js:0
[ 1365229ms] [ERROR] Failed to load resource: the server responded with a status of 500 (Internal Server Error) @ http://localhost:5482/assets/product-BT2KyCyQ.js:0
[ 1365237ms] [ERROR] Failed to load resource: the server responded with a status of 500 (Internal Server Error) @ http://localhost:5482/assets/ProductsSliderWrapper-BW55BuKt.js:0
[ 1365238ms] [ERROR] Failed to load resource: the server responded with a status of 500 (Internal Server Error) @ http://localhost:5482/assets/chunk-L42W6YS3-CkL05AXp.js:0
[ 1365239ms] [ERROR] Failed to load resource: the server responded with a status of 500 (Internal Server Error) @ http://localhost:5482/assets/HomeSkeleton-DeCBEnDL.js:0
[ 1365276ms] [ERROR] Failed to load resource: the server responded with a status of 500 (Internal Server Error) @ http://localhost:5482/assets/HookSlot-Dl1TgDCW.js:0
[ 1365281ms] [ERROR] Failed to load resource: the server responded with a status of 500 (Internal Server Error) @ http://localhost:5482/assets/skeleton-DPfJbK1w.js:0
[ 1365289ms] [ERROR] Failed to load resource: the server responded with a status of 500 (Internal Server Error) @ http://localhost:5482/assets/routes-DOeQVoz3.js:0
