[    2473ms] [INFO] %cDownload the React DevTools for a better development experience: https://react.dev/link/react-devtools font-weight:bold @ http://localhost:5200/node_modules/.vite/deps/react-dom_client.js?v=c58539c0:14335
[    2568ms] [WARNING] [Twilight] Could not hydrate twilight context: no root match in router state @ http://localhost:5200/@vite/client:532
[    2930ms] [ERROR] The result of getServerSnapshot should be cached to avoid an infinite loop @ http://localhost:5200/@vite/client:532
[    2959ms] [ERROR] A tree hydrated but some attributes of the server rendered HTML didn't match the client properties. This won't be patched up. This can happen if a SSR-ed Client Component used:

- A server/client branch `if (typeof window !== 'undefined')`.
- Variable input such as `Date.now()` or `Math.random()` which changes each time it's called.
- Date formatting in a user's locale which doesn't match the server.
- External changing data without sending a snapshot of it along with the HTML.
- Invalid HTML tag nesting.

It can also happen if the client has a browser extension installed which messes with the HTML before React loaded.

%s%s https://react.dev/link/hydration-mismatch 

  ...
    <QueryClientProvider client={{}}>
      <Matches>
        <Transitioner>
        <SafeFragment fallback={<Context>}>
          <MatchesInner>
            <CatchBoundary getResetKey={function getResetKey} onCatch={function}>
              <MatchImpl routeId="__root__">
                <MatchView router={{...}} match={{id:"__root__/", ...}}>
                  <RootComponent>
                    <html lang="ar" dir="rtl" suppressHydrationWarning={true}>
                      <head>
                        <meta>
                        <meta>
                        <meta>
                        <HeadContent>
                          <Asset>
                          <Asset>
                          <Asset>
                          <Asset>
                          <Asset>
                          <Asset>
                          <Asset>
                          <Asset>
                          <Asset>
                          <Asset>
                          <Asset>
                          <Asset>
                          <Asset>
                          <Asset>
                          <Asset>
                          <Asset>
                          <Asset>
                          <Asset>
                          <Asset>
                          <Asset>
                          <Asset>
                          <Asset>
                          <Asset>
                          <Asset>
                          <Asset>
                          <Asset>
                          <Asset>
                          <Asset>
                          <Asset>
                          <Asset>
                          <Asset>
                          <Asset>
                          <Asset>
                          <Asset>
                          <Asset tag="style" attrs={{id:"twilig...", ...}} nonce={undefined}>
                            <style
+                             id="twilight-loading"
-                             id={null}
                              nonce={undefined}
                              dangerouslySetInnerHTML={{
+                               __html: ".loading-overlay{position:fixed;inset:0;display:flex;align-items:center;justi..."
-                               __html: "salla-mini-checkout-modal,salla-mini-checkout-widget{visibility:hidden}.hydra..."
                              }}
-                             data-styles=""
                            >
                          ...
                      ...
                        <li className="ox-nav__item" data-nav-item="">
                          <Link to="/latest-pr..." className="ox-nav__link">
                            <TanStackLinkAdapter ref={null} to="/latest-pr..." className="ox-nav__link" data-spa-link="">
                              <a
+                               className="ox-nav__link active"
-                               className="ox-nav__link is-active active"
                                style={undefined}
                                title={undefined}
                                target={undefined}
                                rel={undefined}
                                onClick={function handleClick}
                                aria-label={undefined}
                                data-spa-link=""
                                ref={{current:null}}
                                onBlur={function handleLeave}
                                onFocus={function}
                                onMouseEnter={function}
                                onMouseLeave={function handleLeave}
                                onTouchStart={function handleTouchStart}
                                href="/optimal-x/latest-products"
                                data-status="active"
                                aria-current="page"
                              >
+                               المنتجات
 @ http://localhost:5200/@vite/client:532
[    3096ms] [LOG] allowed_pages: [thank-you] @ :10
[    3097ms] [LOG] title: شاهدتها مؤخرا @ :11
[    3097ms] [LOG] limit: 32 @ :12
[    6543ms] [ERROR] Failed to load resource: the server responded with a status of 404 (Not Found) @ http://localhost:5200/api/ar/x:0
[    9608ms] [WARNING] The resource https://cdn.assets.salla.network/themes/customization/1888890798/1298199463/499745075.js?v=17898351681 was preloaded using link preload but not used within a few seconds from the window's load event. Please make sure it has an appropriate `as` value and it is preloaded intentionally. @ http://localhost:5200/optimal-x/latest-products:0
[   14999ms] [WARNING] The resource https://cdn.assets.salla.network/themes/customization/1888890798/1298199463/499745075.js?v=17898351681 was preloaded using link preload but not used within a few seconds from the window's load event. Please make sure it has an appropriate `as` value and it is preloaded intentionally. @ http://localhost:5200/optimal-x/latest-products:0
[   19805ms] [WARNING] The resource https://cdn.assets.salla.network/themes/customization/1888890798/1298199463/499745075.js?v=17898351681 was preloaded using link preload but not used within a few seconds from the window's load event. Please make sure it has an appropriate `as` value and it is preloaded intentionally. @ http://localhost:5200/optimal-x/latest-products:0
