[     475ms] [WARNING] [webmcp-interceptor] document.modelContext is not available.
To enable WebMCP, use Chrome M146+ and enable:
chrome://flags/#enable-experimental-web-platform-features @ https://optimalx.com.sa/.webmcp/bridge.js:1343
[     821ms] [LOG] allowed_pages: [thank-you] @ :10
[     821ms] [LOG] title: شاهدتها مؤخرا @ :11
[     821ms] [LOG] limit: 32 @ :12
[    1558ms] [LOG] > Salla: Snapchat pixel id is not available, we'll ignore the snapchat events @ :4
[    5180ms] [WARNING] The resource https://fonts.googleapis.com/css2?family=Cairo&display=swap was preloaded using link preload but not used within a few seconds from the window's load event. Please make sure it has an appropriate `as` value and it is preloaded intentionally. @ https://optimalx.com.sa/:0
[    8359ms] [WARNING] The resource https://fonts.googleapis.com/css2?family=Cairo&display=swap was preloaded using link preload but not used within a few seconds from the window's load event. Please make sure it has an appropriate `as` value and it is preloaded intentionally. @ https://optimalx.com.sa/:0
[   86750ms] [WARNING] [webmcp-interceptor] document.modelContext is not available.
To enable WebMCP, use Chrome M146+ and enable:
chrome://flags/#enable-experimental-web-platform-features @ https://optimalx.com.sa/.webmcp/bridge.js:1343
[   86981ms] [LOG] allowed_pages: [thank-you] @ :10
[   86981ms] [LOG] title: شاهدتها مؤخرا @ :11
[   86981ms] [LOG] limit: 32 @ :12
[   87534ms] [LOG] > Salla: Snapchat pixel id is not available, we'll ignore the snapchat events @ :4
[   90940ms] [WARNING] The resource https://fonts.googleapis.com/css2?family=Cairo&display=swap was preloaded using link preload but not used within a few seconds from the window's load event. Please make sure it has an appropriate `as` value and it is preloaded intentionally. @ https://optimalx.com.sa/:0
[  143182ms] [WARNING] [webmcp-interceptor] document.modelContext is not available.
To enable WebMCP, use Chrome M146+ and enable:
chrome://flags/#enable-experimental-web-platform-features @ https://optimalx.com.sa/.webmcp/bridge.js:1343
[  143354ms] [LOG] allowed_pages: [thank-you] @ :10
[  143355ms] [LOG] title: شاهدتها مؤخرا @ :11
[  143355ms] [LOG] limit: 32 @ :12
[  143881ms] [LOG] > Salla: Snapchat pixel id is not available, we'll ignore the snapchat events @ :4
[  147232ms] [WARNING] The resource https://fonts.googleapis.com/css2?family=Cairo&display=swap was preloaded using link preload but not used within a few seconds from the window's load event. Please make sure it has an appropriate `as` value and it is preloaded intentionally. @ https://optimalx.com.sa/:0
[  194288ms] [WARNING] The resource https://fonts.googleapis.com/css2?family=Cairo&display=swap was preloaded using link preload but not used within a few seconds from the window's load event. Please make sure it has an appropriate `as` value and it is preloaded intentionally. @ https://optimalx.com.sa/:0
[21131332ms] [WARNING] [webmcp-interceptor] document.modelContext is not available.
To enable WebMCP, use Chrome M146+ and enable:
chrome://flags/#enable-experimental-web-platform-features @ https://optimalx.com.sa/.webmcp/bridge.js:1343
[21131609ms] [LOG] allowed_pages: [thank-you] @ :10
[21131611ms] [LOG] title: شاهدتها مؤخرا @ :11
[21131611ms] [LOG] limit: 32 @ :12
[21132282ms] [LOG] > Salla: Snapchat pixel id is not available, we'll ignore the snapchat events @ :4
[21135910ms] [WARNING] The resource https://fonts.googleapis.com/css2?family=Cairo&display=swap was preloaded using link preload but not used within a few seconds from the window's load event. Please make sure it has an appropriate `as` value and it is preloaded intentionally. @ https://optimalx.com.sa/:0
[21670131ms] [WARNING] [webmcp-interceptor] document.modelContext is not available.
To enable WebMCP, use Chrome M146+ and enable:
chrome://flags/#enable-experimental-web-platform-features @ https://optimalx.com.sa/.webmcp/bridge.js:1343
[21670453ms] [LOG] allowed_pages: [thank-you] @ :10
[21670456ms] [LOG] title: شاهدتها مؤخرا @ :11
[21670456ms] [LOG] limit: 32 @ :12
[21671414ms] [LOG] > Salla: Snapchat pixel id is not available, we'll ignore the snapchat events @ :4
[21675022ms] [WARNING] The resource https://fonts.googleapis.com/css2?family=Cairo&display=swap was preloaded using link preload but not used within a few seconds from the window's load event. Please make sure it has an appropriate `as` value and it is preloaded intentionally. @ https://optimalx.com.sa/:0
[21718621ms] [WARNING] [webmcp-interceptor] document.modelContext is not available.
To enable WebMCP, use Chrome M146+ and enable:
chrome://flags/#enable-experimental-web-platform-features @ https://optimalx.com.sa/.webmcp/bridge.js:1343
[21718767ms] [LOG] allowed_pages: [thank-you] @ :10
[21718767ms] [LOG] title: شاهدتها مؤخرا @ :11
[21718767ms] [LOG] limit: 32 @ :12
[21719222ms] [LOG] > Salla: Snapchat pixel id is not available, we'll ignore the snapchat events @ :4
[21723374ms] [WARNING] The resource https://fonts.googleapis.com/css2?family=Cairo&display=swap was preloaded using link preload but not used within a few seconds from the window's load event. Please make sure it has an appropriate `as` value and it is preloaded intentionally. @ https://optimalx.com.sa/:0
[21791424ms] [WARNING] [webmcp-interceptor] document.modelContext is not available.
To enable WebMCP, use Chrome M146+ and enable:
chrome://flags/#enable-experimental-web-platform-features @ https://optimalx.com.sa/.webmcp/bridge.js:1343
[21791569ms] [LOG] allowed_pages: [thank-you] @ :10
[21791569ms] [LOG] title: شاهدتها مؤخرا @ :11
[21791569ms] [LOG] limit: 32 @ :12
[21792025ms] [LOG] > Salla: Snapchat pixel id is not available, we'll ignore the snapchat events @ :4
[21795352ms] [WARNING] The resource https://fonts.googleapis.com/css2?family=Cairo&display=swap was preloaded using link preload but not used within a few seconds from the window's load event. Please make sure it has an appropriate `as` value and it is preloaded intentionally. @ https://optimalx.com.sa/:0
[21910844ms] [WARNING] [webmcp-interceptor] document.modelContext is not available.
To enable WebMCP, use Chrome M146+ and enable:
chrome://flags/#enable-experimental-web-platform-features @ https://optimalx.com.sa/.webmcp/bridge.js:1343
[21911089ms] [WARNING] A preload for 'https://cdn.assets.salla.network/prod/@salla.sa/fast-checkout-widget/v0.0.47/widget.esm.js' is found, but is not used because the request credentials mode does not match. Consider taking a look at crossorigin attribute. @ https://optimalx.com.sa/cdn-cgi/scripts/7d0fa10a/cloudflare-static/rocket-loader.min.js:0
[21911204ms] [LOG] pageId: 1746003438 is product.single? true @ :8
[21911204ms] [LOG] before get: [1996831868, 2052367464] type: object @ :15
[21911205ms] [LOG] after set: [1746003438, 1996831868, 2052367464] @ :28
[21911205ms] [LOG] allowed_pages: [thank-you] @ :10
[21911205ms] [LOG] title: شاهدتها مؤخرا @ :11
[21911205ms] [LOG] limit: 32 @ :12
[21911889ms] [LOG] 🍏 Pay: Quick Buy Component Loaded @ https://cdn.salla.network/js/twilight/2.14.583/p-c3ad3c3d.entry.js:3
[21912238ms] [ERROR] Unable to download payment manifest "https://www.apple.com/apple-pay". @ https://optimalx.com.sa/%D8%B4%D9%88%D9%81%D8%A7%D9%86-%D8%B3%D8%B1%D9%8A%D8%B9-%D8%A7%D9%84%D8%AA%D8%AD%D8%B6%D9%8A%D8%B1-1-%D9%83%D8%AC%D9%85-%D9%85%D8%A7%D9%8A-%D8%A8%D8%B1%D9%88%D8%AA%D9%8A%D9%86/p1746003438:0
[21912238ms] [ERROR] Unable to download payment manifest "https://www.apple.com/apple-pay". @ https://optimalx.com.sa/%D8%B4%D9%88%D9%81%D8%A7%D9%86-%D8%B3%D8%B1%D9%8A%D8%B9-%D8%A7%D9%84%D8%AA%D8%AD%D8%B6%D9%8A%D8%B1-1-%D9%83%D8%AC%D9%85-%D9%85%D8%A7%D9%8A-%D8%A8%D8%B1%D9%88%D8%AA%D9%8A%D9%86/p1746003438:0
[21916651ms] [WARNING] The resource https://cdn.assets.salla.network/prod/@salla.sa/fast-checkout-widget/v0.0.47/widget.esm.js was preloaded using link preload but not used within a few seconds from the window's load event. Please make sure it has an appropriate `as` value and it is preloaded intentionally. @ https://optimalx.com.sa/%D8%B4%D9%88%D9%81%D8%A7%D9%86-%D8%B3%D8%B1%D9%8A%D8%B9-%D8%A7%D9%84%D8%AA%D8%AD%D8%B6%D9%8A%D8%B1-1-%D9%83%D8%AC%D9%85-%D9%85%D8%A7%D9%8A-%D8%A8%D8%B1%D9%88%D8%AA%D9%8A%D9%86/p1746003438:0
[21922154ms] [WARNING] [webmcp-interceptor] document.modelContext is not available.
To enable WebMCP, use Chrome M146+ and enable:
chrome://flags/#enable-experimental-web-platform-features @ https://optimalx.com.sa/.webmcp/bridge.js:1343
[21922310ms] [LOG] allowed_pages: [thank-you] @ :10
[21922310ms] [LOG] title: شاهدتها مؤخرا @ :11
[21922310ms] [LOG] limit: 32 @ :12
[21922744ms] [LOG] > Salla: Snapchat pixel id is not available, we'll ignore the snapchat events @ :4
[21925963ms] [WARNING] The resource https://fonts.googleapis.com/css2?family=Cairo&display=swap was preloaded using link preload but not used within a few seconds from the window's load event. Please make sure it has an appropriate `as` value and it is preloaded intentionally. @ https://optimalx.com.sa/:0
