[    1900ms] [INFO] %cDownload the React DevTools for a better development experience: https://react.dev/link/react-devtools font-weight:bold @ http://localhost:5200/node_modules/.vite/deps/react-dom_client.js?v=c58539c0:14335
[    1997ms] [WARNING] [Twilight] Could not hydrate twilight context: no root match in router state @ http://localhost:5200/@vite/client:532
[    2169ms] [ERROR] The result of getServerSnapshot should be cached to avoid an infinite loop @ http://localhost:5200/@vite/client:532
[    2204ms] [ERROR] A tree hydrated but some attributes of the server rendered HTML didn't match the client properties. This won't be patched up. This can happen if a SSR-ed Client Component used:

- A server/client branch `if (typeof window !== 'undefined')`.
- Variable input such as `Date.now()` or `Math.random()` which changes each time it's called.
- Date formatting in a user's locale which doesn't match the server.
- External changing data without sending a snapshot of it along with the HTML.
- Invalid HTML tag nesting.

It can also happen if the client has a browser extension installed which messes with the HTML before React loaded.

%s%s https://react.dev/link/hydration-mismatch 

  ...
    <QueryClientProvider client={{}}>
      <Matches>
        <Transitioner>
        <SafeFragment fallback={<Context>}>
          <MatchesInner>
            <CatchBoundary getResetKey={function getResetKey} onCatch={function}>
              <MatchImpl routeId="__root__">
                <MatchView router={{...}} match={{id:"__root__/", ...}}>
                  <RootComponent>
                    <html lang="ar" dir="rtl" suppressHydrationWarning={true}>
                      <head>
                        <meta>
                        <meta>
                        <meta>
                        <HeadContent>
                          <Asset>
                          <Asset>
                          <Asset>
                          <Asset>
                          <Asset>
                          <Asset>
                          <Asset>
                          <Asset>
                          <Asset>
                          <Asset>
                          <Asset>
                          <Asset>
                          <Asset>
                          <Asset>
                          <Asset>
                          <Asset>
                          <Asset>
                          <Asset>
                          <Asset>
                          <Asset>
                          <Asset>
                          <Asset>
                          <Asset>
                          <Asset>
                          <Asset>
                          <Asset>
                          <Asset>
                          <Asset>
                          <Asset>
                          <Asset>
                          <Asset>
                          <Asset>
                          <Asset>
                          <Asset>
                          <Asset>
                          <Asset tag="style" attrs={{id:"twilig...", ...}} nonce={undefined}>
                            <style
+                             id="twilight-loading"
-                             id={null}
                              nonce={undefined}
                              dangerouslySetInnerHTML={{
+                               __html: ".loading-overlay{position:fixed;inset:0;display:flex;align-items:center;justi..."
-                               __html: "salla-mini-checkout-modal,salla-mini-checkout-widget{visibility:hidden}.hydra..."
                              }}
-                             data-styles=""
                            >
                          ...
                      ...
 @ http://localhost:5200/@vite/client:532
[    2340ms] [LOG] allowed_pages: [thank-you] @ :10
[    2340ms] [LOG] title: شاهدتها مؤخرا @ :11
[    2340ms] [LOG] limit: 32 @ :12
[    9156ms] [WARNING] The resource https://cdn.assets.salla.network/themes/customization/1888890798/1298199463/499745075.js?v=17898351681 was preloaded using link preload but not used within a few seconds from the window's load event. Please make sure it has an appropriate `as` value and it is preloaded intentionally. @ http://localhost:5200/optimal-x/%D8%B4%D9%88%D9%81%D8%A7%D9%86-%D8%B3%D8%B1%D9%8A%D8%B9-%D8%A7%D9%84%D8%AA%D8%AD%D8%B6%D9%8A%D8%B1-1-%D9%83%D8%AC%D9%85-%D9%85%D8%A7%D9%8A-%D8%A8%D8%B1%D9%88%D8%AA%D9%8A%D9%86/p1746003438:0
[   72890ms] [WARNING] The resource https://cdn.assets.salla.network/themes/customization/1888890798/1298199463/499745075.js?v=17898351681 was preloaded using link preload but not used within a few seconds from the window's load event. Please make sure it has an appropriate `as` value and it is preloaded intentionally. @ http://localhost:5200/optimal-x/%D8%B4%D9%88%D9%81%D8%A7%D9%86-%D8%B3%D8%B1%D9%8A%D8%B9-%D8%A7%D9%84%D8%AA%D8%AD%D8%B6%D9%8A%D8%B1-1-%D9%83%D8%AC%D9%85-%D9%85%D8%A7%D9%8A-%D8%A8%D8%B1%D9%88%D8%AA%D9%8A%D9%86/p1746003438:0
[   79508ms] [WARNING] The resource https://cdn.assets.salla.network/themes/customization/1888890798/1298199463/499745075.js?v=17898351681 was preloaded using link preload but not used within a few seconds from the window's load event. Please make sure it has an appropriate `as` value and it is preloaded intentionally. @ http://localhost:5200/optimal-x/%D8%B4%D9%88%D9%81%D8%A7%D9%86-%D8%B3%D8%B1%D9%8A%D8%B9-%D8%A7%D9%84%D8%AA%D8%AD%D8%B6%D9%8A%D8%B1-1-%D9%83%D8%AC%D9%85-%D9%85%D8%A7%D9%8A-%D8%A8%D8%B1%D9%88%D8%AA%D9%8A%D9%86/p1746003438:0
[   95457ms] [WARNING] The resource https://cdn.assets.salla.network/themes/customization/1888890798/1298199463/499745075.js?v=17898351681 was preloaded using link preload but not used within a few seconds from the window's load event. Please make sure it has an appropriate `as` value and it is preloaded intentionally. @ http://localhost:5200/optimal-x/%D8%B4%D9%88%D9%81%D8%A7%D9%86-%D8%B3%D8%B1%D9%8A%D8%B9-%D8%A7%D9%84%D8%AA%D8%AD%D8%B6%D9%8A%D8%B1-1-%D9%83%D8%AC%D9%85-%D9%85%D8%A7%D9%8A-%D8%A8%D8%B1%D9%88%D8%AA%D9%8A%D9%86/p1746003438:0
[  110029ms] [WARNING] The resource https://cdn.assets.salla.network/themes/customization/1888890798/1298199463/499745075.js?v=17898351681 was preloaded using link preload but not used within a few seconds from the window's load event. Please make sure it has an appropriate `as` value and it is preloaded intentionally. @ http://localhost:5200/optimal-x/%D8%B4%D9%88%D9%81%D8%A7%D9%86-%D8%B3%D8%B1%D9%8A%D8%B9-%D8%A7%D9%84%D8%AA%D8%AD%D8%B6%D9%8A%D8%B1-1-%D9%83%D8%AC%D9%85-%D9%85%D8%A7%D9%8A-%D8%A8%D8%B1%D9%88%D8%AA%D9%8A%D9%86/p1746003438:0
[  118273ms] [WARNING] The resource https://cdn.assets.salla.network/themes/customization/1888890798/1298199463/499745075.js?v=17898351681 was preloaded using link preload but not used within a few seconds from the window's load event. Please make sure it has an appropriate `as` value and it is preloaded intentionally. @ http://localhost:5200/optimal-x/%D8%B4%D9%88%D9%81%D8%A7%D9%86-%D8%B3%D8%B1%D9%8A%D8%B9-%D8%A7%D9%84%D8%AA%D8%AD%D8%B6%D9%8A%D8%B1-1-%D9%83%D8%AC%D9%85-%D9%85%D8%A7%D9%8A-%D8%A8%D8%B1%D9%88%D8%AA%D9%8A%D9%86/p1746003438:0
[  154374ms] [WARNING] The resource https://cdn.assets.salla.network/themes/customization/1888890798/1298199463/499745075.js?v=17898351681 was preloaded using link preload but not used within a few seconds from the window's load event. Please make sure it has an appropriate `as` value and it is preloaded intentionally. @ http://localhost:5200/optimal-x/%D8%B4%D9%88%D9%81%D8%A7%D9%86-%D8%B3%D8%B1%D9%8A%D8%B9-%D8%A7%D9%84%D8%AA%D8%AD%D8%B6%D9%8A%D8%B1-1-%D9%83%D8%AC%D9%85-%D9%85%D8%A7%D9%8A-%D8%A8%D8%B1%D9%88%D8%AA%D9%8A%D9%86/p1746003438:0
[  161987ms] [WARNING] The resource https://cdn.assets.salla.network/themes/customization/1888890798/1298199463/499745075.js?v=17898351681 was preloaded using link preload but not used within a few seconds from the window's load event. Please make sure it has an appropriate `as` value and it is preloaded intentionally. @ http://localhost:5200/optimal-x/%D8%B4%D9%88%D9%81%D8%A7%D9%86-%D8%B3%D8%B1%D9%8A%D8%B9-%D8%A7%D9%84%D8%AA%D8%AD%D8%B6%D9%8A%D8%B1-1-%D9%83%D8%AC%D9%85-%D9%85%D8%A7%D9%8A-%D8%A8%D8%B1%D9%88%D8%AA%D9%8A%D9%86/p1746003438:0
[  166990ms] [ERROR] %o

%s

%s
 ReferenceError: ExpiryLine is not defined
    at ProductPage (http://localhost:5200/app/components/product/ProductPage.tsx?t=1789858490715:226:67)
    at Object.react_stack_bottom_frame (http://localhost:5200/node_modules/.vite/deps/react-dom_client.js?v=c58539c0:12866:12)
    at renderWithHooks (http://localhost:5200/node_modules/.vite/deps/react-dom_client.js?v=c58539c0:4213:19)
    at updateFunctionComponent (http://localhost:5200/node_modules/.vite/deps/react-dom_client.js?v=c58539c0:5569:16)
    at beginWork (http://localhost:5200/node_modules/.vite/deps/react-dom_client.js?v=c58539c0:6140:20)
    at runWithFiberInDEV (http://localhost:5200/node_modules/.vite/deps/react-dom_client.js?v=c58539c0:851:66)
    at performUnitOfWork (http://localhost:5200/node_modules/.vite/deps/react-dom_client.js?v=c58539c0:8429:92)
    at workLoopSync (http://localhost:5200/node_modules/.vite/deps/react-dom_client.js?v=c58539c0:8325:37)
    at renderRootSync (http://localhost:5200/node_modules/.vite/deps/react-dom_client.js?v=c58539c0:8309:6)
    at performWorkOnRoot (http://localhost:5200/node_modules/.vite/deps/react-dom_client.js?v=c58539c0:7994:27) The above error occurred in the <ProductPage> component. React will try to recreate this component tree from scratch using the error boundary you provided, CatchBoundary. @ http://localhost:5200/@vite/client:532
[  166995ms] [WARNING] Warning: Error in route match: /{-$locale}/$slug/p{$id}/%D8%B4%D9%88%D9%81%D8%A7%D9%86-%D8%B3%D8%B1%D9%8A%D8%B9-%D8%A7%D9%84%D8%AA%D8%AD%D8%B6%D9%8A%D8%B1-1-%D9%83%D8%AC%D9%85-%D9%85%D8%A7%D9%8A-%D8%A8%D8%B1%D9%88%D8%AA%D9%8A%D9%86/p1746003438 @ http://localhost:5200/@vite/client:532
[  170371ms] [WARNING] The resource https://cdn.assets.salla.network/themes/customization/1888890798/1298199463/499745075.js?v=17898351681 was preloaded using link preload but not used within a few seconds from the window's load event. Please make sure it has an appropriate `as` value and it is preloaded intentionally. @ http://localhost:5200/optimal-x/%D8%B4%D9%88%D9%81%D8%A7%D9%86-%D8%B3%D8%B1%D9%8A%D8%B9-%D8%A7%D9%84%D8%AA%D8%AD%D8%B6%D9%8A%D8%B1-1-%D9%83%D8%AC%D9%85-%D9%85%D8%A7%D9%8A-%D8%A8%D8%B1%D9%88%D8%AA%D9%8A%D9%86/p1746003438:0
[  174658ms] [ERROR] %o

%s

%s
 ReferenceError: ExpiryLine is not defined
    at ProductPage (http://localhost:5200/app/components/product/ProductPage.tsx?t=1789858491382:226:67)
    at Object.react_stack_bottom_frame (http://localhost:5200/node_modules/.vite/deps/react-dom_client.js?v=c58539c0:12866:12)
    at renderWithHooks (http://localhost:5200/node_modules/.vite/deps/react-dom_client.js?v=c58539c0:4213:19)
    at updateFunctionComponent (http://localhost:5200/node_modules/.vite/deps/react-dom_client.js?v=c58539c0:5569:16)
    at beginWork (http://localhost:5200/node_modules/.vite/deps/react-dom_client.js?v=c58539c0:6140:20)
    at runWithFiberInDEV (http://localhost:5200/node_modules/.vite/deps/react-dom_client.js?v=c58539c0:851:66)
    at performUnitOfWork (http://localhost:5200/node_modules/.vite/deps/react-dom_client.js?v=c58539c0:8429:92)
    at workLoopSync (http://localhost:5200/node_modules/.vite/deps/react-dom_client.js?v=c58539c0:8325:37)
    at renderRootSync (http://localhost:5200/node_modules/.vite/deps/react-dom_client.js?v=c58539c0:8309:6)
    at performWorkOnRoot (http://localhost:5200/node_modules/.vite/deps/react-dom_client.js?v=c58539c0:7994:27) The above error occurred in the <ProductPage> component. React will try to recreate this component tree from scratch using the error boundary you provided, CatchBoundary. @ http://localhost:5200/@vite/client:532
[  174667ms] [WARNING] Warning: Error in route match: /{-$locale}/$slug/p{$id}/%D8%B4%D9%88%D9%81%D8%A7%D9%86-%D8%B3%D8%B1%D9%8A%D8%B9-%D8%A7%D9%84%D8%AA%D8%AD%D8%B6%D9%8A%D8%B1-1-%D9%83%D8%AC%D9%85-%D9%85%D8%A7%D9%8A-%D8%A8%D8%B1%D9%88%D8%AA%D9%8A%D9%86/p1746003438 @ http://localhost:5200/@vite/client:532
[  177759ms] [WARNING] The resource https://cdn.assets.salla.network/themes/customization/1888890798/1298199463/499745075.js?v=17898351681 was preloaded using link preload but not used within a few seconds from the window's load event. Please make sure it has an appropriate `as` value and it is preloaded intentionally. @ http://localhost:5200/optimal-x/%D8%B4%D9%88%D9%81%D8%A7%D9%86-%D8%B3%D8%B1%D9%8A%D8%B9-%D8%A7%D9%84%D8%AA%D8%AD%D8%B6%D9%8A%D8%B1-1-%D9%83%D8%AC%D9%85-%D9%85%D8%A7%D9%8A-%D8%A8%D8%B1%D9%88%D8%AA%D9%8A%D9%86/p1746003438:0
[  185640ms] [WARNING] The resource https://cdn.assets.salla.network/themes/customization/1888890798/1298199463/499745075.js?v=17898351681 was preloaded using link preload but not used within a few seconds from the window's load event. Please make sure it has an appropriate `as` value and it is preloaded intentionally. @ http://localhost:5200/optimal-x/%D8%B4%D9%88%D9%81%D8%A7%D9%86-%D8%B3%D8%B1%D9%8A%D8%B9-%D8%A7%D9%84%D8%AA%D8%AD%D8%B6%D9%8A%D8%B1-1-%D9%83%D8%AC%D9%85-%D9%85%D8%A7%D9%8A-%D8%A8%D8%B1%D9%88%D8%AA%D9%8A%D9%86/p1746003438:0
[  192913ms] [WARNING] The resource https://cdn.assets.salla.network/themes/customization/1888890798/1298199463/499745075.js?v=17898351681 was preloaded using link preload but not used within a few seconds from the window's load event. Please make sure it has an appropriate `as` value and it is preloaded intentionally. @ http://localhost:5200/optimal-x/%D8%B4%D9%88%D9%81%D8%A7%D9%86-%D8%B3%D8%B1%D9%8A%D8%B9-%D8%A7%D9%84%D8%AA%D8%AD%D8%B6%D9%8A%D8%B1-1-%D9%83%D8%AC%D9%85-%D9%85%D8%A7%D9%8A-%D8%A8%D8%B1%D9%88%D8%AA%D9%8A%D9%86/p1746003438:0
[  198647ms] [WARNING] The resource https://cdn.assets.salla.network/themes/customization/1888890798/1298199463/499745075.js?v=17898351681 was preloaded using link preload but not used within a few seconds from the window's load event. Please make sure it has an appropriate `as` value and it is preloaded intentionally. @ http://localhost:5200/optimal-x/%D8%B4%D9%88%D9%81%D8%A7%D9%86-%D8%B3%D8%B1%D9%8A%D8%B9-%D8%A7%D9%84%D8%AA%D8%AD%D8%B6%D9%8A%D8%B1-1-%D9%83%D8%AC%D9%85-%D9%85%D8%A7%D9%8A-%D8%A8%D8%B1%D9%88%D8%AA%D9%8A%D9%86/p1746003438:0
[  205284ms] [WARNING] The resource https://cdn.assets.salla.network/themes/customization/1888890798/1298199463/499745075.js?v=17898351681 was preloaded using link preload but not used within a few seconds from the window's load event. Please make sure it has an appropriate `as` value and it is preloaded intentionally. @ http://localhost:5200/optimal-x/%D8%B4%D9%88%D9%81%D8%A7%D9%86-%D8%B3%D8%B1%D9%8A%D8%B9-%D8%A7%D9%84%D8%AA%D8%AD%D8%B6%D9%8A%D8%B1-1-%D9%83%D8%AC%D9%85-%D9%85%D8%A7%D9%8A-%D8%A8%D8%B1%D9%88%D8%AA%D9%8A%D9%86/p1746003438:0
[  211765ms] [WARNING] The resource https://cdn.assets.salla.network/themes/customization/1888890798/1298199463/499745075.js?v=17898351681 was preloaded using link preload but not used within a few seconds from the window's load event. Please make sure it has an appropriate `as` value and it is preloaded intentionally. @ http://localhost:5200/optimal-x/%D8%B4%D9%88%D9%81%D8%A7%D9%86-%D8%B3%D8%B1%D9%8A%D8%B9-%D8%A7%D9%84%D8%AA%D8%AD%D8%B6%D9%8A%D8%B1-1-%D9%83%D8%AC%D9%85-%D9%85%D8%A7%D9%8A-%D8%A8%D8%B1%D9%88%D8%AA%D9%8A%D9%86/p1746003438:0
[  217959ms] [WARNING] The resource https://cdn.assets.salla.network/themes/customization/1888890798/1298199463/499745075.js?v=17898351681 was preloaded using link preload but not used within a few seconds from the window's load event. Please make sure it has an appropriate `as` value and it is preloaded intentionally. @ http://localhost:5200/optimal-x/%D8%B4%D9%88%D9%81%D8%A7%D9%86-%D8%B3%D8%B1%D9%8A%D8%B9-%D8%A7%D9%84%D8%AA%D8%AD%D8%B6%D9%8A%D8%B1-1-%D9%83%D8%AC%D9%85-%D9%85%D8%A7%D9%8A-%D8%A8%D8%B1%D9%88%D8%AA%D9%8A%D9%86/p1746003438:0
[  224612ms] [WARNING] The resource https://cdn.assets.salla.network/themes/customization/1888890798/1298199463/499745075.js?v=17898351681 was preloaded using link preload but not used within a few seconds from the window's load event. Please make sure it has an appropriate `as` value and it is preloaded intentionally. @ http://localhost:5200/optimal-x/%D8%B4%D9%88%D9%81%D8%A7%D9%86-%D8%B3%D8%B1%D9%8A%D8%B9-%D8%A7%D9%84%D8%AA%D8%AD%D8%B6%D9%8A%D8%B1-1-%D9%83%D8%AC%D9%85-%D9%85%D8%A7%D9%8A-%D8%A8%D8%B1%D9%88%D8%AA%D9%8A%D9%86/p1746003438:0
[  231421ms] [WARNING] The resource https://cdn.assets.salla.network/themes/customization/1888890798/1298199463/499745075.js?v=17898351681 was preloaded using link preload but not used within a few seconds from the window's load event. Please make sure it has an appropriate `as` value and it is preloaded intentionally. @ http://localhost:5200/optimal-x/%D8%B4%D9%88%D9%81%D8%A7%D9%86-%D8%B3%D8%B1%D9%8A%D8%B9-%D8%A7%D9%84%D8%AA%D8%AD%D8%B6%D9%8A%D8%B1-1-%D9%83%D8%AC%D9%85-%D9%85%D8%A7%D9%8A-%D8%A8%D8%B1%D9%88%D8%AA%D9%8A%D9%86/p1746003438:0
[  246154ms] [WARNING] The resource https://cdn.assets.salla.network/themes/customization/1888890798/1298199463/499745075.js?v=17898351681 was preloaded using link preload but not used within a few seconds from the window's load event. Please make sure it has an appropriate `as` value and it is preloaded intentionally. @ http://localhost:5200/optimal-x/%D8%B4%D9%88%D9%81%D8%A7%D9%86-%D8%B3%D8%B1%D9%8A%D8%B9-%D8%A7%D9%84%D8%AA%D8%AD%D8%B6%D9%8A%D8%B1-1-%D9%83%D8%AC%D9%85-%D9%85%D8%A7%D9%8A-%D8%A8%D8%B1%D9%88%D8%AA%D9%8A%D9%86/p1746003438:0
[  254475ms] [WARNING] The resource https://cdn.assets.salla.network/themes/customization/1888890798/1298199463/499745075.js?v=17898351681 was preloaded using link preload but not used within a few seconds from the window's load event. Please make sure it has an appropriate `as` value and it is preloaded intentionally. @ http://localhost:5200/optimal-x/%D8%B4%D9%88%D9%81%D8%A7%D9%86-%D8%B3%D8%B1%D9%8A%D8%B9-%D8%A7%D9%84%D8%AA%D8%AD%D8%B6%D9%8A%D8%B1-1-%D9%83%D8%AC%D9%85-%D9%85%D8%A7%D9%8A-%D8%A8%D8%B1%D9%88%D8%AA%D9%8A%D9%86/p1746003438:0
[  261199ms] [WARNING] The resource https://cdn.assets.salla.network/themes/customization/1888890798/1298199463/499745075.js?v=17898351681 was preloaded using link preload but not used within a few seconds from the window's load event. Please make sure it has an appropriate `as` value and it is preloaded intentionally. @ http://localhost:5200/optimal-x/%D8%B4%D9%88%D9%81%D8%A7%D9%86-%D8%B3%D8%B1%D9%8A%D8%B9-%D8%A7%D9%84%D8%AA%D8%AD%D8%B6%D9%8A%D8%B1-1-%D9%83%D8%AC%D9%85-%D9%85%D8%A7%D9%8A-%D8%A8%D8%B1%D9%88%D8%AA%D9%8A%D9%86/p1746003438:0
[  267097ms] [WARNING] The resource https://cdn.assets.salla.network/themes/customization/1888890798/1298199463/499745075.js?v=17898351681 was preloaded using link preload but not used within a few seconds from the window's load event. Please make sure it has an appropriate `as` value and it is preloaded intentionally. @ http://localhost:5200/optimal-x/%D8%B4%D9%88%D9%81%D8%A7%D9%86-%D8%B3%D8%B1%D9%8A%D8%B9-%D8%A7%D9%84%D8%AA%D8%AD%D8%B6%D9%8A%D8%B1-1-%D9%83%D8%AC%D9%85-%D9%85%D8%A7%D9%8A-%D8%A8%D8%B1%D9%88%D8%AA%D9%8A%D9%86/p1746003438:0
[  277244ms] [WARNING] The resource https://cdn.assets.salla.network/themes/customization/1888890798/1298199463/499745075.js?v=17898351681 was preloaded using link preload but not used within a few seconds from the window's load event. Please make sure it has an appropriate `as` value and it is preloaded intentionally. @ http://localhost:5200/optimal-x/%D8%B4%D9%88%D9%81%D8%A7%D9%86-%D8%B3%D8%B1%D9%8A%D8%B9-%D8%A7%D9%84%D8%AA%D8%AD%D8%B6%D9%8A%D8%B1-1-%D9%83%D8%AC%D9%85-%D9%85%D8%A7%D9%8A-%D8%A8%D8%B1%D9%88%D8%AA%D9%8A%D9%86/p1746003438:0
[  287556ms] [WARNING] The resource https://cdn.assets.salla.network/themes/customization/1888890798/1298199463/499745075.js?v=17898351681 was preloaded using link preload but not used within a few seconds from the window's load event. Please make sure it has an appropriate `as` value and it is preloaded intentionally. @ http://localhost:5200/optimal-x/%D8%B4%D9%88%D9%81%D8%A7%D9%86-%D8%B3%D8%B1%D9%8A%D8%B9-%D8%A7%D9%84%D8%AA%D8%AD%D8%B6%D9%8A%D8%B1-1-%D9%83%D8%AC%D9%85-%D9%85%D8%A7%D9%8A-%D8%A8%D8%B1%D9%88%D8%AA%D9%8A%D9%86/p1746003438:0
[  333515ms] [INFO] %cDownload the React DevTools for a better development experience: https://react.dev/link/react-devtools font-weight:bold @ http://localhost:5200/node_modules/.vite/deps/react-dom_client.js?v=c58539c0:14335
[  333723ms] [WARNING] [Twilight] Could not hydrate twilight context: no root match in router state @ http://localhost:5200/@vite/client:532
[  334296ms] Error: Hydration failed because the server rendered HTML didn't match the client. As a result this tree will be regenerated on the client. This can happen if a SSR-ed Client Component used:

- A server/client branch `if (typeof window !== 'undefined')`.
- Variable input such as `Date.now()` or `Math.random()` which changes each time it's called.
- Date formatting in a user's locale which doesn't match the server.
- External changing data without sending a snapshot of it along with the HTML.
- Invalid HTML tag nesting.

It can also happen if the client has a browser extension installed which messes with the HTML before React loaded.

https://react.dev/link/hydration-mismatch

  ...
    <body suppressHydrationWarning={true}>
      <noscript>
      <TwilightProvider translations={{ar.trans:{...}, ...}} layout={function OptimalXLayout}>
        <DocumentClassProvider>
          <I18nProvider i18nInstance={{observers:{}, ...}} themeTranslations={{ar.trans:{...}, ...}}>
            <I18nextProvider i18n={{observers:{}, ...}}>
              <ThemeDocumentSync>
              <TanStackDocumentSync>
              <NavigationSetup>
                <NavigationProvider navigate={function}>
                  <LinkProvider adapter={{...}}>
                    <WidgetHead>
                    <AppsSnippets>
                      <script
+                       src="https://cdn.portal.files.salla.network/snippets/prod/691365818/634884746.js"
-                       src={null}
+                       defer={true}
-                       defer={null}
+                       data-scope-id="1496036480"
-                       data-scope-id={null}
+                       data-snippet-id="13609"
-                       data-snippet-id={null}
-                       type="application/ld+json"
                      >
-                       {"{\"@context\":\"https://schema.org\",\"@graph\":[{\"@type\":\"Organization\",\"@id\":\"htt..."}
                    ...
          ...
      ...

    at throwOnHydrationMismatch (http://localhost:5200/node_modules/.vite/deps/react-dom_client.js?v=c58539c0:2968:51)
    at popHydrationState (http://localhost:5200/node_modules/.vite/deps/react-dom_client.js?v=c58539c0:3051:5)
    at completeWork (http://localhost:5200/node_modules/.vite/deps/react-dom_client.js?v=c58539c0:6332:11)
    at runWithFiberInDEV (http://localhost:5200/node_modules/.vite/deps/react-dom_client.js?v=c58539c0:851:66)
    at completeUnitOfWork (http://localhost:5200/node_modules/.vite/deps/react-dom_client.js?v=c58539c0:8492:15)
    at performUnitOfWork (http://localhost:5200/node_modules/.vite/deps/react-dom_client.js?v=c58539c0:8431:23)
    at workLoopConcurrentByScheduler (http://localhost:5200/node_modules/.vite/deps/react-dom_client.js?v=c58539c0:8425:55)
    at renderRootConcurrent (http://localhost:5200/node_modules/.vite/deps/react-dom_client.js?v=c58539c0:8408:64)
    at performWorkOnRoot (http://localhost:5200/node_modules/.vite/deps/react-dom_client.js?v=c58539c0:7957:145)
    at performWorkOnRootViaSchedulerTask (http://localhost:5200/node_modules/.vite/deps/react-dom_client.js?v=c58539c0:9059:4)
[  338622ms] [WARNING] The resource https://cdn.assets.salla.network/themes/customization/1888890798/1298199463/499745075.js?v=17898351681 was preloaded using link preload but not used within a few seconds from the window's load event. Please make sure it has an appropriate `as` value and it is preloaded intentionally. @ http://localhost:5200/optimal-x/%D8%B4%D9%88%D9%81%D8%A7%D9%86-%D8%B3%D8%B1%D9%8A%D8%B9-%D8%A7%D9%84%D8%AA%D8%AD%D8%B6%D9%8A%D8%B1-1-%D9%83%D8%AC%D9%85-%D9%85%D8%A7%D9%8A-%D8%A8%D8%B1%D9%88%D8%AA%D9%8A%D9%86/p1746003438:0
[  351849ms] [ERROR] Failed to load resource: the server responded with a status of 500 (Internal Server Error) @ http://localhost:5200/optimal-x/%D8%B4%D9%88%D9%81%D8%A7%D9%86-%D8%B3%D8%B1%D9%8A%D8%B9-%D8%A7%D9%84%D8%AA%D8%AD%D8%B6%D9%8A%D8%B1-1-%D9%83%D8%AC%D9%85-%D9%85%D8%A7%D9%8A-%D8%A8%D8%B1%D9%88%D8%AA%D9%8A%D9%86/p1746003438:0
[  386902ms] [INFO] %cDownload the React DevTools for a better development experience: https://react.dev/link/react-devtools font-weight:bold @ http://localhost:5200/node_modules/.vite/deps/react-dom_client.js?v=c58539c0:14335
[  387006ms] [WARNING] [Twilight] Could not hydrate twilight context: no root match in router state @ http://localhost:5200/@vite/client:532
[  387292ms] Error: Hydration failed because the server rendered HTML didn't match the client. As a result this tree will be regenerated on the client. This can happen if a SSR-ed Client Component used:

- A server/client branch `if (typeof window !== 'undefined')`.
- Variable input such as `Date.now()` or `Math.random()` which changes each time it's called.
- Date formatting in a user's locale which doesn't match the server.
- External changing data without sending a snapshot of it along with the HTML.
- Invalid HTML tag nesting.

It can also happen if the client has a browser extension installed which messes with the HTML before React loaded.

https://react.dev/link/hydration-mismatch

  ...
    <QueryClientProvider client={{}}>
      <Matches>
        <Transitioner>
        <SafeFragment fallback={<Context>}>
          <MatchesInner>
            <CatchBoundary getResetKey={function getResetKey} onCatch={function}>
              <MatchImpl routeId="__root__">
                <MatchView router={{...}} match={{id:"__root__/", ...}}>
                  <RootComponent>
                    <html lang="ar" dir="rtl" suppressHydrationWarning={true}>
                      <head>
                        <meta>
                        <meta>
                        <meta>
                        <HeadContent>
                          <Asset>
                          <Asset>
                          <Asset>
                          <Asset>
                          <Asset>
                          <Asset>
                          <Asset>
                          <Asset>
                          <Asset>
                          <Asset>
                          <Asset>
                          <Asset>
                          <Asset>
                          <Asset>
                          <Asset>
                          <Asset>
                          <Asset>
                          <Asset>
                          <Asset>
                          <Asset>
                          <Asset>
                          <Asset>
                          <Asset>
                          <Asset>
                          <Asset>
                          <Asset>
                          <Asset>
                          <Asset>
                          <Asset>
                          <Asset tag="style" attrs={{id:"twilig...", ...}} nonce={undefined}>
                            <style
+                             id="twilight-loading"
-                             id={null}
                              nonce={undefined}
                              dangerouslySetInnerHTML={{
+                               __html: ".loading-overlay{position:fixed;inset:0;display:flex;align-items:center;justi..."
-                               __html: "slot-fb{display:contents}slot-fb[hidden]{display:none}salla-accordion,salla-a..."
                              }}
-                             data-styles=""
                            >
                          ...
                      ...
                        <NavigationProvider navigate={function}>
                          <LinkProvider adapter={{...}}>
                            <WidgetHead>
                            <AppsSnippets>
                              <script
+                               src="https://cdn.portal.files.salla.network/snippets/prod/691365818/634884746.js"
-                               src={null}
+                               defer={true}
-                               defer={null}
+                               data-scope-id="1496036480"
-                               data-scope-id={null}
+                               data-snippet-id="13609"
-                               data-snippet-id={null}
-                               type="application/ld+json"
                              >
-                               {"{\"@context\":\"https://schema.org\",\"@graph\":[{\"@type\":\"Organization\",\"@id..."}
                            ...

    at throwOnHydrationMismatch (http://localhost:5200/node_modules/.vite/deps/react-dom_client.js?v=c58539c0:2968:51)
    at popHydrationState (http://localhost:5200/node_modules/.vite/deps/react-dom_client.js?v=c58539c0:3051:5)
    at completeWork (http://localhost:5200/node_modules/.vite/deps/react-dom_client.js?v=c58539c0:6332:11)
    at runWithFiberInDEV (http://localhost:5200/node_modules/.vite/deps/react-dom_client.js?v=c58539c0:851:66)
    at completeUnitOfWork (http://localhost:5200/node_modules/.vite/deps/react-dom_client.js?v=c58539c0:8492:15)
    at performUnitOfWork (http://localhost:5200/node_modules/.vite/deps/react-dom_client.js?v=c58539c0:8431:23)
    at workLoopConcurrentByScheduler (http://localhost:5200/node_modules/.vite/deps/react-dom_client.js?v=c58539c0:8425:55)
    at renderRootConcurrent (http://localhost:5200/node_modules/.vite/deps/react-dom_client.js?v=c58539c0:8408:64)
    at performWorkOnRoot (http://localhost:5200/node_modules/.vite/deps/react-dom_client.js?v=c58539c0:7957:145)
    at performWorkOnRootViaSchedulerTask (http://localhost:5200/node_modules/.vite/deps/react-dom_client.js?v=c58539c0:9059:4)
[  387467ms] [LOG] allowed_pages: [thank-you] @ :10
[  387468ms] [LOG] title: undefined @ :11
[  387468ms] [LOG] limit: 32 @ :12
